Archive member included because of file (symbol)

/Users/dciliske/nndk/lib/MOD5441X.a(bsp.o)
                              /Applications/NetBurner/gcc-m68k/bin/../lib/gcc/m68k-elf/4.2.1/../../../../m68k-elf/lib/m5206e/nb-crt0.o (atexit)
/Users/dciliske/nndk/lib/MOD5441X.a(flash.o)
                              /Users/dciliske/nndk/lib/MOD5441X.a(bsp.o) (FlashErase)
/Users/dciliske/nndk/lib/MOD5441X.a(pins.o)
                              ./servo.o (_ZN5PinIO8functionEi)
/Users/dciliske/nndk/lib/NetBurner.a(ucosmcfa.o)
                              /Users/dciliske/nndk/lib/MOD5441X.a(bsp.o) (OSCtxSw)
/Users/dciliske/nndk/lib/NetBurner.a(software_init.o)
                              /Applications/NetBurner/gcc-m68k/bin/../lib/gcc/m68k-elf/4.2.1/../../../../m68k-elf/lib/m5206e/nb-crt0.o (software_init_hook)
/Users/dciliske/nndk/lib/NetBurner.a(ucos.o)
                              /Users/dciliske/nndk/lib/NetBurner.a(ucosmcfa.o) (OSIntNesting)
/Users/dciliske/nndk/lib/NetBurner.a(debugtrap.o)
                              /Users/dciliske/nndk/lib/MOD5441X.a(bsp.o) (SetAddressReadRangeTrap)
/Users/dciliske/nndk/lib/NetBurner.a(ucosmain.o)
                              /Users/dciliske/nndk/lib/NetBurner.a(ucos.o) (OSTCBTbl)
/Users/dciliske/nndk/lib/NetBurner.a(fileio.o)
                              /Users/dciliske/nndk/lib/NetBurner.a(ucosmain.o) (ioctl)
/Users/dciliske/nndk/lib/NetBurner.a(main.o)
                              /Applications/NetBurner/gcc-m68k/bin/../lib/gcc/m68k-elf/4.2.1/../../../../m68k-elf/lib/m5206e/nb-crt0.o (main)
/Users/dciliske/nndk/lib/NetBurner.a(tcp.o)
                              /Users/dciliske/nndk/lib/NetBurner.a(fileio.o) (_Socket_Private_read)
/Users/dciliske/nndk/lib/NetBurner.a(iosys.o)
                              /Users/dciliske/nndk/lib/NetBurner.a(tcp.o) (FD_ZERO)
/Users/dciliske/nndk/lib/NetBurner.a(netinterface.o)
                              /Users/dciliske/nndk/lib/NetBurner.a(tcp.o) (_Z17GetFirstInterfacev)
/Users/dciliske/nndk/lib/NetBurner.a(smarttrap.o)
                              /Users/dciliske/nndk/lib/MOD5441X.a(bsp.o) (smart_trap_asm)
/Users/dciliske/nndk/lib/NetBurner.a(device.o)
                              /Users/dciliske/nndk/lib/NetBurner.a(main.o) (DeviceInitializeSem)
/Users/dciliske/nndk/lib/NetBurner.a(release_tag.o)
                              ./main.o (GetReleaseTag)
/Users/dciliske/nndk/lib/NetBurner.a(release_tagdata.o)
                              /Users/dciliske/nndk/lib/NetBurner.a(release_tag.o) (rtag_len)
/Users/dciliske/nndk/lib/NetBurner.a(init.o)
                              ./main.o (_Z4initv)
/Users/dciliske/nndk/lib/NetBurner.a(nbiprintf.o)
                              ./main.o (iprintf)
/Users/dciliske/nndk/lib/NetBurner.a(nbprintf.o)
                              ./main.o (printf)
/Users/dciliske/nndk/lib/NetBurner.a(ucosmcfc.o)
                              /Users/dciliske/nndk/lib/NetBurner.a(ucos.o) (OSTaskCreatewName)
/Users/dciliske/nndk/lib/NetBurner.a(system.o)
                              /Users/dciliske/nndk/lib/NetBurner.a(netinterface.o) (RawGetConfig)
/Users/dciliske/nndk/lib/NetBurner.a(utils.o)
                              /Users/dciliske/nndk/lib/NetBurner.a(system.o) (AsciiToIp)
/Users/dciliske/nndk/lib/NetBurner.a(ip.o)
                              /Users/dciliske/nndk/lib/NetBurner.a(tcp.o) (GetSum)
/Users/dciliske/nndk/lib/NetBurner.a(buffers.o)
                              /Users/dciliske/nndk/lib/NetBurner.a(tcp.o) (IncUsageCount)
/Users/dciliske/nndk/lib/NetBurner.a(arp.o)
                              /Users/dciliske/nndk/lib/NetBurner.a(ip.o) (wArpLifetime)
/Users/dciliske/nndk/lib/NetBurner.a(udp.o)
                              /Users/dciliske/nndk/lib/NetBurner.a(ip.o) (_Z11process_udpP11pool_bufferP5IPPKTt)
/Users/dciliske/nndk/lib/NetBurner.a(autoip.o)
                              /Users/dciliske/nndk/lib/NetBurner.a(arp.o) (_ZN12AutoIPClient16addressCollisionEv)
/Users/dciliske/nndk/lib/NetBurner.a(dhcpc.o)
                              /Users/dciliske/nndk/lib/NetBurner.a(init.o) (_Z25GetDHCPAddressIfNecessaryib)
/Users/dciliske/nndk/lib/NetBurner.a(defappname.o)
                              /Users/dciliske/nndk/lib/NetBurner.a(udp.o) (AppName)
/Users/dciliske/nndk/lib/NetBurner.a(taskmon.o)
                              /Users/dciliske/nndk/lib/NetBurner.a(init.o) (_Z17EnableTaskMonitorv)
/Users/dciliske/nndk/lib/NetBurner.a(autoupdate.o)
                              /Users/dciliske/nndk/lib/NetBurner.a(init.o) (EnableAutoUpdate)
/Users/dciliske/nndk/lib/NetBurner.a(nbfloatprint.o)
                              /Users/dciliske/nndk/lib/NetBurner.a(nbprintf.o) (_Z14TheFloatPrintfcPFbPvPKciES_dR7pfstate)
/Users/dciliske/nndk/lib/NetBurner.a(nbsiprintf.o)
                              /Users/dciliske/nndk/lib/NetBurner.a(utils.o) (sniprintf)
/Users/dciliske/nndk/lib/NetBurner.a(new_ops.o)
                              /Users/dciliske/nndk/lib/NetBurner.a(autoip.o) (_Znwm)
[...]
Memory Configuration

Name             Origin             Length             Attributes
ram              0x0000000040000400 0x0000000003fffcff xrw
SRAM             0x0000000080000400 0x000000000000fbf0 xrw
*default*        0x0000000000000000 0xffffffffffffffff

Linker script and memory map

LOAD /Applications/NetBurner/gcc-m68k/bin/../lib/gcc/m68k-elf/4.2.1/../../../../m68k-elf/lib/m5206e/nb-crt0.o
LOAD /Applications/NetBurner/gcc-m68k/bin/../lib/gcc/m68k-elf/4.2.1/m5206e/crtbegin.o
LOAD /Users/dciliske/nndk/MOD5441X/lib/sys.ld
                0x0000000040000000                ovector_base = 0x40000000
                0x0000000080000000                vector_base = 0x80000000
                0x0000000080000400                SRAM_START_ADDR = 0x80000400
                0x0000000080010000                SRAM_END_ADDR = 0x80010000
                0x00000000c0000000                gConfigRec = 0xc0000000
                0x00000000c0020000                UserParamBase = 0xc0020000
                0x00000000c0040000                FlashAppBase = 0xc0040000
                0x00000000ec008000                sim1 = 0xec008000
                0x00000000fc004000                sim2 = 0xfc004000
                0x00000000fc0d4008                DBETHER_EMIR_REG = 0xfc0d4008
LOAD ./main.o
LOAD ./servo.o
START GROUP
LOAD /Users/dciliske/nndk/lib/MOD5441X.a
LOAD /Users/dciliske/nndk/lib/NetBurner.a
LOAD /Users/dciliske/nndk/lib/FatFile.a
END GROUP
LOAD /Applications/NetBurner/gcc-m68k/bin/../lib/gcc/m68k-elf/4.2.1/../../../../m68k-elf/lib/m5206e/libstdc++.a
LOAD /Applications/NetBurner/gcc-m68k/bin/../lib/gcc/m68k-elf/4.2.1/../../../../m68k-elf/lib/m5206e/libm.a
LOAD /Applications/NetBurner/gcc-m68k/bin/../lib/gcc/m68k-elf/4.2.1/m5206e/libgcc.a
LOAD /Applications/NetBurner/gcc-m68k/bin/../lib/gcc/m68k-elf/4.2.1/../../../../m68k-elf/lib/m5206e/libc.a
LOAD /Applications/NetBurner/gcc-m68k/bin/../lib/gcc/m68k-elf/4.2.1/m5206e/libgcc.a
LOAD /Applications/NetBurner/gcc-m68k/bin/../lib/gcc/m68k-elf/4.2.1/m5206e/crtend.o
START GROUP
LOAD /Applications/NetBurner/gcc-m68k/bin/../lib/gcc/m68k-elf/4.2.1/../../../../m68k-elf/lib/m5206e/libc.a
LOAD /Applications/NetBurner/gcc-m68k/bin/../lib/gcc/m68k-elf/4.2.1/m5206e/libgcc.a
LOAD /Applications/NetBurner/gcc-m68k/bin/../lib/gcc/m68k-elf/4.2.1/../../../../m68k-elf/lib/m5206e/libm.a
END GROUP
                0x0000000000000000                __DYNAMIC = 0x0
                0x0000000044000000                PROVIDE (__stack, 0x44000000)
                0x0000000000000000                PROVIDE (hardware_init_hook, 0x0)
                0x0000000000000000                PROVIDE (_hardware_init_hook, 0x0)
                0x0000000000000000                PROVIDE (software_init_hook, 0x0)
                0x0000000000000000                PROVIDE (_software_init_hook, 0x0)

.SRAM_SECT      0x0000000080000400     0xce70
                0x0000000080000400                SRAM_START = .
 *(SYS_VAR_SECT)
 SYS_VAR_SECT   0x0000000080000400      0x5c0 /Users/dciliske/nndk/lib/NetBurner.a(ucos.o)
                0x000000008000052c                TimeTick
                0x000000008000051c                OSLockNesting
                0x0000000080000526                OSRunning
                0x0000000080000724                taskpc
                0x0000000080000508                OSTCBList
                0x00000000800008b8                OSMapTbl
                0x0000000080000528                Secs
                0x0000000080000514                OSTCBFreeList
                0x0000000080000524                OSISRLevel
                0x0000000080000530                tasklisttask
                0x0000000080000510                OSTCBHighRdy
                0x0000000080000520                OSRdyGrp
                0x00000000800008c0                OSUnMapTbl
                0x0000000080000594                tasklisttim
                0x0000000080000500                OSRdyTbl
                0x0000000080000518                OSIntNesting
                0x000000008000050c                OSTCBCur
                0x0000000080000400                OSTCBPrioTbl
                0x00000000800008b4                tasklistn
 SYS_VAR_SECT   0x00000000800009c0      0x24c /Users/dciliske/nndk/lib/NetBurner.a(ucosmain.o)
                0x00000000800009c0                OSTcbStructSize
                0x00000000800009d8                critical_count
                0x00000000800009dc                OSTCBTbl
 SYS_VAR_SECT   0x0000000080000c0c       0x1c /Users/dciliske/nndk/lib/NetBurner.a(fileio.o)
                0x0000000080000c18                pExtraFdFunc
                0x0000000080000c1c                fd_map
 SYS_VAR_SECT   0x0000000080000c28       0x20 /Users/dciliske/nndk/lib/NetBurner.a(iosys.o)
                0x0000000080000c28                read_file_sets
                0x0000000080000c38                error_file_sets
                0x0000000080000c30                write_file_sets
                0x0000000080000c48                SYS_VAR_SECT_END = .
                0x0000000080000c50                . = ALIGN (0x10)
 *fill*         0x0000000080000c48        0x8 00
 *(IDLE_STK_SECT)
                0x0000000080000c50                IDLE_STK_SECT_END = .
                0x0000000080000c50                . = ALIGN (0x10)
 *(MAIN_STK_SECT)
 MAIN_STK_SECT  0x0000000080000c50     0x4000 /Users/dciliske/nndk/lib/NetBurner.a(main.o)
                0x0000000080000c50                MainStk
                0x0000000080004c50                MAIN_STK_SECT_END = .
                0x0000000080004c50                . = ALIGN (0x4)
 *(ETHER_VAR_SECT)
 ETHER_VAR_SECT
                0x0000000080004c50      0x252 /Users/dciliske/nndk/lib/MOD5441X.a(ethernet.o)
                0x0000000080004e90                FecFifo
                0x0000000080004c50                enet0
                0x0000000080004d70                enet1
                0x0000000080004ea2                ETHER_VAR_SECT_END = .
                0x0000000080004eb0                . = ALIGN (0x10)
 *fill*         0x0000000080004ea2        0xe 00
 *(ETHER_STK_SECT)
 ETHER_STK_SECT
                0x0000000080004eb0     0x2000 /Users/dciliske/nndk/lib/MOD5441X.a(ethernet.o)
                0x0000000080004eb0                EtherSendStk
                0x0000000080006eb0                ETHER_STK_SECT_END = .
                0x0000000080006eb0                . = ALIGN (0x4)
 *(IP_VAR_SECT)
 IP_VAR_SECT    0x0000000080006eb0      0x2fe /Users/dciliske/nndk/lib/NetBurner.a(ip.o)
                0x0000000080006ece                pDHCPServerTick
                0x0000000080006eb2                bTTL_Default
                0x00000000800071a6                next_arp_time
                0x0000000080006eb4                ipRxFifo
                0x0000000080006eea                multi_home_if_record
                0x0000000080006ec6                IcmpFifo
                0x0000000080006ee6                nAdditional_Homes
                0x0000000080006eb0                wGlobalPktId
                0x0000000080006eda                pPromisciousPacketFunc
                0x0000000080006ee2                pFragFunc
                0x0000000080006ede                pMultiCastFunc
                0x00000000800071aa                delay
                0x0000000080006ed6                pAutoIPTick
                0x0000000080006ed2                pMultiTick
                0x0000000080006eca                pDHCPTick
                0x0000000080006f12                multi_if_block
 IP_VAR_SECT    0x00000000800071ae       0x78 /Users/dciliske/nndk/lib/NetBurner.a(udp.o)
                0x0000000080007222                UdpNetbiosNameServicePtr
                0x000000008000721a                pDHCPServerProcessFunction
                0x00000000800071ae                udp_fifos
                0x0000000080007216                pDHCPProcessFunction
                0x000000008000721e                pTaskPacketFunc
                0x0000000080007212                UDP_fifos_used
                0x0000000080007226                IP_VAR_SECT_END = .
                0x0000000080007230                . = ALIGN (0x10)
 *fill*         0x0000000080007226        0xa 00
 *(IP_STK_SECT)
 IP_STK_SECT    0x0000000080007230     0x3000 /Users/dciliske/nndk/lib/NetBurner.a(ip.o)
                0x0000000080007230                IPStk
                0x000000008000a230                IP_STK_SECT_END = .
                0x000000008000a230                . = ALIGN (0x4)
 *(TCP_VAR_SECT)
 TCP_VAR_SECT   0x000000008000a230       0x1e /Users/dciliske/nndk/lib/NetBurner.a(tcp.o)
                0x000000008000a240                TCP_TimerSemaphore
                0x000000008000a230                TCP_critical_section
                0x000000008000a24e                TCP_VAR_SECT_END = .
                0x000000008000a250                . = ALIGN (0x10)
 *fill*         0x000000008000a24e        0x2 00
 *(TCP_STK_SECT)
 TCP_STK_SECT   0x000000008000a250     0x3000 /Users/dciliske/nndk/lib/NetBurner.a(tcp.o)
                0x000000008000a250                TCPStk
                0x000000008000d250                TCP_STK_SECT_END = .
                0x000000008000d250                . = ALIGN (0x10)
 *(HTTP_STK_SECT)
                0x000000008000d250                HTTP_STK_SECT_END = .
                0x000000008000d250                . = ALIGN (0x10)
 *(FTP_STK_SECT)
                0x000000008000d250                FTP_STK_SECT_END = .
                0x000000008000d250                . = ALIGN (0x10)
 *(WIFI_STK_SECT)
                0x000000008000d250                WIFI_STK_SECT_END = .
                0x000000008000d250                . = ALIGN (0x10)
 *(PPP_STK_SECT)
                0x000000008000d250                PPP_STK_SECT_END = .
                0x000000008000d250                . = ALIGN (0x10)
 *(COMMAND_STK_SECT)
                0x000000008000d250                COMMAND_STK_SECT_END = .
                0x000000008000d250                . = ALIGN (0x4)
 *(USER_VAR_SECT)
                0x000000008000d250                USER_VAR_SECT_END = .
                0x000000008000d250                . = ALIGN (0x10)
 *(USER_STK_SECT)
                0x000000008000d250                USER_STK_SECT_END = .
                0x000000008000d250                BUFFERS_SECT_START = .
                0x000000008000d250                . = ALIGN (0x10)
 *(BUFFERS_VAR_SECT)
 BUFFERS_VAR_SECT
                0x000000008000d250       0x1c /Users/dciliske/nndk/lib/NetBurner.a(buffers.o)
                0x000000008000d250                FAST_BUFFER_POOL_SIZE
                0x000000008000d25e                free_fast_list
                0x000000008000d268                free_list_is_initialized
                0x000000008000d254                free_list
                0x000000008000d270                . = ALIGN (0x10)
 *fill*         0x000000008000d26c        0x4 00
                0x000000008000d270                BUFFERS_VAR_SECT_END = .
                0x000000008000d270                . = ALIGN (0x10)
                0x000000008000d270                SRAM_END = .

.text           0x0000000040000400    0x28b80
 *(.text)
 .text          0x0000000040000400       0xaa /Applications/NetBurner/gcc-m68k/bin/../lib/gcc/m68k-elf/4.2.1/../../../../m68k-elf/lib/m5206e/nb-crt0.o
                0x0000000040000400                start
 *fill*         0x00000000400004aa        0x2 00
 .text          0x00000000400004ac       0x9c /Applications/NetBurner/gcc-m68k/bin/../lib/gcc/m68k-elf/4.2.1/m5206e/crtbegin.o
 .text          0x0000000040000548      0x10c ./main.o
                0x0000000040000548                UserMain
 .text          0x0000000040000654      0x97e ./servo.o
                0x0000000040000720                _Z16InitializeModulev
                0x0000000040000740                _ZN5Servo6SetPosEd
                0x0000000040000a3c                _ZN5ServoC1Eib
                0x0000000040000ba4                _ZN5ServoC2Eib
                0x000000004000068c                _Z19RegisterDefinitionsih
                0x0000000040000d0c                _Z16CenterAlignedPWMiiiii
                0x0000000040000a28                _ZN5Servo4InitEv
                0x0000000040000654                _Z18CheckLoadOkayClearv
                0x00000000400008dc                _Z14PinFunctionPWMi
 *fill*         0x0000000040000fd2        0x2 00
 .text          0x0000000040000fd4      0x430 /Users/dciliske/nndk/lib/MOD5441X.a(bsp.o)
                0x000000004000121c                GetUserParameters
                0x0000000040001178                _sbrk_r
                0x00000000400012bc                HardwareSetup
                0x00000000400010c8                DisableCache
                0x00000000400011d0                spaceleft
                0x0000000040000fe8                Tick5441X
                0x00000000400012a0                ForceReboot
                0x0000000040001208                BspGetTickFraction
                0x0000000040000fe4                xTick
                0x00000000400011c4                atexit
                0x000000004000122c                SaveUserParameters
                0x0000000040001140                EnableCache
                0x0000000040000fd4                CatchNullWrites
                0x0000000040001000                SetIntc
 .text          0x0000000040001404      0x26a /Users/dciliske/nndk/lib/MOD5441X.a(flash.o)
                0x000000004000147c                FlashProgram
                0x0000000040001404                FlashErase
 *fill*         0x000000004000166e        0x2 00
 .text          0x0000000040001670     0x1d06 /Users/dciliske/nndk/lib/MOD5441X.a(pins.o)
                0x0000000040001670                _ZN5PinIO3setEh
                0x0000000040002c04                _ZN5PinIO8functionEi
                0x0000000040002168                _ZN5PinIO5driveEv
                0x0000000040003314                CReadPin
                0x0000000040002594                _ZN5PinIO4readEv
                0x0000000040003338                CGPInPin
 *fill*         0x0000000040003376        0xa 00
 .text          0x0000000040003380      0x44a /Users/dciliske/nndk/lib/NetBurner.a(ucosmcfa.o)
                0x0000000040003460                OSDebugTraceHalt
                0x0000000040003380                OSStartHighRdy
                0x0000000040003470                TrapOutByte
                0x00000000400034a0                memcpy
                0x00000000400034a0                fmemcpy
                0x00000000400033a0                OSCtxSw
                0x0000000040003490                TrapCharAvail
                0x00000000400033d0                OSIntCtxSw
                0x0000000040003480                TrapInByte
                0x0000000040003400                OSTickISR
                0x0000000040003570                memcpysum
                0x0000000040003440                OSSetupVBR
                0x00000000400037a0                GetSR_IntLevel
                0x0000000040003700                memset
                0x0000000040003700                fmemset
                0x00000000400037b0                SetSR_IntLevel
 *fill*         0x00000000400037ca        0x2 00
 .text          0x00000000400037cc        0x8 /Users/dciliske/nndk/lib/NetBurner.a(software_init.o)
                0x00000000400037cc                software_init_hook
 .text          0x00000000400037d4     0x2162 /Users/dciliske/nndk/lib/NetBurner.a(ucos.o)
                0x0000000040005308                OSCritEnterNoWait
                0x0000000040005784                ShowTaskList
                0x0000000040003998                UCOSWAITS_HERE
                0x0000000040004fb4                OSFifoPostFirst
                0x000000004000537c                OSCritLeave
                0x0000000040003858                OSLogTaskPos
                0x0000000040005114                getpid
                0x0000000040003ba4                OSLock
                0x0000000040004a84                OSQPostFirst
                0x0000000040005494                OSTaskID
                0x0000000040004870                OSQPendNoWait
                0x00000000400054ac                OSSetName
                0x00000000400054d4                OSIntExit
                0x000000004000409c                OSSemPendNoWait
                0x0000000040003d78                OSTaskDelete
                0x0000000040003bf8                OSUnlock
                0x000000004000512c                OSCritInit
                0x00000000400048ec                OSQPost
                0x0000000040005168                OSCritEnter
                0x0000000040004c70                OSFifoPend
                0x0000000040003ef0                OSSemPend
                0x0000000040004268                OSMboxInit
                0x00000000400044a4                OSMboxPost
                0x0000000040004c24                OSFifoInit
                0x0000000040004688                OSQPend
                0x00000000400038fc                OSSched
                0x00000000400039d0                OSTimeDly
                0x00000000400040dc                OSSemPost
                0x0000000040003c64                OSChangePrio
                0x0000000040003b74                OSTCBGetFree
                0x00000000400039a8                OSIntEnterWAS
                0x000000004000445c                OSMboxPendNoWait
                0x0000000040004e54                OSFifoPost
                0x0000000040003e90                OSSemInit
                0x0000000040005590                OSStart
                0x00000000400037d4                OSLogTask
                0x0000000040003a88                OSTimeTick
                0x0000000040004614                OSQInit
                0x00000000400054c0                OSTaskName
                0x0000000040004e04                OSFifoPendNoWait
                0x00000000400042bc                OSMboxPend
                0x000000004000560c                OSInit
                0x0000000040003a68                OSChangeTaskDly
 *fill*         0x0000000040005936        0x2 00
 .text          0x0000000040005938      0x180 /Users/dciliske/nndk/lib/NetBurner.a(debugtrap.o)
                0x0000000040005a60                SetAddressReadRangeTrap
                0x0000000040005a20                SetAddressReadTrap
                0x0000000040005938                WDEBUG
                0x00000000400059c8                SetAddressWriteRangeTrap
                0x0000000040005988                SetAddressWrittenTrap
 .text          0x0000000040005ab8      0x5c0 /Users/dciliske/nndk/lib/NetBurner.a(ucosmain.o)
                0x0000000040005f9c                __malloc_unlock
                0x0000000040005ec0                UCosBegin
                0x0000000040005ab8                OSDumpTCBStacks
                0x0000000040005e50                OSDumpTasks
                0x0000000040005fbc                balloc_lock
                0x0000000040005ffc                UCosSetup
                0x0000000040005f80                balloc_unlock
                0x0000000040005b9c                DumpTCBState
                0x0000000040005fdc                __malloc_lock
 .text          0x0000000040006078      0x5f8 /Users/dciliske/nndk/lib/NetBurner.a(fileio.o)
                0x0000000040006208                ioctl
                0x0000000040006078                isatty
                0x0000000040006160                CurrentStdioFD
                0x00000000400061d8                lseek
                0x00000000400060b0                ReplaceStdio
                0x0000000040006274                write
                0x0000000040006094                fstat
                0x00000000400063a4                rawwrite
                0x00000000400065b0                stdioinbyte
                0x0000000040006428                read
                0x0000000040006190                outbyte
                0x00000000400061f0                open
                0x00000000400061a8                charavail
                0x0000000040006184                fcntl
                0x0000000040006628                close
 .text          0x0000000040006670       0x78 /Users/dciliske/nndk/lib/NetBurner.a(main.o)
                0x00000000400066a8                main
                0x0000000040006670                __do_global_ctors
 .text          0x00000000400066e8     0x545e /Users/dciliske/nndk/lib/NetBurner.a(tcp.o)
                0x0000000040007dd0                _Z10SendTcpRstP5IPPKT
                0x0000000040006d24                _Z11GetTcpStatei
                0x0000000040008080                _Z7InitTCPv
                0x0000000040008b64                _Socket_Private_read
                0x0000000040006cd8                _ZN15ShortSocketListC2Ev
                0x0000000040006d84                _Z20SetOutOfOrderbuffersih
                0x0000000040006958                _Z19GetSocketRemotePorti
                0x0000000040007538                _ZN13socket_struct18MyAdvertisedWindowEv
                0x00000000400073d4                _Z18SetSocketTxBuffersii
                0x0000000040006a6c                _Z13setsockoptionii
                0x0000000040007884                _Z7TcpSendP13socket_structmP11pool_bufferth
                0x000000004000acb0                _Z12TCPTimerTaskPv
                0x000000004000b4ac                _Z11process_tcpP11pool_bufferP5IPPKTt
                0x00000000400091c0                _ZN13socket_struct10ProcessRSTEv
                0x000000004000ba7c                _Z17NoBlockconnectviamttm
                0x0000000040006dc8                _Z16TcpGetLastRxTimei
                0x00000000400092dc                abortsocket
                0x00000000400096c0                _ZN13socket_struct18ProcessDataSegmentEP6TCPPKTtPhRP11pool_buffer
                0x000000004000b8d4                _Z10connectviamttmm
                0x0000000040008698                _ZNK14HashSocketList12RemoveSocketEP13socket_struct
                0x0000000040009d58                _Socket_Private_write
                0x0000000040006aa4                _Z13getsockoptioni
                0x000000004000a3a0                _ZN13socket_struct10ProcessAckEP6TCPPKT
                0x0000000040008b80                _ZN13socket_struct8SaveDataEPhth
                0x0000000040008388                _Z14GetTcpRtxCounti
                0x000000004000684c                _Z10fixoverlapmmRmS_
                0x0000000040008e60                _ZN13socket_struct8SetTimerEm
                0x000000004000ba54                _Z7connectmttm
                0x0000000040006b30                _ZN14HashSocketListC1Ev
                0x00000000400088dc                _Z12GetTcpSocketP6TCPPKTm
                0x000000004000bacc                _Z14NoBlockConnectmttm
                0x0000000040007054                _Z23TcpGetRxBufferSpaceUsedi
                0x00000000400099a0                _ZN13socket_struct9DoRawSendEv
                0x0000000040007094                _Z15ShowFdTcpSocketi
                0x0000000040007358                _ZN13socket_struct12ClearPendingEi
                0x00000000400083fc                _ZNK15ShortSocketList10findsocketEttm
                0x000000004000b9cc                _Z7connectmttmm
                0x0000000040008314                _Z16TcpSendKeepAlivei
                0x00000000400068c8                _Z14getsocketerrori
                0x0000000040006b18                _Z14EnableTcpDebugt
                0x000000004000abbc                _ZN13socket_struct12ProcessTimerEv
                0x000000004000987c                _ZN13socket_struct19SetUpNextRetransmitEv
                0x0000000040006b28                _ZN14HashSocketListC2Ev
                0x0000000040007014                _Z24TcpGetTxBufferAvailSpacei
                0x0000000040008994                SockReadWithTimeout
                0x0000000040008014                _Z18GetFreeSocketCountv
                0x000000004000a64c                _ZN13socket_struct10ProcessFINEP6TCPPKTt
                0x00000000400075b0                _Z19FixHeaderAndSendTcpP11pool_bufferP5IPPKTP13socket_struct
                0x0000000040006ad4                _Z19setsocketackbuffersih
                0x0000000040006a4c                _ZN13socket_struct22CleanUpDeletedListenerEv
                0x0000000040006808                _Z16FindListenSockettm
                0x00000000400076bc                _Z11TcpSendwSumP13socket_structmP11pool_bufferthm
                0x0000000040008ee0                _ZN13socket_struct9DoCleanupEv
                0x0000000040008c70                _ZN13socket_struct14TestOutofOrderEv
                0x0000000040006e38                _Z20TcpGetLastRxIntervali
                0x00000000400066e8                _Z11GetFirstSeqv
                0x0000000040008280                _Z10FREESOCKETP13socket_struct
                0x00000000400090b8                _ZN15ShortSocketList9AddSocketEP13socket_struct
                0x000000004000a284                _ZN13socket_struct12DoRetransmitEh
                0x0000000040006ce8                _ZN15ShortSocketList4InitEv
                0x00000000400084a0                _ZN15ShortSocketList11processTickEv
                0x000000004000b5c4                _ZN13socket_struct11CoreConnectEmttm
                0x000000004000a7c0                _Socket_Private_close
                0x000000004000a900                _Z6acceptiPmPtt
                0x0000000040006ce0                _ZN15ShortSocketListC1Ev
                0x0000000040007414                _Z18SetSocketRxBuffersii
                0x00000000400094fc                _Z6listenmth
                0x0000000040006b38                _ZNK14HashSocketList4InitEv
                0x0000000040006b50                _ZN15ShortSocketList12GetFreeShortEv
                0x0000000040006928                _Z19GetSocketRemoteAddri
                0x0000000040008804                _ZNK14HashSocketList10findsocketEttm
                0x0000000040006fa8                _Z18WaitForSocketFlushim
                0x0000000040006b20                _Z13DumpTcpPacketP5IPPKT
                0x0000000040009604                _Z23RemoveFromUserCloseListP13socket_struct
                0x000000004000672c                _Z11ValidateTCPP5IPPKTt
                0x0000000040008550                _ZNK15ShortSocketList7processEP11pool_bufferP6TCPPKTm
                0x0000000040006718                _ZN13socket_struct8SetStateEi
                0x0000000040007454                _ZN13socket_struct14processoptionsEP11pool_bufferP6TCPPKTP5IPPKT
                0x0000000040009f80                _ZN13socket_struct7DoCloseEi
                0x0000000040009410                _Z13GetFreeSocketv
                0x0000000040006988                _Z18GetSocketLocalPorti
                0x0000000040008750                _ZNK14HashSocketList9AddSocketEP13socket_struct
                0x0000000040006c98                _ZNK15ShortSocketList9FreeShortEP11ShortSocket
                0x00000000400069b8                _ZN13socket_struct7CalcRTOEm
                0x0000000040007d78                _ZN13socket_struct10OpenWindowEv
                0x0000000040007ee4                _Z13SendTcpSynRstP5IPPKT
                0x0000000040006f58                _Z15TcpAllDataAckedi
                0x0000000040009cd8                _Z13clrsockoptionii
                0x0000000040006dfc                _Z17TcpGetSocketStatei
                0x0000000040006b10                _Z12DumpTcpDebugv
                0x00000000400068f8                _Z18GetSocketLocalAddri
                0x000000004000ade4                _ZN13socket_struct7processEP11pool_bufferP6TCPPKT
                0x0000000040006d58                RegisterTCPReadNotify
                0x0000000040007914                _ZN13socket_struct9SendStateEtP11pool_buffer
 *fill*         0x000000004000bb46        0x2 00
 .text          0x000000004000bb48      0x69e /Users/dciliske/nndk/lib/NetBurner.a(iosys.o)
                0x000000004000bf84                SetDataAvail
                0x000000004000be24                writeall
                0x000000004000be84                _Z15RawCheckSelectsv
                0x000000004000bf30                SetHaveError
                0x000000004000bfc0                _Z12RemoveSelectP13PendingSelect
                0x000000004000bf48                SetWriteAvail
                0x000000004000bd14                ZeroWaitSelect
                0x000000004000c040                _Z9AddSelectP13PendingSelect
                0x000000004000bc68                FD_ISSET
                0x000000004000bc10                ClrDataAvail
                0x000000004000c098                select
                0x000000004000bbf8                ClrWriteAvail
                0x000000004000befc                _Z12CheckSelectsv
                0x000000004000bdc8                writestring
                0x000000004000bcd8                _Z9countbitsP6fd_set
                0x000000004000bb48                _Z10FD_OVERLAPP6fd_setS0_
                0x000000004000bd98                dataavail
                0x000000004000bb84                FD_ZERO
                0x000000004000bc28                FD_SET
                0x000000004000bbe0                ClrHaveError
                0x000000004000bcb4                _Z11countdwbitsm
                0x000000004000c138                ReadWithTimeout
                0x000000004000bb9c                FD_CLR
 *fill*         0x000000004000c1e6        0x2 00
 .text          0x000000004000c1e8      0x4b2 /Users/dciliske/nndk/lib/NetBurner.a(netinterface.o)
                0x000000004000c5cc                _Z17InitializeNetworkPFvP11pool_bufferP6EFRAMEtEPFvS0_S2_E
                0x000000004000c2a0                _Z11InterfaceIPi
                0x000000004000c394                _Z9GetEframeP11pool_buffer
                0x000000004000c56c                _Z12SaveIfConfigP12ConfigRecordi
                0x000000004000c460                _Z26RegisterMultiHomeInterfaceP15_InterfaceBlock
                0x000000004000c1e8                _Z17GetFirstInterfacev
                0x000000004000c59c                _Z11GetIfConfigi
                0x000000004000c350                _Z12InterfaceMACi
                0x000000004000c24c                _Z17GetInterFaceBlocki
                0x000000004000c2cc                _Z12InterfaceDNSi
                0x000000004000c2f8                _Z13InterfaceMASKi
                0x000000004000c208                _Z16GetnextInterfacei
                0x000000004000c638                _Z14TransmitBufferP11pool_bufferi
                0x000000004000c400                _Z16DisableMulticast6MACADRi
                0x000000004000c4c8                _Z17RegisterInterfaceP15_InterfaceBlock
                0x000000004000c3a8                _Z15EnableMulticast6MACADRi
                0x000000004000c538                _Z15Removeinterfacei
                0x000000004000c458                _Z12StopNetworksv
                0x000000004000c278                _Z18GetInterfaceNumberP15_InterfaceBlock
                0x000000004000c324                _Z13InterfaceGatei
 *fill*         0x000000004000c69a        0x2 00
 .text          0x000000004000c69c     0x131e /Users/dciliske/nndk/lib/NetBurner.a(smarttrap.o)
                0x000000004000c6d0                _Z16EnableSmartTrapsv
                0x000000004000c7b0                _Z9WalkStackP6os_tcbmm
                0x000000004000cc90                smart_trap_asm
                0x000000004000cab0                _Z17Local_OutTCBStateP6os_tcbmm
                0x000000004000c69c                _Z8SafeReadm
                0x000000004000c6ec                _Z12Local_OutHexmi
                0x000000004000cc88                _Z17Smart_Trap_Holderv
                0x000000004000c780                _Z15Local_OutStringPKc
                0x000000004000c82c                _Z18Local_ShowTaskNamePV6os_tcb
 *fill*         0x000000004000d9ba        0x2 00
 .text          0x000000004000d9bc       0x52 /Users/dciliske/nndk/lib/NetBurner.a(device.o)
                0x000000004000d9dc                DeviceInitializeSem
                0x000000004000d9bc                _Z16DeviceGetQspiSemv
                0x000000004000d9cc                _Z15DeviceGetI2cSemv
 *fill*         0x000000004000da0e        0x2 00
 .text          0x000000004000da10       0xb6 /Users/dciliske/nndk/lib/NetBurner.a(release_tag.o)
                0x000000004000da10                GetReleaseTag
 *fill*         0x000000004000dac6        0x2 00
 .text          0x000000004000dac8        0x0 /Users/dciliske/nndk/lib/NetBurner.a(release_tagdata.o)
 .text          0x000000004000dac8       0x9a /Users/dciliske/nndk/lib/NetBurner.a(init.o)
                0x000000004000dac8                _Z4initv
 *fill*         0x000000004000db62        0x2 00
 .text          0x000000004000db64     0x1948 /Users/dciliske/nndk/lib/NetBurner.a(nbiprintf.o)
                0x000000004000e0b4                _Z8prespaceiiiPFbPvPKciES_Ri
                0x000000004000dbe8                _Z13decimallenully
                0x000000004000e1b4                _Z26NormalGetNextParamFunctionPv
                0x000000004000db64                _Z10decimallenm
                0x000000004000e1c8                _Z15CoreLongLongDecyPFbPvPKciES_R7pfstate
                0x000000004000f490                _Z8putcharsPvPKci
                0x000000004000dde8                _Z6octlenm
                0x000000004000de7c                _Z6binlenm
                0x000000004000f460                _Z19NB_internal_iprintfPFbPvPKciES_Pm
                0x000000004000e544                _Z23NB_internal_iprintf_indPFbPvPKciES_PFmS_ES_
                0x000000004000f47c                iprintf
                0x000000004000e164                _Z8leadzeroiiiPFbPvPKciES_Ri
                0x000000004000dda4                _Z9hexlenully
                0x000000004000e10c                _Z9postspaceiiiPFbPvPKciES_Ri
                0x000000004000e3c0                _Z7CoreDecmPFbPvPKciES_R7pfstate
                0x000000004000dd38                _Z6hexlenm
                0x000000004000e05c                _Z10Put20CharsPvPFbS_PKciEiS1_
 .text          0x000000004000f4ac       0x26 /Users/dciliske/nndk/lib/NetBurner.a(nbprintf.o)
                0x000000004000f4ac                printf
 *fill*         0x000000004000f4d2        0x2 00
 .text          0x000000004000f4d4      0x334 /Users/dciliske/nndk/lib/NetBurner.a(ucosmcfc.o)
                0x000000004000f7d0                OSTaskCreate
                0x000000004000f7fc                TopOfStackKillfunction
                0x000000004000f59c                OSTaskCreatewName
                0x000000004000f4d4                OSTCBInit
                0x000000004000f800                KillFunctionLink
 .text          0x000000004000f808      0x6a0 /Users/dciliske/nndk/lib/NetBurner.a(system.o)
                0x000000004000fba0                UpdateConfigRecord_Num
                0x000000004000f85c                RawGetConfig
                0x000000004000f808                isvalidcr
                0x000000004000fd64                SetupDialog
                0x000000004000f918                ReadLine
                0x000000004000fd50                UpdateConfigRecord
                0x000000004000f888                GetValidConfig
                0x000000004000faec                IpQuestion
                0x000000004000f8b0                ShowChange
 .text          0x000000004000fea8      0xd08 /Users/dciliske/nndk/lib/NetBurner.a(utils.o)
                0x0000000040010918                fShowMac
                0x000000004001011c                _Z9FancyDumpPhi
                0x0000000040010a4c                ShowCounters
                0x000000004000ff48                ValidIPv4
                0x0000000040010064                convertHexAsciiToBinary
                0x00000000400102dc                ShowData
                0x0000000040010974                snShowIP
                0x000000004000fea8                kill
                0x0000000040010ab4                fShowCounters
                0x00000000400108d8                fShowIP
                0x000000004000feb8                _fini
                0x0000000040010248                ShowIP
                0x000000004000fec4                AsciiToIp
                0x0000000040010b2c                sShowCounters
                0x0000000040010a18                _Z14DiagMenuPickerih
                0x0000000040010284                ShowMac
                0x000000004000ffcc                convertBinaryToHexAscii
                0x0000000040010104                __builtin_delete
                0x000000004000feb0                _exit
                0x00000000400109b8                snShowMac
 .text          0x0000000040010bb0     0x1aaa /Users/dciliske/nndk/lib/NetBurner.a(ip.o)
                0x0000000040011000                _Z9FixUpICMPP5IPPKThhPht
                0x0000000040010d70                _Z11IsMultiCastm
                0x00000000400119a0                _Z16FixHeaderAndSendP11pool_bufferP5IPPKT
                0x0000000040011314                _Z10DoIPPacketP11pool_bufferP6EFRAMEt
                0x0000000040010c6c                GetSum20
                0x0000000040011c9c                PingViaInterface
                0x00000000400112b4                _Z9SaveErrorP11pool_buffer
                0x0000000040011624                _Z12process_icmpP11pool_bufferP5IPPKTt
                0x0000000040010eac                IpProcessEthernetPacket
                0x00000000400114d8                _Z28FixHeaderAndSendViaInterfaceP11pool_bufferP5IPPKTi
                0x0000000040011f18                _Z12ShowIPBufferP11pool_buffer
                0x0000000040011b00                _Z13SendICMPErrorP11pool_bufferhh
                0x0000000040011118                _Z15InitializeStackmmmm
                0x0000000040010dc0                _Z7GetDataP5IPPKT
                0x000000004001123c                InitializeCStack
                0x0000000040011dac                Ping
                0x0000000040010bb0                GetSum
                0x0000000040011248                _Z21GetMultiHomeInterfacemi
                0x00000000400112f8                IsMyIp
                0x00000000400110bc                _Z11IsBroadCastmi
                0x0000000040011068                KillStack
                0x0000000040010dec                _Z15PrepareIPOutputP11pool_buffermt
                0x0000000040010d90                _Z15GetMultiAddressm
                0x0000000040011bd4                SendPing
                0x0000000040010ca4                GetSumHdr
                0x0000000040011074                _Z7IsLocalmi
                0x0000000040011de0                _Z19GetLocalIPInterfacem
                0x0000000040011e38                _Z12AddInterfacemmmi
                0x0000000040011740                _Z6IPTaskPv
 *fill*         0x000000004001265a        0x2 00
 .text          0x000000004001265c      0xeec /Users/dciliske/nndk/lib/NetBurner.a(buffers.o)
                0x0000000040012740                FreeBufferList
                0x0000000040012b4c                _ZN19fifo_buffer_storage4FullEv
                0x0000000040012b94                _ZN19fifo_buffer_storage7GetTailEv
                0x0000000040012c4c                ShowBuffer
                0x0000000040012f30                _ZN19fifo_buffer_storage5ResetEh
                0x0000000040012770                InitBuffers
                0x000000004001289c                _ZN11buffer_list12InsertBeforeEP11pool_bufferS1_
                0x0000000040012a74                GetBuffer
                0x0000000040012c2c                _ZN19fifo_buffer_storageC2Ehh
                0x0000000040012b34                _ZN19fifo_buffer_storage5EmptyEv
                0x000000004001338c                _ZN19fifo_buffer_storage12ReadDatawSumEPhiRm
                0x0000000040012b20                _ZN19fifo_buffer_storage9SpaceUsedEv
                0x000000004001265c                _Z11ShowBuffersv
                0x0000000040012688                _ZN11buffer_list10InsertHeadEP11pool_buffer
                0x0000000040012d78                GetFreeCount
                0x000000004001266c                IncUsageCount
                0x0000000040012c0c                _ZN19fifo_buffer_storageC1Ehh
                0x0000000040012838                _ZN11buffer_list10InsertTailEP11pool_buffer
                0x0000000040012ff0                _ZN19fifo_buffer_storageD2Ev
                0x00000000400130e0                _ZN19fifo_buffer_storage13SetMaxBuffersEh
                0x0000000040012df0                _ZN19fifo_buffer_storage8ReadDataEPhi
                0x0000000040012ba4                _ZN19fifo_buffer_storage4InitEhh
                0x0000000040012664                _Z11DumpBuffersv
                0x0000000040012a0c                _ZN11buffer_list10RemoveHeadEv
                0x0000000040012984                _ZN11buffer_list6RemoveEP11pool_buffer
                0x0000000040012ac0                _ZN11buffer_list10RemoveTailEv
                0x0000000040013004                _ZN19fifo_buffer_storage14LongSpaceAvailEv
                0x0000000040013170                _ZN19fifo_buffer_storage9WriteDataEPhi
                0x00000000400126f8                FreeBuffer
                0x0000000040012910                _ZN11buffer_list11InsertAfterEP11pool_bufferS1_
                0x00000000400130bc                _ZN19fifo_buffer_storage10SpaceAvailEv
                0x0000000040012fdc                _ZN19fifo_buffer_storageD1Ev
 .text          0x0000000040013548     0x1922 /Users/dciliske/nndk/lib/NetBurner.a(arp.o)
                0x000000004001427c                _Z10FindAddArpm
                0x00000000400136a4                _Z17sendGratuitousArpi
                0x0000000040013570                _Z8MacEqual6MACADRS_
                0x00000000400138ac                _Z13InitializeArpv
                0x0000000040013954                _Z7FindArpm
                0x0000000040013bb0                _Z7SendArpP9ArpRecordi
                0x0000000040013860                _Z12GetInterfacem
                0x0000000040014b60                _Z11AddCheckArpP6MACADRmi
                0x00000000400135d0                _Z6SetMacP9ArpRecord6MACADRi
                0x00000000400140b8                _Z15DeleteArpFromIpm
                0x0000000040013a58                _Z15GetArpMacFromIpmR6MACADR
                0x0000000040014688                _Z11RouteOutViaP6EFRAMEmP11pool_bufferi
                0x0000000040013b0c                _Z18GetProperInterfacem
                0x00000000400141cc                _Z10FreeOneArpv
                0x0000000040014bec                _Z10processArpP11pool_bufferP6EFRAME
                0x0000000040013668                _Z8NeedsArpi
                0x0000000040013ce0                _Z10GetNextArpP9ArpRecord
                0x0000000040013774                _Z10RawSendArpP9ArpRecordmi
                0x00000000400140d8                _Z6AgeArpv
                0x00000000400148a8                _Z8RouteOutP6EFRAMEmP11pool_buffer
                0x0000000040013da8                _Z7ShowArpv
                0x0000000040013ee8                _Z9DeleteArpP9ArpRecord
                0x0000000040013d50                _Z11GetFirstArpv
                0x0000000040013c1c                GetSrcIp
                0x0000000040014518                _Z24IsMyAddressUsedArpDetectti
                0x0000000040013568                _Z7Cleanupv
                0x0000000040013548                _Z6IsNullP9ArpRecord
                0x0000000040013e3c                _Z8fShowArpP7__sFILE
                0x0000000040013ab0                _Z10AddPendingP6MACADRmi
 *fill*         0x0000000040014e6a        0x2 00
 .text          0x0000000040014e6c     0x149c /Users/dciliske/nndk/lib/NetBurner.a(udp.o)
                0x0000000040015734                _ZN9UDPPacket4SendEmh
                0x0000000040014fb4                _ZN9UDPPacket18SetDestinationPortEt
                0x0000000040015078                _ZN9UDPPacket11GetPacketIdEv
                0x00000000400150c4                _ZN9UDPPacket16GetSourceAddressEv
                0x0000000040015f48                _ZN9UDPPacketC2Ev
                0x0000000040015470                _ZN9UDPPacket11AddDataByteEh
                0x000000004001584c                _ZN9UDPPacket11SendAndKeepEmh
                0x00000000400150e8                _Z15RegisterUDPFifotP7os_fifo
                0x00000000400154b8                _ZN9UDPPacket7AddDataEPKc
                0x0000000040014ee0                _ZN9UDPPacketC2EP11pool_buffer
                0x0000000040015578                _ZN9UDPPacket16SendViaInterfaceEmih
                0x0000000040015060                _ZN9UDPPacket11GetIpPacketEv
                0x00000000400156a0                _ZN9UDPPacket7SendViaEmmh
                0x00000000400158bc                _ZN9UDPPacketD2Ev
                0x0000000040014e6c                _Z13GetUdpFifoRect
                0x0000000040014ff0                _ZN9UDPPacket13GetDataBufferEv
                0x00000000400151b0                _Z25RegisterUDPFifoWithNotifytP7os_fifoPFvS0_tE
                0x0000000040014f2c                _ZN9UDPPacketC1EP11pool_buffer
                0x0000000040015024                _ZNK9UDPPacket11GetDataSizeEv
                0x0000000040015928                _Z15ProcessIDPacketR9UDPPacketi
                0x0000000040015494                _ZN9UDPPacket11AddDataWordEt
                0x0000000040015f8c                _Z11process_udpP11pool_bufferP5IPPKTt
                0x00000000400154e8                _ZN9UDPPacket8ValidateEv
                0x0000000040014fd0                _ZNK9UDPPacket18GetDestinationPortEv
                0x00000000400153c4                _ZN9UDPPacket7AddDataEPKht
                0x0000000040015278                _Z17UnregisterUDPFifot
                0x0000000040016248                _ZN9UDPPacketC1EP7os_fifom
                0x0000000040015004                _ZN9UDPPacket11SetDataSizeEt
                0x0000000040015340                _Z15FixIDDataPacketR9UDPPacketP15_InterfaceBlock
                0x000000004001504c                _ZN9UDPPacket9ResetDataEv
                0x0000000040015894                _ZN9UDPPacketD1Ev
                0x00000000400162a8                _ZN9UDPPacketC2EP7os_fifom
                0x00000000400156e0                _ZN9UDPPacket14SendAndKeepViaEmmh
                0x0000000040014f78                _ZN9UDPPacket13SetSourcePortEt
                0x0000000040014f94                _ZNK9UDPPacket13GetSourcePortEv
                0x000000004001539c                _Z15FixIDDataPacketR9UDPPacketi
                0x00000000400158e4                _ZN9UDPPacketC1Ev
                0x00000000400150a0                _ZN9UDPPacket21GetDestinationAddressEv
 .text          0x0000000040016308      0x71c /Users/dciliske/nndk/lib/NetBurner.a(autoip.o)
                0x0000000040016544                _ZN12AutoIPClientC1Ei
                0x0000000040016424                _ZN12AutoIPClient4stopEv
                0x0000000040016870                _ZN12AutoIPClient8arpCheckEv
                0x0000000040016394                _ZN12AutoIPClient11getNextTickEv
                0x00000000400166cc                _ZN12AutoIPClient8announceEv
                0x0000000040016348                _ZN12AutoIPClient16addressCollisionEv
                0x0000000040016384                _ZN12AutoIPClient8getStateEv
                0x00000000400167a8                _ZN12AutoIPClient8startArpEv
                0x00000000400169cc                _ZN12AutoIPClient14staticTimeTickEv
                0x0000000040016308                _ZN12AutoIPClient5startEv
                0x00000000400165c0                _ZN12AutoIPClientC2Ei
                0x00000000400163a4                _ZN12AutoIPClient9tickDelayEi
                0x00000000400163cc                _ZN12AutoIPClient9negotiateEv
                0x0000000040016710                _ZN12AutoIPClient6setRNGEv
                0x00000000400164e0                _ZN12AutoIPClientD2Ev
                0x000000004001695c                _ZN12AutoIPClient8timeTickEv
                0x000000004001645c                _ZN12AutoIPClient7restartEv
                0x000000004001663c                _Z18AddAutoIPInterfacei
                0x000000004001647c                _ZN12AutoIPClientD1Ev
                0x000000004001676c                _ZN12AutoIPClient17generateNewIPAddrEv
 .text          0x0000000040016a24     0x1f9c /Users/dciliske/nndk/lib/NetBurner.a(dhcpc.o)
                0x0000000040016c98                _Z13CompareChaddrPhS_
                0x0000000040017318                _ZN10DhcpObjectC1Ei
                0x000000004001852c                _ZN10DhcpObject11RestartDHCPEv
                0x00000000400171d0                _ZN10DhcpObject9StopBOOTPEv
                0x00000000400171bc                _ZN10DhcpObject14StopProcessingEv
                0x0000000040016b5c                _ZN11DHCPMessage10ResetBytesEv
                0x0000000040016bc4                _ZN11DHCPMessage12SetRandomXidEv
                0x0000000040017234                _ZN10DhcpObjectD1Ev
                0x0000000040018980                _ZN10DhcpObject15staticDHCPTimerEv
                0x0000000040016c7c                _ZN11DHCPMessage13GetOptionDataEh
                0x0000000040018854                _ZN10DhcpObject9RenewDHCPEv
                0x0000000040017918                _ZN11DHCPMessage13SendServerMsgEmi
                0x00000000400174c0                _ZN11DHCPMessage15MsgForInterfaceEi
                0x0000000040017e3c                _ZN10DhcpObject8StopDHCPEv
                0x00000000400181b8                _Z29All_GetDHCPAddressIfNecessaryb
                0x0000000040018094                _ZN10DhcpObject16ReTransmitPacketEm
                0x00000000400172a4                _ZN10DhcpObject19UpdateIPRuntimeVarsEh
                0x0000000040018188                _ZN10DhcpObject9StartDHCPEv
                0x0000000040017290                _Z22SetDHCPDiscoverSecondsm
                0x00000000400187e0                _ZN10DhcpObject16staticDHCPPacketEP11pool_buffer
                0x0000000040016d28                _Z14AddDhcpOptionsR11DHCPMessageRi
                0x0000000040017e94                _ZN10DhcpObject18CreateDhcpRenewMsgER11DHCPMessage
                0x0000000040016af4                _ZN11DHCPMessage11CreateReplyEmm
                0x0000000040016cd4                _Z12ValidDhcpMsgPh
                0x00000000400173ec                _ZN10DhcpObjectC2Ei
                0x00000000400171d8                _ZN10DhcpObjectD2Ev
                0x0000000040016e80                _ZN10DhcpObject10DhcpConfigER11DHCPMessage
                0x0000000040017d48                _ZN10DhcpObject20CreateDhcpReleaseMsgER11DHCPMessage
                0x0000000040017190                _ZN10DhcpObject25GetRemainingDhcpLeaseTimeEv
                0x0000000040016c00                _ZN11DHCPMessage13GetOptionDataEhRi
                0x0000000040018494                _Z25GetDHCPAddressIfNecessaryib
                0x00000000400174f8                _ZN11DHCPMessageC1EPh
                0x0000000040018558                _Z13__restartDHCPP10DhcpObject
                0x0000000040018880                _ZN10DhcpObject9DHCPTimerEv
                0x0000000040016a24                _ZN11DHCPMessageC2Ev
                0x0000000040018370                _Z14GetDHCPAddressi
                0x0000000040017520                _ZN11DHCPMessageC2EPh
                0x0000000040017164                _ZN10DhcpObject12GetDHCPStateEv
                0x0000000040016de0                _ZN10DhcpObject11BootpConfigER11DHCPMessage
                0x000000004001815c                _ZN10DhcpObject10StartBOOTPEv
                0x0000000040017a00                _Z21CreateDhcpDiscoverMsgR11DHCPMessagei
                0x000000004001798c                _ZN11DHCPMessage7SendMsgEmi
                0x0000000040016b24                _ZN11DHCPMessage12ClearOptionsEv
                0x0000000040017174                _ZN10DhcpObject14ValidDhcpLeaseEv
                0x0000000040018560                _ZN10DhcpObject10DHCPPacketEP11pool_buffer
                0x0000000040017bf4                _ZN10DhcpObject14CreateBootpMsgER11DHCPMessage
                0x0000000040017548                _Z20CreateDhcpRequestMsgR11DHCPMessageS0_i
                0x0000000040016a8c                _ZN11DHCPMessageC1Ev
                0x0000000040018828                _ZN10DhcpObject10RebindDHCPEv
 .text          0x00000000400189c0        0x0 /Users/dciliske/nndk/lib/NetBurner.a(defappname.o)
 .text          0x00000000400189c0      0x5f8 /Users/dciliske/nndk/lib/NetBurner.a(taskmon.o)
                0x0000000040018ef8                _Z17ProcessTaskPacketR9UDPPacketi
                0x00000000400189c0                _Z17EnableTaskMonitorv
                0x00000000400189d4                _Z18BufferDumpTCBStateP6os_tcb
 .text          0x0000000040018fb8      0x538 /Users/dciliske/nndk/lib/NetBurner.a(autoupdate.o)
                0x0000000040019440                _Z23ProcessAutoUpdatePacketR9UDPPacket
                0x0000000040019174                _Z6DoDataR9UDPPacket
                0x0000000040018fb8                EnableAutoUpdate
                0x0000000040018fcc                _Z8DoRebootv
                0x0000000040018ffc                _Z9DoExecuteR9UDPPacketi
                0x0000000040019264                _Z7DoStartR9UDPPacket
 .text          0x00000000400194f0     0x139c /Users/dciliske/nndk/lib/NetBurner.a(nbfloatprint.o)
                0x00000000400194f0                _Z13ulldecimalleny
                0x0000000040019fb0                _Z12OutputgFloatPFbPvPKciES_dR7pfstateR9g_counter
                0x000000004001a010                _Z12OutputEFloatPFbPvPKciES_dR7pfstatec
                0x0000000040019ba4                _Z12OutputFFloatPFbPvPKciES_dR7pfstate
                0x000000004001a334                _Z9Get_g_lendR7pfstateR9g_counter
                0x0000000040019a34                _Z9Get_f_lendR7pfstate
                0x0000000040019704                _Z9Get_e_lendR7pfstate
                0x00000000400197b8                _Z7pfdigitiPFbPvPKciES_
                0x00000000400197f0                _Z13printfractionPFbPvPKciES_dR7pfstate
                0x000000004001a3b0                _Z14TheFloatPrintfcPFbPvPKciES_dR7pfstate
                0x00000000400198ec                _Z12count_gstuffPvPKci
 .text          0x000000004001a88c       0xea /Users/dciliske/nndk/lib/NetBurner.a(nbsiprintf.o)
                0x000000004001a88c                sniprintf
                0x000000004001a8e8                _Z11putstrcharsPvPKci
                0x000000004001a8c0                siprintf
 *fill*         0x000000004001a976        0x2 00
 .text          0x000000004001a978       0x26 /Users/dciliske/nndk/lib/NetBurner.a(new_ops.o)
                0x000000004001a978                _Znwm
 *fill*         0x000000004001a99e        0x2 00
 .text          0x000000004001a9a0       0xbc /Users/dciliske/nndk/lib/MOD5441X.a(localio.o)
                0x000000004001a9a0                GetUartRecord
                0x000000004001a9e4                GetDefUart
                0x000000004001a9f8                LocalInByte
                0x000000004001aa14                LocalOutByte
                0x000000004001aa48                LocalCharAvail
 .text          0x000000004001aa5c     0x2202 /Users/dciliske/nndk/lib/MOD5441X.a(serial.o)
                0x000000004001aa88                _Z6WakeTxi
                0x000000004001aa5c                _Z11FdSerialMapi
                0x000000004001bda4                SerialClose
                0x000000004001b078                _Z14fake_SER_7_ISRv
                0x000000004001cb60                real_SER_5_ISR
                0x000000004001bd30                SendBreak
                0x000000004001c568                OpenSerial
                0x000000004001b868                GetUartErrorReg
                0x000000004001adec                _Z14fake_SER_0_ISRv
                0x000000004001b0d0                SER_8_ISR
                0x000000004001ae94                real_SER_1_ISR
                0x000000004001cba0                real_SER_4_ISR
                0x000000004001bab0                _Z15fShowSerialDataP7__sFILE
                0x000000004001caa0                real_SER_8_ISR
                0x000000004001afd0                _Z14fake_SER_5_ISRv
                0x000000004001b028                SER_6_ISR
                0x000000004001aed4                _Z14fake_SER_2_ISRv
                0x000000004001b9e0                SerialSendComplete
                0x000000004001b174                SerialEnableTxFlow
                0x000000004001b1bc                SerialEnableRxFlow
                0x000000004001cae0                real_SER_7_ISR
                0x000000004001ab1c                _Z8DoSerIsri
                0x000000004001b5cc                Serial485HalfDupMode
                0x000000004001cbe0                real_SER_3_ISR
                0x000000004001b124                SER_9_ISR
                0x000000004001af2c                SER_3_ISR
                0x000000004001b120                _Z14fake_SER_9_ISRv
                0x000000004001afd4                SER_5_ISR
                0x000000004001ca24                real_SER_0_ISR
                0x000000004001b3f8                SerialEnableHwRxFlow
                0x000000004001c084                serread
                0x000000004001c3a4                _Z11BasePutCharih
                0x000000004001c0a0                _Z11BaseGetChari
                0x000000004001cc20                real_SER_2_ISR
                0x000000004001af80                SER_4_ISR
                0x000000004001ae44                SER_1_ISR
                0x000000004001be98                serreadwto
                0x000000004001c4c8                _Z14InitializeMapsv
                0x000000004001adf0                SER_0_ISR
                0x000000004001c2a8                serwriteaddress
                0x000000004001b07c                SER_7_ISR
                0x000000004001ca60                real_SER_9_ISR
                0x000000004001c160                serwrite
                0x000000004001ba60                _Z20SerialExpandRxBufferii
                0x000000004001be74                serexternalclose
                0x000000004001b024                _Z14fake_SER_6_ISRv
                0x000000004001aed8                SER_2_ISR
                0x000000004001af7c                _Z14fake_SER_4_ISRv
                0x000000004001b0cc                _Z14fake_SER_8_ISRv
                0x000000004001ae40                _Z14fake_SER_1_ISRv
                0x000000004001af28                _Z14fake_SER_3_ISRv
                0x000000004001cb20                real_SER_6_ISR
                0x000000004001b208                SerialEnableHwTxFlow
 *fill*         0x000000004001cc5e        0x2 00
 .text          0x000000004001cc60     0x255e /Users/dciliske/nndk/lib/MOD5441X.a(ethernet.o)
                0x000000004001df54                _Z20AddEthernetInterfacev
                0x000000004001cf74                _Z9StopEnet0v
                0x000000004001e598                _ZN12EthernetVars17EthTransmitBufferEP11pool_buffer
                0x000000004001d0d0                _Z9EtherLinkv
                0x000000004001e91c                real_txenetisr0
                0x000000004001ee48                real_txenetisr1
                0x000000004001e754                _ZN12EthernetVars9TxIsrProcERVmmm
                0x000000004001cd60                txenetisr1
                0x000000004001d050                _Z13EtherSpeed100v
                0x000000004001dc48                _ZN12EthernetVars18InitializeEthernetEiiR6MACADR
                0x000000004001cf20                _ZN12EthernetVars8StopEnetEv
                0x000000004001d110                _Z10EtherLink0v
                0x000000004001e73c                _Z18EthTransmitBuffer0P11pool_buffer
                0x000000004001ebc8                _ZN12EthernetVars15ProcessRxBufferEP11pool_buffer
                0x000000004001e984                _ZN12EthernetVars9RxIsrProcERVmmm
                0x000000004001eeb0                real_rxenetisr1
                0x000000004001ce3c                _ZN12EthernetVars6GetMIIEh
                0x000000004001d6c8                _ZN12EthernetVars9ResetEnetEv
                0x000000004001cc64                rxenetisr0
                0x000000004001cef4                _ZN12EthernetVars6SetMIIEht
                0x000000004001ccb8                txenetisr0
                0x000000004001ce60                _ZN12EthernetVars6SetMIIEhht
                0x000000004001d1c0                _ZN12EthernetVars14ResetEnetPart2Ev
                0x000000004001e258                _Z9EnablePHYv
                0x000000004001e19c                _ZN12EthernetVars9EnablePHYEv
                0x000000004001e124                _ZN12EthernetVars20ManualEthernetConfigEhhh
                0x000000004001cf88                _ZN12EthernetVars10DisablePHYEv
                0x000000004001d174                _Z13EthMultifunc06MACADRh
                0x000000004001ede0                real_rxenetisr0
                0x000000004001cdb0                _ZN12EthernetVars6GetMIIEhh
                0x000000004001ccb4                _Z15fake_txenetisr0v
                0x000000004001e26c                _ZN12EthernetVars19ProcessDuplexStatusEt
                0x000000004001d03c                _Z10DisablePHYv
                0x000000004001e078                _ZN12EthernetVars13WarmEnetResetEv
                0x000000004001ef18                _Z17Ether_ProcessTaskPv
                0x000000004001d090                _Z11EtherDuplexv
                0x000000004001cd5c                _Z15fake_txenetisr1v
                0x000000004001cd08                _Z15fake_rxenetisr1v
                0x000000004001cc60                _Z15fake_rxenetisr0v
                0x000000004001cd0c                rxenetisr1
 *fill*         0x000000004001f1be        0x2 00
 .text          0x000000004001f1c0      0xc80 /Users/dciliske/nndk/lib/MOD5441X.a(etherprint.o)
                0x000000004001f5b0                _ZN12EthernetVars14ShowLinkStatusEv
                0x000000004001fe2c                _Z5denetv
                0x000000004001f1fc                _Z16ShowESWRegistersv
                0x000000004001f684                _ZN12EthernetVars7ShowMIIEhhPKct
                0x000000004001f9a8                _ZN12EthernetVars16ShowFECRegistersEv
                0x000000004001f6f4                _ZN12EthernetVars13ShowPhyterMIIEv
                0x000000004001f1d4                _ZN12EthernetVars13EtherSpeed100Ev
                0x000000004001f1c0                _ZN12EthernetVars9EtherLinkEv
                0x000000004001f1e8                _ZN12EthernetVars11EtherDuplexEv
                0x000000004001fe18                _Z5dEnetv
                0x000000004001fdd4                DoDumpEnet
                0x000000004001f524                _Z10showbinarytt
 .text          0x000000004001fe40      0x2c8 /Users/dciliske/nndk/lib/MOD5441X.a(emulticast.o)
                0x000000004001fe80                _ZN12EthernetVars18EthEnableMulticastE6MACADR
                0x000000004001fe40                _Z15GetMultiCastCRC6MACADR
                0x000000004001ffbc                _ZN12EthernetVars19EthDisableMulticastE6MACADR
 .text          0x0000000040020108      0x2aa /Users/dciliske/nndk/lib/MOD5441X.a(ether2nd.o)
                0x000000004002036c                _Z10EtherLink1v
                0x000000004002039c                _Z9StopEnet1v
                0x0000000040020348                _Z18EthTransmitBuffer1P11pool_buffer
                0x0000000040020108                _Z14Add2ndEthernetv
                0x00000000400202fc                _Z13EthMultifunc16MACADRh
 *fill*         0x00000000400203b2        0x2 00
 .text          0x00000000400203b4      0x6d4 /Users/dciliske/nndk/lib/MOD5441X.a(etherswitch.o)
                0x0000000040020718                eswlrnisr
                0x0000000040020714                _Z14fake_eswlrnisrv
                0x00000000400203e4                _Z11SetMacEntrymmm
                0x000000004002066c                _Z17fake_rxeswitchisrv
                0x00000000400204a0                _Z14UpdateMacTableblPhjj
                0x00000000400209e0                real_txeswitchisr
                0x0000000040020450                _Z9crc8_calcPh
                0x0000000040020410                _Z13ClearMacTablev
                0x0000000040020670                rxeswitchisr
                0x0000000040020768                real_eswlrnisr
                0x00000000400206c0                _Z17fake_txeswitchisrv
                0x00000000400207e8                _Z15EtherSwitchInitv
                0x00000000400206c4                txeswitchisr
                0x00000000400203b4                _Z11GetMacEntrymPmS_
                0x0000000040020a34                real_rxeswitchisr
 .text          0x0000000040020a88        0x0 /Users/dciliske/nndk/lib/MOD5441X.a(weak_autoenet_var.o)
 .text          0x0000000040020a88      0x2b0 /Users/dciliske/nndk/lib/NetBurner.a(extraio.o)
                0x0000000040020ab8                _Z11ExpandWriteiPKci
                0x0000000040020cc8                GetExtraInterface
                0x0000000040020b54                GetExtraFDwIntf
                0x0000000040020ae8                _Z11ExpandClosei
                0x0000000040020b18                _Z10InitExtrasv
                0x0000000040020c00                GetExtraFD
                0x0000000040020a88                _Z10ExpandReadiPci
                0x0000000040020cfc                GetFreeExtraFDCount
                0x0000000040020c18                FreeExtraFd
                0x0000000040020c5c                GetExtraData
                0x0000000040020c90                GetExtraExtraData
 .text          0x0000000040020d38      0x1f2 /Users/dciliske/nndk/lib/NetBurner.a(netrx.o)
                0x0000000040020d38                _Z7NetDoRXP11pool_bufferti
 *fill*         0x0000000040020f2a        0x2 00
 .text          0x0000000040020f2c      0x172 /Users/dciliske/nndk/lib/NetBurner.a(multiconfig.o)
                0x0000000040020f2c                _Z16SetupIFConfigRecR15_InterfaceBlock
 *fill*         0x000000004002109e        0x2 00
 .text          0x00000000400210a0       0x36 /Applications/NetBurner/gcc-m68k/bin/../lib/gcc/m68k-elf/4.2.1/../../../../m68k-elf/lib/m5206e/libm.a(lib_a-s_isnand.o)
                0x00000000400210a0                __isnand
 *fill*         0x00000000400210d6        0x2 00
 .text          0x00000000400210d8      0x1b8 /Applications/NetBurner/gcc-m68k/bin/../lib/gcc/m68k-elf/4.2.1/../../../../m68k-elf/lib/m5206e/libm.a(lib_a-s_modf.o)
                0x00000000400210d8                modf
 .text          0x0000000040021290      0xba0 /Applications/NetBurner/gcc-m68k/bin/../lib/gcc/m68k-elf/4.2.1/m5206e/libgcc.a(_double.o)
                0x0000000040021d8e                __cmpdf2
                0x00000000400212f0                __adddf3
                0x0000000040021c58                __negdf2
                0x0000000040021968                __divdf3
                0x0000000040021cb6                __cmpdf2_internal
                0x000000004002178c                __muldf3
                0x00000000400212ea                __subdf3
 .text          0x0000000040021e30       0x74 /Applications/NetBurner/gcc-m68k/bin/../lib/gcc/m68k-elf/4.2.1/m5206e/libgcc.a(_floatex.o)
                0x0000000040021e3c                $_exception_handler
                0x0000000040021e30                __clear_sticky_bit
 .text          0x0000000040021ea4       0x22 /Applications/NetBurner/gcc-m68k/bin/../lib/gcc/m68k-elf/4.2.1/m5206e/libgcc.a(_eqdf2.o)
                0x0000000040021ea4                __eqdf2
 *fill*         0x0000000040021ec6        0x2 00
 .text          0x0000000040021ec8       0x22 /Applications/NetBurner/gcc-m68k/bin/../lib/gcc/m68k-elf/4.2.1/m5206e/libgcc.a(_nedf2.o)
                0x0000000040021ec8                __nedf2
 *fill*         0x0000000040021eea        0x2 00
 .text          0x0000000040021eec       0x22 /Applications/NetBurner/gcc-m68k/bin/../lib/gcc/m68k-elf/4.2.1/m5206e/libgcc.a(_gtdf2.o)
                0x0000000040021eec                __gtdf2
 *fill*         0x0000000040021f0e        0x2 00
 .text          0x0000000040021f10       0x22 /Applications/NetBurner/gcc-m68k/bin/../lib/gcc/m68k-elf/4.2.1/m5206e/libgcc.a(_gedf2.o)
                0x0000000040021f10                __gedf2
 *fill*         0x0000000040021f32        0x2 00
 .text          0x0000000040021f34       0x22 /Applications/NetBurner/gcc-m68k/bin/../lib/gcc/m68k-elf/4.2.1/m5206e/libgcc.a(_ltdf2.o)
                0x0000000040021f34                __ltdf2
 *fill*         0x0000000040021f56        0x2 00
 .text          0x0000000040021f58       0x7a /Applications/NetBurner/gcc-m68k/bin/../lib/gcc/m68k-elf/4.2.1/m5206e/libgcc.a(_fixunsdfsi.o)
                0x0000000040021f58                __fixunsdfsi
 *fill*         0x0000000040021fd2        0x2 00
 .text          0x0000000040021fd4       0x88 /Applications/NetBurner/gcc-m68k/bin/../lib/gcc/m68k-elf/4.2.1/m5206e/libgcc.a(_fixunsdfdi.o)
                0x0000000040021fd4                __fixunsdfdi
 .text          0x000000004002205c      0x4f6 /Applications/NetBurner/gcc-m68k/bin/../lib/gcc/m68k-elf/4.2.1/m5206e/libgcc.a(_udivdi3.o)
                0x000000004002205c                __udivdi3
 *fill*         0x0000000040022552        0x2 00
 .text          0x0000000040022554      0x4f8 /Applications/NetBurner/gcc-m68k/bin/../lib/gcc/m68k-elf/4.2.1/m5206e/libgcc.a(_umoddi3.o)
                0x0000000040022554                __umoddi3
 .text          0x0000000040022a4c      0x49c /Applications/NetBurner/gcc-m68k/bin/../lib/gcc/m68k-elf/4.2.1/m5206e/libgcc.a(fpgnulib.o)
                0x0000000040022ece                __fixsfsi
                0x0000000040022bb4                __floatsidf
                0x0000000040022c8a                __extendsfdf2
                0x0000000040022b42                __floatunsidf
                0x0000000040022e4e                __fixdfsi
                0x0000000040022c70                __floatsisf
                0x0000000040022d26                __truncdfsf2
                0x0000000040022a4c                __unordsf2
                0x0000000040022c56                __floatunsisf
                0x0000000040022aae                __unorddf2
 .text          0x0000000040022ee8        0x0 /Applications/NetBurner/gcc-m68k/bin/../lib/gcc/m68k-elf/4.2.1/m5206e/libgcc.a(_clz.o)
 .text          0x0000000040022ee8       0x1e /Applications/NetBurner/gcc-m68k/bin/../lib/gcc/m68k-elf/4.2.1/../../../../m68k-elf/lib/m5206e/libc.a(lib_a-cxa_atexit.o)
                0x0000000040022ee8                __cxa_atexit
 *fill*         0x0000000040022f06        0x2 00
 .text          0x0000000040022f08        0xe /Applications/NetBurner/gcc-m68k/bin/../lib/gcc/m68k-elf/4.2.1/../../../../m68k-elf/lib/m5206e/libc.a(lib_a-errno.o)
                0x0000000040022f08                __errno
 *fill*         0x0000000040022f16        0x2 00
 .text          0x0000000040022f18       0x24 /Applications/NetBurner/gcc-m68k/bin/../lib/gcc/m68k-elf/4.2.1/../../../../m68k-elf/lib/m5206e/libc.a(lib_a-fiprintf.o)
                0x0000000040022f18                fiprintf
 .text          0x0000000040022f3c        0x0 /Applications/NetBurner/gcc-m68k/bin/../lib/gcc/m68k-elf/4.2.1/../../../../m68k-elf/lib/m5206e/libc.a(lib_a-impure.o)
 .text          0x0000000040022f3c       0x32 /Applications/NetBurner/gcc-m68k/bin/../lib/gcc/m68k-elf/4.2.1/../../../../m68k-elf/lib/m5206e/libc.a(lib_a-malloc.o)
                0x0000000040022f56                malloc
                0x0000000040022f3c                free
 *fill*         0x0000000040022f6e        0x2 00
 .text          0x0000000040022f70      0x78c /Applications/NetBurner/gcc-m68k/bin/../lib/gcc/m68k-elf/4.2.1/../../../../m68k-elf/lib/m5206e/libc.a(lib_a-mallocr.o)
                0x0000000040022f70                _malloc_r
 .text          0x00000000400236fc       0x8a /Applications/NetBurner/gcc-m68k/bin/../lib/gcc/m68k-elf/4.2.1/../../../../m68k-elf/lib/m5206e/libc.a(lib_a-puts.o)
                0x00000000400236fc                _puts_r
                0x0000000040023770                puts
 *fill*         0x0000000040023786        0x2 00
 .text          0x0000000040023788       0x6c /Applications/NetBurner/gcc-m68k/bin/../lib/gcc/m68k-elf/4.2.1/../../../../m68k-elf/lib/m5206e/libc.a(lib_a-rand.o)
                0x00000000400237a0                rand
                0x0000000040023788                srand
 .text          0x00000000400237f4       0x4e /Applications/NetBurner/gcc-m68k/bin/../lib/gcc/m68k-elf/4.2.1/../../../../m68k-elf/lib/m5206e/libc.a(lib_a-rget.o)
                0x000000004002382e                __srget
                0x00000000400237f4                __srget_r
 *fill*         0x0000000040023842        0x2 00
 .text          0x0000000040023844      0x1ee /Applications/NetBurner/gcc-m68k/bin/../lib/gcc/m68k-elf/4.2.1/../../../../m68k-elf/lib/m5206e/libc.a(lib_a-setvbuf.o)
                0x0000000040023844                setvbuf
 *fill*         0x0000000040023a32        0x2 00
 .text          0x0000000040023a34       0x1a /Applications/NetBurner/gcc-m68k/bin/../lib/gcc/m68k-elf/4.2.1/../../../../m68k-elf/lib/m5206e/libc.a(lib_a-strlen.o)
                0x0000000040023a34                strlen
 *fill*         0x0000000040023a4e        0x2 00
 .text          0x0000000040023a50     0x1010 /Applications/NetBurner/gcc-m68k/bin/../lib/gcc/m68k-elf/4.2.1/../../../../m68k-elf/lib/m5206e/libc.a(lib_a-vfiprintf.o)
                0x0000000040024a42                vfiprintf
                0x0000000040023a94                _vfiprintf_r
 .text          0x0000000040024a60      0x124 /Applications/NetBurner/gcc-m68k/bin/../lib/gcc/m68k-elf/4.2.1/../../../../m68k-elf/lib/m5206e/libc.a(lib_a-wbuf.o)
                0x0000000040024a60                __swbuf_r
                0x0000000040024b6a                __swbuf
 .text          0x0000000040024b84       0x7c /Applications/NetBurner/gcc-m68k/bin/../lib/gcc/m68k-elf/4.2.1/../../../../m68k-elf/lib/m5206e/libc.a(lib_a-wcrtomb.o)
                0x0000000040024b84                _wcrtomb_r
                0x0000000040024be4                wcrtomb
 .text          0x0000000040024c00      0x130 /Applications/NetBurner/gcc-m68k/bin/../lib/gcc/m68k-elf/4.2.1/../../../../m68k-elf/lib/m5206e/libc.a(lib_a-wcsrtombs.o)
                0x0000000040024c00                _wcsrtombs_r
                0x0000000040024d0e                wcsrtombs
 .text          0x0000000040024d30      0x452 /Applications/NetBurner/gcc-m68k/bin/../lib/gcc/m68k-elf/4.2.1/../../../../m68k-elf/lib/m5206e/libc.a(lib_a-wctomb_r.o)
                0x0000000040024d30                _wctomb_r
 *fill*         0x0000000040025182        0x2 00
 .text          0x0000000040025184      0x130 /Applications/NetBurner/gcc-m68k/bin/../lib/gcc/m68k-elf/4.2.1/../../../../m68k-elf/lib/m5206e/libc.a(lib_a-wsetup.o)
                0x0000000040025184                __swsetup
 .text          0x00000000400252b4       0xe8 /Applications/NetBurner/gcc-m68k/bin/../lib/gcc/m68k-elf/4.2.1/../../../../m68k-elf/lib/m5206e/libc.a(lib_a-__atexit.o)
                0x00000000400252b4                __register_exitproc
 .text          0x000000004002539c      0x198 /Applications/NetBurner/gcc-m68k/bin/../lib/gcc/m68k-elf/4.2.1/../../../../m68k-elf/lib/m5206e/libc.a(lib_a-fflush.o)
                0x000000004002539c                fflush
 .text          0x0000000040025534      0x25e /Applications/NetBurner/gcc-m68k/bin/../lib/gcc/m68k-elf/4.2.1/../../../../m68k-elf/lib/m5206e/libc.a(lib_a-findfp.o)
                0x000000004002558e                __sinit
                0x0000000040025646                __sfmoreglue
                0x0000000040025634                _cleanup
                0x000000004002561a                _cleanup_r
                0x00000000400256b4                __sfp
 *fill*         0x0000000040025792        0x2 00
 .text          0x0000000040025794      0x422 /Applications/NetBurner/gcc-m68k/bin/../lib/gcc/m68k-elf/4.2.1/../../../../m68k-elf/lib/m5206e/libc.a(lib_a-freer.o)
                0x0000000040025884                _free_r
                0x0000000040025794                _malloc_trim_r
 *fill*         0x0000000040025bb6        0x2 00
 .text          0x0000000040025bb8      0x394 /Applications/NetBurner/gcc-m68k/bin/../lib/gcc/m68k-elf/4.2.1/../../../../m68k-elf/lib/m5206e/libc.a(lib_a-fvwrite.o)
                0x0000000040025bb8                __sfvwrite_r
 .text          0x0000000040025f4c       0xe4 /Applications/NetBurner/gcc-m68k/bin/../lib/gcc/m68k-elf/4.2.1/../../../../m68k-elf/lib/m5206e/libc.a(lib_a-fwalk.o)
                0x0000000040025f4c                _fwalk
                0x0000000040025fbc                _fwalk_reent
 .text          0x0000000040026030       0xa6 /Applications/NetBurner/gcc-m68k/bin/../lib/gcc/m68k-elf/4.2.1/../../../../m68k-elf/lib/m5206e/libc.a(lib_a-locale.o)
                0x000000004002605e                _setlocale_r
                0x0000000040026030                __locale_charset
                0x000000004002603e                _localeconv_r
                0x00000000400260be                setlocale
                0x000000004002604c                localeconv
 *fill*         0x00000000400260d6        0x2 00
 .text          0x00000000400260d8      0x178 /Applications/NetBurner/gcc-m68k/bin/../lib/gcc/m68k-elf/4.2.1/../../../../m68k-elf/lib/m5206e/libc.a(lib_a-makebuf.o)
                0x00000000400260d8                __smakebuf
 .text          0x0000000040026250       0xd2 /Applications/NetBurner/gcc-m68k/bin/../lib/gcc/m68k-elf/4.2.1/../../../../m68k-elf/lib/m5206e/libc.a(lib_a-memchr.o)
                0x0000000040026250                memchr
 *fill*         0x0000000040026322        0x2 00
 .text          0x0000000040026324       0xb6 /Applications/NetBurner/gcc-m68k/bin/../lib/gcc/m68k-elf/4.2.1/../../../../m68k-elf/lib/m5206e/libc.a(lib_a-memmove.o)
                0x0000000040026324                memmove
 *fill*         0x00000000400263da        0x2 00
 .text          0x00000000400263dc      0x4da /Applications/NetBurner/gcc-m68k/bin/../lib/gcc/m68k-elf/4.2.1/../../../../m68k-elf/lib/m5206e/libc.a(lib_a-reallocr.o)
                0x00000000400263dc                _realloc_r
 *fill*         0x00000000400268b6        0x2 00
 .text          0x00000000400268b8      0x21c /Applications/NetBurner/gcc-m68k/bin/../lib/gcc/m68k-elf/4.2.1/../../../../m68k-elf/lib/m5206e/libc.a(lib_a-refill.o)
                0x00000000400268dc                __srefill_r
 .text          0x0000000040026ad4      0x162 /Applications/NetBurner/gcc-m68k/bin/../lib/gcc/m68k-elf/4.2.1/../../../../m68k-elf/lib/m5206e/libc.a(lib_a-stdio.o)
                0x0000000040026af2                __sseek
                0x0000000040026be4                __sread
                0x0000000040026ad4                __sclose
                0x0000000040026b54                __swrite
 *fill*         0x0000000040026c36        0x2 00
 .text          0x0000000040026c38       0x70 /Applications/NetBurner/gcc-m68k/bin/../lib/gcc/m68k-elf/4.2.1/../../../../m68k-elf/lib/m5206e/libc.a(lib_a-strcmp.o)
                0x0000000040026c38                strcmp
 .text          0x0000000040026ca8       0x3e /Applications/NetBurner/gcc-m68k/bin/../lib/gcc/m68k-elf/4.2.1/../../../../m68k-elf/lib/m5206e/libc.a(lib_a-writer.o)
                0x0000000040026ca8                _write_r
 *fill*         0x0000000040026ce6        0x2 00
 .text          0x0000000040026ce8       0x32 /Applications/NetBurner/gcc-m68k/bin/../lib/gcc/m68k-elf/4.2.1/../../../../m68k-elf/lib/m5206e/libc.a(lib_a-closer.o)
                0x0000000040026ce8                _close_r
 *fill*         0x0000000040026d1a        0x2 00
 .text          0x0000000040026d1c       0xfe /Applications/NetBurner/gcc-m68k/bin/../lib/gcc/m68k-elf/4.2.1/../../../../m68k-elf/lib/m5206e/libc.a(lib_a-fclose.o)
                0x0000000040026d1c                _fclose_r
                0x0000000040026e04                fclose
 *fill*         0x0000000040026e1a        0x2 00
 .text          0x0000000040026e1c       0x36 /Applications/NetBurner/gcc-m68k/bin/../lib/gcc/m68k-elf/4.2.1/../../../../m68k-elf/lib/m5206e/libc.a(lib_a-fstatr.o)
                0x0000000040026e1c                _fstat_r
 *fill*         0x0000000040026e52        0x2 00
 .text          0x0000000040026e54       0x3e /Applications/NetBurner/gcc-m68k/bin/../lib/gcc/m68k-elf/4.2.1/../../../../m68k-elf/lib/m5206e/libc.a(lib_a-lseekr.o)
                0x0000000040026e54                _lseek_r
 *fill*         0x0000000040026e92        0x2 00
 .text          0x0000000040026e94       0x3e /Applications/NetBurner/gcc-m68k/bin/../lib/gcc/m68k-elf/4.2.1/../../../../m68k-elf/lib/m5206e/libc.a(lib_a-readr.o)
                0x0000000040026e94                _read_r
 *fill*         0x0000000040026ed2        0x2 00
 .text          0x0000000040026ed4       0x72 /Applications/NetBurner/gcc-m68k/bin/../lib/gcc/m68k-elf/4.2.1/m5206e/libgcc.a(_muldi3.o)
                0x0000000040026ed4                __muldi3
 *fill*         0x0000000040026f46        0x2 00
 .text          0x0000000040026f48       0x32 /Applications/NetBurner/gcc-m68k/bin/../lib/gcc/m68k-elf/4.2.1/m5206e/crtend.o
                0x0000000040026f80                . = ALIGN (0x10)
 *fill*         0x0000000040026f7a        0x6 00
 *(.text.*)
                0x0000000040026f80                . = ALIGN (0x10)
 *(.eh_frame)
 .eh_frame      0x0000000040026f80        0x0 /Applications/NetBurner/gcc-m68k/bin/../lib/gcc/m68k-elf/4.2.1/m5206e/crtbegin.o
 .eh_frame      0x0000000040026f80       0x40 /Applications/NetBurner/gcc-m68k/bin/../lib/gcc/m68k-elf/4.2.1/m5206e/libgcc.a(_udivdi3.o)
 .eh_frame      0x0000000040026fc0       0x2c /Applications/NetBurner/gcc-m68k/bin/../lib/gcc/m68k-elf/4.2.1/m5206e/libgcc.a(_umoddi3.o)
                                         0x40 (size before relaxing)
 .eh_frame      0x0000000040026fec        0x4 /Applications/NetBurner/gcc-m68k/bin/../lib/gcc/m68k-elf/4.2.1/m5206e/crtend.o
                0x0000000040026ff0                . = ALIGN (0x10)
 *fill*         0x0000000040026ff0        0x0 00
 *(.gnu.linkonce.t.*)
                0x0000000040026ff0                . = ALIGN (0x4)
                0x0000000040026ff0                __CTOR_LIST__ = .
 *(.ctors)
 .ctors         0x0000000040026ff0        0x4 /Applications/NetBurner/gcc-m68k/bin/../lib/gcc/m68k-elf/4.2.1/m5206e/crtbegin.o
 .ctors         0x0000000040026ff4        0x4 /Users/dciliske/nndk/lib/NetBurner.a(tcp.o)
 .ctors         0x0000000040026ff8        0x4 /Users/dciliske/nndk/lib/NetBurner.a(ip.o)
 .ctors         0x0000000040026ffc        0x4 /Users/dciliske/nndk/lib/NetBurner.a(buffers.o)
 .ctors         0x0000000040027000        0x4 /Users/dciliske/nndk/lib/MOD5441X.a(serial.o)
 .ctors         0x0000000040027004        0x4 /Applications/NetBurner/gcc-m68k/bin/../lib/gcc/m68k-elf/4.2.1/m5206e/crtend.o
                0x0000000040027008                __CTOR_END__ = .
                0x0000000040027008        0x4 LONG 0x0
                0x000000004002700c                __CTOR_END__ = .
                0x000000004002700c                __DTOR_LIST__ = .
                0x000000004002700c                ___DTOR_LIST__ = .
                0x000000004002700c        0x4 LONG 0x2 (((__DTOR_END__ - __DTOR_LIST__) / 0x4) - 0x2)
 *(.dtors)
 .dtors         0x0000000040027010        0x4 /Applications/NetBurner/gcc-m68k/bin/../lib/gcc/m68k-elf/4.2.1/m5206e/crtbegin.o
 .dtors         0x0000000040027014        0x4 /Applications/NetBurner/gcc-m68k/bin/../lib/gcc/m68k-elf/4.2.1/m5206e/crtend.o
                0x0000000040027018        0x4 LONG 0x0
                0x000000004002701c                __DTOR_END__ = .
 *(.rodata)
 .rodata        0x000000004002701c        0x6 ./main.o
 .rodata        0x0000000040027022      0x108 /Users/dciliske/nndk/lib/NetBurner.a(ucos.o)
                0x000000004002702a                FAKE_OSUnMapTbl
                0x0000000040027022                FAKE_OSMapTbl
 .rodata        0x000000004002712a        0xd /Users/dciliske/nndk/lib/NetBurner.a(tcp.o)
 *fill*         0x0000000040027137        0x1 00
 .rodata        0x0000000040027138       0x26 /Users/dciliske/nndk/lib/NetBurner.a(release_tagdata.o)
                0x000000004002713c                rtag_array
                0x0000000040027138                rtag_len
 .rodata        0x000000004002715e       0xb8 /Users/dciliske/nndk/lib/NetBurner.a(utils.o)
 *fill*         0x0000000040027216        0xa 00
 .rodata        0x0000000040027220        0x4 /Users/dciliske/nndk/lib/NetBurner.a(buffers.o)
 .rodata        0x0000000040027224        0x2 /Users/dciliske/nndk/lib/NetBurner.a(udp.o)
 .rodata        0x0000000040027226       0x50 /Users/dciliske/nndk/lib/MOD5441X.a(serial.o)
 .rodata        0x0000000040027276      0x400 /Users/dciliske/nndk/lib/MOD5441X.a(emulticast.o)
 .rodata        0x0000000040027676        0x1 /Users/dciliske/nndk/lib/MOD5441X.a(weak_autoenet_var.o)
                0x0000000040027676                bAutomatic2ndEther
 .rodata        0x0000000040027677      0x100 /Applications/NetBurner/gcc-m68k/bin/../lib/gcc/m68k-elf/4.2.1/m5206e/libgcc.a(_clz.o)
                0x0000000040027677                __clz_tab
 *fill*         0x0000000040027777        0x1 00
 .rodata        0x0000000040027778        0x4 /Applications/NetBurner/gcc-m68k/bin/../lib/gcc/m68k-elf/4.2.1/../../../../m68k-elf/lib/m5206e/libc.a(lib_a-impure.o)
                0x0000000040027778                _global_impure_ptr
 .rodata        0x000000004002777c       0x20 /Applications/NetBurner/gcc-m68k/bin/../lib/gcc/m68k-elf/4.2.1/../../../../m68k-elf/lib/m5206e/libc.a(lib_a-vfiprintf.o)
 .rodata        0x000000004002779c       0x34 /Applications/NetBurner/gcc-m68k/bin/../lib/gcc/m68k-elf/4.2.1/../../../../m68k-elf/lib/m5206e/libc.a(lib_a-locale.o)
 *(.rodata.*)
 .rodata.str1.1
                0x00000000400277d0       0x39 ./main.o
 .rodata.str1.1
                0x0000000040027809        0xe ./servo.o
 .rodata.str1.1
                0x0000000040027817        0x9 /Users/dciliske/nndk/lib/MOD5441X.a(bsp.o)
 .rodata.str1.1
                0x0000000040027820       0xed /Users/dciliske/nndk/lib/NetBurner.a(ucos.o)
 .rodata.str1.1
                0x000000004002790d      0x167 /Users/dciliske/nndk/lib/NetBurner.a(ucosmain.o)
                                        0x169 (size before relaxing)
 .rodata.str1.1
                0x0000000040027a74        0x3 /Users/dciliske/nndk/lib/NetBurner.a(fileio.o)
                                          0x6 (size before relaxing)
 .rodata.str1.1
                0x0000000040027a77        0x5 /Users/dciliske/nndk/lib/NetBurner.a(main.o)
 .rodata.str1.1
                0x0000000040027a7c      0x38f /Users/dciliske/nndk/lib/NetBurner.a(tcp.o)
                                        0x392 (size before relaxing)
 .rodata.str1.1
                0x0000000040027e0b      0x529 /Users/dciliske/nndk/lib/NetBurner.a(smarttrap.o)
                                        0x540 (size before relaxing)
 .rodata.str1.1
                0x0000000040028334       0x37 /Users/dciliske/nndk/lib/NetBurner.a(nbiprintf.o)
                                         0x41 (size before relaxing)
 .rodata.str1.1
                0x000000004002836b       0xc9 /Users/dciliske/nndk/lib/NetBurner.a(system.o)
                                         0xcd (size before relaxing)
 .rodata.str1.1
                0x0000000040028434      0x177 /Users/dciliske/nndk/lib/NetBurner.a(utils.o)
                                        0x17b (size before relaxing)
 .rodata.str1.1
                0x00000000400285ab      0x212 /Users/dciliske/nndk/lib/NetBurner.a(ip.o)
                                        0x217 (size before relaxing)
 .rodata.str1.1
                0x00000000400287bd       0x68 /Users/dciliske/nndk/lib/NetBurner.a(buffers.o)
                                         0x70 (size before relaxing)
 .rodata.str1.1
                0x0000000040028825       0x50 /Users/dciliske/nndk/lib/NetBurner.a(arp.o)
 .rodata.str1.1
                0x0000000040028875       0x18 /Users/dciliske/nndk/lib/NetBurner.a(udp.o)
 .rodata.str1.1
                0x000000004002888d       0x16 /Users/dciliske/nndk/lib/NetBurner.a(dhcpc.o)
                                         0x21 (size before relaxing)
 .rodata.str1.1
                0x00000000400288a3        0x8 /Users/dciliske/nndk/lib/NetBurner.a(defappname.o)
 .rodata.str1.1
                0x00000000400288ab       0x84 /Users/dciliske/nndk/lib/NetBurner.a(taskmon.o)
                                         0xb9 (size before relaxing)
 .rodata.str1.1
                0x0000000000000000        0xa /Users/dciliske/nndk/lib/NetBurner.a(nbfloatprint.o)
 .rodata.str1.1
                0x000000004002892f      0x15a /Users/dciliske/nndk/lib/MOD5441X.a(serial.o)
 .rodata.str1.1
                0x0000000040028a89        0xe /Users/dciliske/nndk/lib/MOD5441X.a(ethernet.o)
 .rodata.str1.1
                0x0000000040028a97      0x44e /Users/dciliske/nndk/lib/MOD5441X.a(etherprint.o)
                                        0x497 (size before relaxing)
 .rodata.str1.1
                0x0000000040028ee5        0xa /Users/dciliske/nndk/lib/MOD5441X.a(ether2nd.o)
 .rodata.str1.1
                0x0000000040028eef        0x2 /Applications/NetBurner/gcc-m68k/bin/../lib/gcc/m68k-elf/4.2.1/../../../../m68k-elf/lib/m5206e/libc.a(lib_a-impure.o)
 .rodata.str1.1
                0x0000000000000000        0x2 /Applications/NetBurner/gcc-m68k/bin/../lib/gcc/m68k-elf/4.2.1/../../../../m68k-elf/lib/m5206e/libc.a(lib_a-puts.o)
 .rodata.str1.1
                0x0000000040028ef1       0x3c /Applications/NetBurner/gcc-m68k/bin/../lib/gcc/m68k-elf/4.2.1/../../../../m68k-elf/lib/m5206e/libc.a(lib_a-vfiprintf.o)
                                         0x43 (size before relaxing)
 .rodata.str1.1
                0x0000000040028f2d       0x1d /Applications/NetBurner/gcc-m68k/bin/../lib/gcc/m68k-elf/4.2.1/../../../../m68k-elf/lib/m5206e/libc.a(lib_a-wctomb_r.o)
 .rodata.str1.1
                0x0000000040028f4a        0xb /Applications/NetBurner/gcc-m68k/bin/../lib/gcc/m68k-elf/4.2.1/../../../../m68k-elf/lib/m5206e/libc.a(lib_a-locale.o)
                                         0x10 (size before relaxing)
 *(.gnu.linkonce.*)
 *(.gcc_except_table)
                0x0000000040028f58                . = ALIGN (0x4)
 *fill*         0x0000000040028f55        0x3 00
                0x0000000040028f58                __INIT_SECTION__ = .
                0x0000000040028f58        0x4 LONG 0x4e560000
 *(.init)
 .init          0x0000000040028f5c        0x6 /Applications/NetBurner/gcc-m68k/bin/../lib/gcc/m68k-elf/4.2.1/m5206e/crtbegin.o
 .init          0x0000000040028f62        0x6 /Applications/NetBurner/gcc-m68k/bin/../lib/gcc/m68k-elf/4.2.1/m5206e/crtend.o
                0x0000000040028f68        0x2 SHORT 0x4e5e
                0x0000000040028f6a        0x2 SHORT 0x4e75
                0x0000000040028f6c                . = ALIGN (0x4)
                0x0000000040028f6c                __FINI_SECTION__ = .
                0x0000000040028f6c        0x4 LONG 0x4e560000
 *(.fini)
 .fini          0x0000000040028f70        0x6 /Applications/NetBurner/gcc-m68k/bin/../lib/gcc/m68k-elf/4.2.1/m5206e/crtbegin.o
                0x0000000040028f76        0x2 SHORT 0x4e5e
                0x0000000040028f78        0x2 SHORT 0x4e75
 *(.lit)
                0x0000000040028f80                . = ALIGN (0x10)
 *fill*         0x0000000040028f7a        0x6 00
                0x0000000040028f80                _etext = .
                0x0000000040028f80                etext = .

.data           0x0000000040028f80      0x8e4
                0x0000000040028f80                copy_start = .
 *(.shdata)
 *(.data)
 .data          0x0000000040028f80        0x4 /Applications/NetBurner/gcc-m68k/bin/../lib/gcc/m68k-elf/4.2.1/../../../../m68k-elf/lib/m5206e/nb-crt0.o
 .data          0x0000000040028f84        0x8 /Applications/NetBurner/gcc-m68k/bin/../lib/gcc/m68k-elf/4.2.1/m5206e/crtbegin.o
                0x0000000040028f84                __dso_handle
 .data          0x0000000040028f8c       0x80 ./main.o
                0x0000000040028f8c                seq
 .data          0x000000004002900c        0x0 ./servo.o
 .data          0x000000004002900c        0x4 /Users/dciliske/nndk/lib/MOD5441X.a(bsp.o)
                0x000000004002900c                PlatformName
 .data          0x0000000040029010        0x0 /Users/dciliske/nndk/lib/MOD5441X.a(flash.o)
 .data          0x0000000040029010        0x0 /Users/dciliske/nndk/lib/MOD5441X.a(pins.o)
 .data          0x0000000040029010        0x0 /Users/dciliske/nndk/lib/NetBurner.a(ucosmcfa.o)
 .data          0x0000000040029010        0x0 /Users/dciliske/nndk/lib/NetBurner.a(software_init.o)
 .data          0x0000000040029010        0x0 /Users/dciliske/nndk/lib/NetBurner.a(ucos.o)
 .data          0x0000000040029010        0x0 /Users/dciliske/nndk/lib/NetBurner.a(debugtrap.o)
 .data          0x0000000040029010        0x0 /Users/dciliske/nndk/lib/NetBurner.a(ucosmain.o)
 .data          0x0000000040029010        0x0 /Users/dciliske/nndk/lib/NetBurner.a(fileio.o)
 .data          0x0000000040029010        0x0 /Users/dciliske/nndk/lib/NetBurner.a(main.o)
 .data          0x0000000040029010        0x0 /Users/dciliske/nndk/lib/NetBurner.a(tcp.o)
 .data          0x0000000040029010        0x0 /Users/dciliske/nndk/lib/NetBurner.a(iosys.o)
 .data          0x0000000040029010        0x0 /Users/dciliske/nndk/lib/NetBurner.a(netinterface.o)