Archive member included because of file (symbol)

/Users/dciliske/nndk/lib/MOD5441X.a(bsp.o)
                              ./main.o (SetIntc)
/Users/dciliske/nndk/lib/MOD5441X.a(flash.o)
                              /Users/dciliske/nndk/lib/MOD5441X.a(bsp.o) (FlashErase)
/Users/dciliske/nndk/lib/MOD5441X.a(pins.o)
                              ./main.o (_ZN5PinIO3setEh)
/Users/dciliske/nndk/lib/NetBurner.a(ucosmcfa.o)
                              /Users/dciliske/nndk/lib/MOD5441X.a(bsp.o) (OSCtxSw)
/Users/dciliske/nndk/lib/NetBurner.a(software_init.o)
                              /Applications/NetBurner/gcc-m68k/bin/../lib/gcc/m68k-elf/4.2.1/../../../../m68k-elf/lib/m5206e/nb-crt0.o (software_init_hook)
/Users/dciliske/nndk/lib/NetBurner.a(ucosmcfc.o)
                              ./main.o (OSTaskCreate)
/Users/dciliske/nndk/lib/NetBurner.a(ucos.o)
                              /Users/dciliske/nndk/lib/NetBurner.a(ucosmcfc.o) (OSSched)
/Users/dciliske/nndk/lib/NetBurner.a(debugtrap.o)
                              /Users/dciliske/nndk/lib/MOD5441X.a(bsp.o) (SetAddressReadRangeTrap)
/Users/dciliske/nndk/lib/NetBurner.a(ucosmain.o)
                              /Users/dciliske/nndk/lib/NetBurner.a(ucos.o) (OSTCBTbl)
/Users/dciliske/nndk/lib/NetBurner.a(fileio.o)
                              /Users/dciliske/nndk/lib/NetBurner.a(ucosmain.o) (ioctl)
/Users/dciliske/nndk/lib/NetBurner.a(main.o)
                              /Applications/NetBurner/gcc-m68k/bin/../lib/gcc/m68k-elf/4.2.1/../../../../m68k-elf/lib/m5206e/nb-crt0.o (main)
/Users/dciliske/nndk/lib/NetBurner.a(tcp.o)
                              /Users/dciliske/nndk/lib/NetBurner.a(fileio.o) (_Socket_Private_read)
/Users/dciliske/nndk/lib/NetBurner.a(iosys.o)
                              /Users/dciliske/nndk/lib/NetBurner.a(tcp.o) (FD_ZERO)
/Users/dciliske/nndk/lib/NetBurner.a(netinterface.o)
                              /Users/dciliske/nndk/lib/NetBurner.a(tcp.o) (_Z17GetFirstInterfacev)
/Users/dciliske/nndk/lib/NetBurner.a(smarttrap.o)
                              /Users/dciliske/nndk/lib/MOD5441X.a(bsp.o) (smart_trap_asm)
/Users/dciliske/nndk/lib/NetBurner.a(device.o)
                              /Users/dciliske/nndk/lib/NetBurner.a(main.o) (DeviceInitializeSem)
/Users/dciliske/nndk/lib/NetBurner.a(release_tag.o)
                              ./main.o (GetReleaseTag)
/Users/dciliske/nndk/lib/NetBurner.a(release_tagdata.o)
                              /Users/dciliske/nndk/lib/NetBurner.a(release_tag.o) (rtag_len)
/Users/dciliske/nndk/lib/NetBurner.a(init.o)
                              ./main.o (_Z4initv)
/Users/dciliske/nndk/lib/NetBurner.a(nbiprintf.o)
                              ./main.o (iprintf)
/Users/dciliske/nndk/lib/NetBurner.a(system.o)
                              /Users/dciliske/nndk/lib/NetBurner.a(netinterface.o) (RawGetConfig)
/Users/dciliske/nndk/lib/NetBurner.a(utils.o)
                              /Users/dciliske/nndk/lib/NetBurner.a(system.o) (AsciiToIp)
/Users/dciliske/nndk/lib/NetBurner.a(ip.o)
                              /Users/dciliske/nndk/lib/NetBurner.a(tcp.o) (GetSum)
/Users/dciliske/nndk/lib/NetBurner.a(buffers.o)
                              /Users/dciliske/nndk/lib/NetBurner.a(tcp.o) (IncUsageCount)
/Users/dciliske/nndk/lib/NetBurner.a(arp.o)
                              /Users/dciliske/nndk/lib/NetBurner.a(ip.o) (wArpLifetime)
/Users/dciliske/nndk/lib/NetBurner.a(udp.o)
                              /Users/dciliske/nndk/lib/NetBurner.a(ip.o) (_Z11process_udpP11pool_bufferP5IPPKTt)
/Users/dciliske/nndk/lib/NetBurner.a(autoip.o)
                              /Users/dciliske/nndk/lib/NetBurner.a(arp.o) (_ZN12AutoIPClient16addressCollisionEv)
/Users/dciliske/nndk/lib/NetBurner.a(dhcpc.o)
                              /Users/dciliske/nndk/lib/NetBurner.a(init.o) (_Z25GetDHCPAddressIfNecessaryib)
/Users/dciliske/nndk/lib/NetBurner.a(defappname.o)
                              /Users/dciliske/nndk/lib/NetBurner.a(udp.o) (AppName)
/Users/dciliske/nndk/lib/NetBurner.a(taskmon.o)
                              /Users/dciliske/nndk/lib/NetBurner.a(init.o) (_Z17EnableTaskMonitorv)
/Users/dciliske/nndk/lib/NetBurner.a(autoupdate.o)
                              /Users/dciliske/nndk/lib/NetBurner.a(init.o) (EnableAutoUpdate)
/Users/dciliske/nndk/lib/NetBurner.a(nbsiprintf.o)
                              /Users/dciliske/nndk/lib/NetBurner.a(utils.o) (sniprintf)
/Users/dciliske/nndk/lib/NetBurner.a(new_ops.o)
                              /Users/dciliske/nndk/lib/NetBurner.a(autoip.o) (_Znwm)
/Users/dciliske/nndk/lib/MOD5441X.a(localio.o)
                              /Users/dciliske/nndk/lib/NetBurner.a(fileio.o) (LocalInByte)
/Users/dciliske/nndk/lib/MOD5441X.a(serial.o)
                              /Users/dciliske/nndk/lib/NetBurner.a(fileio.o) (SerialClose)
/Users/dciliske/nndk/lib/MOD5441X.a(ethernet.o)
[...]
Memory Configuration

Name             Origin             Length             Attributes
ram              0x0000000040000400 0x0000000003fffcff xrw
SRAM             0x0000000080000400 0x000000000000fbf0 xrw
*default*        0x0000000000000000 0xffffffffffffffff

Linker script and memory map

LOAD /Applications/NetBurner/gcc-m68k/bin/../lib/gcc/m68k-elf/4.2.1/../../../../m68k-elf/lib/m5206e/nb-crt0.o
LOAD /Applications/NetBurner/gcc-m68k/bin/../lib/gcc/m68k-elf/4.2.1/m5206e/crtbegin.o
LOAD /Users/dciliske/nndk/MOD5441X/lib/sys.ld
                0x0000000040000000                ovector_base = 0x40000000
                0x0000000080000000                vector_base = 0x80000000
                0x0000000080000400                SRAM_START_ADDR = 0x80000400
                0x0000000080010000                SRAM_END_ADDR = 0x80010000
                0x00000000c0000000                gConfigRec = 0xc0000000
                0x00000000c0020000                UserParamBase = 0xc0020000
                0x00000000c0040000                FlashAppBase = 0xc0040000
                0x00000000ec008000                sim1 = 0xec008000
                0x00000000fc004000                sim2 = 0xfc004000
                0x00000000fc0d4008                DBETHER_EMIR_REG = 0xfc0d4008
LOAD ./main.o
START GROUP
LOAD /Users/dciliske/nndk/lib/MOD5441X.a
LOAD /Users/dciliske/nndk/lib/NetBurner.a
LOAD /Users/dciliske/nndk/lib/FatFile.a
END GROUP
LOAD /Applications/NetBurner/gcc-m68k/bin/../lib/gcc/m68k-elf/4.2.1/../../../../m68k-elf/lib/m5206e/libstdc++.a
LOAD /Applications/NetBurner/gcc-m68k/bin/../lib/gcc/m68k-elf/4.2.1/../../../../m68k-elf/lib/m5206e/libm.a
LOAD /Applications/NetBurner/gcc-m68k/bin/../lib/gcc/m68k-elf/4.2.1/m5206e/libgcc.a
LOAD /Applications/NetBurner/gcc-m68k/bin/../lib/gcc/m68k-elf/4.2.1/../../../../m68k-elf/lib/m5206e/libc.a
LOAD /Applications/NetBurner/gcc-m68k/bin/../lib/gcc/m68k-elf/4.2.1/m5206e/libgcc.a
LOAD /Applications/NetBurner/gcc-m68k/bin/../lib/gcc/m68k-elf/4.2.1/m5206e/crtend.o
START GROUP
LOAD /Applications/NetBurner/gcc-m68k/bin/../lib/gcc/m68k-elf/4.2.1/../../../../m68k-elf/lib/m5206e/libc.a
LOAD /Applications/NetBurner/gcc-m68k/bin/../lib/gcc/m68k-elf/4.2.1/m5206e/libgcc.a
LOAD /Applications/NetBurner/gcc-m68k/bin/../lib/gcc/m68k-elf/4.2.1/../../../../m68k-elf/lib/m5206e/libm.a
END GROUP
                0x0000000000000000                __DYNAMIC = 0x0
                0x0000000044000000                PROVIDE (__stack, 0x44000000)
                0x0000000000000000                PROVIDE (hardware_init_hook, 0x0)
                0x0000000000000000                PROVIDE (_hardware_init_hook, 0x0)
                0x0000000000000000                PROVIDE (software_init_hook, 0x0)
                0x0000000000000000                PROVIDE (_software_init_hook, 0x0)

.SRAM_SECT      0x0000000080000400     0xce70
                0x0000000080000400                SRAM_START = .
 *(SYS_VAR_SECT)
 SYS_VAR_SECT   0x0000000080000400      0x5c0 /Users/dciliske/nndk/lib/NetBurner.a(ucos.o)
                0x000000008000052c                TimeTick
                0x000000008000051c                OSLockNesting
                0x0000000080000526                OSRunning
                0x0000000080000724                taskpc
                0x0000000080000508                OSTCBList
                0x00000000800008b8                OSMapTbl
                0x0000000080000528                Secs
                0x0000000080000514                OSTCBFreeList
                0x0000000080000524                OSISRLevel
                0x0000000080000530                tasklisttask
                0x0000000080000510                OSTCBHighRdy
                0x0000000080000520                OSRdyGrp
                0x00000000800008c0                OSUnMapTbl
                0x0000000080000594                tasklisttim
                0x0000000080000500                OSRdyTbl
                0x0000000080000518                OSIntNesting
                0x000000008000050c                OSTCBCur
                0x0000000080000400                OSTCBPrioTbl
                0x00000000800008b4                tasklistn
 SYS_VAR_SECT   0x00000000800009c0      0x24c /Users/dciliske/nndk/lib/NetBurner.a(ucosmain.o)
                0x00000000800009c0                OSTcbStructSize
                0x00000000800009d8                critical_count
                0x00000000800009dc                OSTCBTbl
 SYS_VAR_SECT   0x0000000080000c0c       0x1c /Users/dciliske/nndk/lib/NetBurner.a(fileio.o)
                0x0000000080000c18                pExtraFdFunc
                0x0000000080000c1c                fd_map
 SYS_VAR_SECT   0x0000000080000c28       0x20 /Users/dciliske/nndk/lib/NetBurner.a(iosys.o)
                0x0000000080000c28                read_file_sets
                0x0000000080000c38                error_file_sets
                0x0000000080000c30                write_file_sets
                0x0000000080000c48                SYS_VAR_SECT_END = .
                0x0000000080000c50                . = ALIGN (0x10)
 *fill*         0x0000000080000c48        0x8 00
 *(IDLE_STK_SECT)
                0x0000000080000c50                IDLE_STK_SECT_END = .
                0x0000000080000c50                . = ALIGN (0x10)
 *(MAIN_STK_SECT)
 MAIN_STK_SECT  0x0000000080000c50     0x4000 /Users/dciliske/nndk/lib/NetBurner.a(main.o)
                0x0000000080000c50                MainStk
                0x0000000080004c50                MAIN_STK_SECT_END = .
                0x0000000080004c50                . = ALIGN (0x4)
 *(ETHER_VAR_SECT)
 ETHER_VAR_SECT
                0x0000000080004c50      0x252 /Users/dciliske/nndk/lib/MOD5441X.a(ethernet.o)
                0x0000000080004e90                FecFifo
                0x0000000080004c50                enet0
                0x0000000080004d70                enet1
                0x0000000080004ea2                ETHER_VAR_SECT_END = .
                0x0000000080004eb0                . = ALIGN (0x10)
 *fill*         0x0000000080004ea2        0xe 00
 *(ETHER_STK_SECT)
 ETHER_STK_SECT
                0x0000000080004eb0     0x2000 /Users/dciliske/nndk/lib/MOD5441X.a(ethernet.o)
                0x0000000080004eb0                EtherSendStk
                0x0000000080006eb0                ETHER_STK_SECT_END = .
                0x0000000080006eb0                . = ALIGN (0x4)
 *(IP_VAR_SECT)
 IP_VAR_SECT    0x0000000080006eb0      0x2fe /Users/dciliske/nndk/lib/NetBurner.a(ip.o)
                0x0000000080006ece                pDHCPServerTick
                0x0000000080006eb2                bTTL_Default
                0x00000000800071a6                next_arp_time
                0x0000000080006eb4                ipRxFifo
                0x0000000080006eea                multi_home_if_record
                0x0000000080006ec6                IcmpFifo
                0x0000000080006ee6                nAdditional_Homes
                0x0000000080006eb0                wGlobalPktId
                0x0000000080006eda                pPromisciousPacketFunc
                0x0000000080006ee2                pFragFunc
                0x0000000080006ede                pMultiCastFunc
                0x00000000800071aa                delay
                0x0000000080006ed6                pAutoIPTick
                0x0000000080006ed2                pMultiTick
                0x0000000080006eca                pDHCPTick
                0x0000000080006f12                multi_if_block
 IP_VAR_SECT    0x00000000800071ae       0x78 /Users/dciliske/nndk/lib/NetBurner.a(udp.o)
                0x0000000080007222                UdpNetbiosNameServicePtr
                0x000000008000721a                pDHCPServerProcessFunction
                0x00000000800071ae                udp_fifos
                0x0000000080007216                pDHCPProcessFunction
                0x000000008000721e                pTaskPacketFunc
                0x0000000080007212                UDP_fifos_used
                0x0000000080007226                IP_VAR_SECT_END = .
                0x0000000080007230                . = ALIGN (0x10)
 *fill*         0x0000000080007226        0xa 00
 *(IP_STK_SECT)
 IP_STK_SECT    0x0000000080007230     0x3000 /Users/dciliske/nndk/lib/NetBurner.a(ip.o)
                0x0000000080007230                IPStk
                0x000000008000a230                IP_STK_SECT_END = .
                0x000000008000a230                . = ALIGN (0x4)
 *(TCP_VAR_SECT)
 TCP_VAR_SECT   0x000000008000a230       0x1e /Users/dciliske/nndk/lib/NetBurner.a(tcp.o)
                0x000000008000a240                TCP_TimerSemaphore
                0x000000008000a230                TCP_critical_section
                0x000000008000a24e                TCP_VAR_SECT_END = .
                0x000000008000a250                . = ALIGN (0x10)
 *fill*         0x000000008000a24e        0x2 00
 *(TCP_STK_SECT)
 TCP_STK_SECT   0x000000008000a250     0x3000 /Users/dciliske/nndk/lib/NetBurner.a(tcp.o)
                0x000000008000a250                TCPStk
                0x000000008000d250                TCP_STK_SECT_END = .
                0x000000008000d250                . = ALIGN (0x10)
 *(HTTP_STK_SECT)
                0x000000008000d250                HTTP_STK_SECT_END = .
                0x000000008000d250                . = ALIGN (0x10)
 *(FTP_STK_SECT)
                0x000000008000d250                FTP_STK_SECT_END = .
                0x000000008000d250                . = ALIGN (0x10)
 *(WIFI_STK_SECT)
                0x000000008000d250                WIFI_STK_SECT_END = .
                0x000000008000d250                . = ALIGN (0x10)
 *(PPP_STK_SECT)
                0x000000008000d250                PPP_STK_SECT_END = .
                0x000000008000d250                . = ALIGN (0x10)
 *(COMMAND_STK_SECT)
                0x000000008000d250                COMMAND_STK_SECT_END = .
                0x000000008000d250                . = ALIGN (0x4)
 *(USER_VAR_SECT)
                0x000000008000d250                USER_VAR_SECT_END = .
                0x000000008000d250                . = ALIGN (0x10)
 *(USER_STK_SECT)
                0x000000008000d250                USER_STK_SECT_END = .
                0x000000008000d250                BUFFERS_SECT_START = .
                0x000000008000d250                . = ALIGN (0x10)
 *(BUFFERS_VAR_SECT)
 BUFFERS_VAR_SECT
                0x000000008000d250       0x1c /Users/dciliske/nndk/lib/NetBurner.a(buffers.o)
                0x000000008000d250                FAST_BUFFER_POOL_SIZE
                0x000000008000d25e                free_fast_list
                0x000000008000d268                free_list_is_initialized
                0x000000008000d254                free_list
                0x000000008000d270                . = ALIGN (0x10)
 *fill*         0x000000008000d26c        0x4 00
                0x000000008000d270                BUFFERS_VAR_SECT_END = .
                0x000000008000d270                . = ALIGN (0x10)
                0x000000008000d270                SRAM_END = .

.text           0x0000000040000400    0x27310
 *(.text)
 .text          0x0000000040000400       0xaa /Applications/NetBurner/gcc-m68k/bin/../lib/gcc/m68k-elf/4.2.1/../../../../m68k-elf/lib/m5206e/nb-crt0.o
                0x0000000040000400                start
 *fill*         0x00000000400004aa        0x2 00
 .text          0x00000000400004ac       0x9c /Applications/NetBurner/gcc-m68k/bin/../lib/gcc/m68k-elf/4.2.1/m5206e/crtbegin.o
 .text          0x0000000040000548      0x8b8 ./main.o
                0x00000000400007cc                EdgeCaptureISR
                0x000000004000081c                _Z17SetupCaptureInputv
                0x0000000040000c5c                real_EdgeCaptureISR
                0x0000000040000674                _Z16fake_EncoderBISRv
                0x0000000040000978                UserMain
                0x00000000400007c8                _Z19fake_EdgeCaptureISRv
                0x0000000040000548                _Z16fake_EncoderAISRv
                0x000000004000059c                real_EncoderAISR
                0x00000000400006c8                real_EncoderBISR
                0x0000000040000bbc                _Z10TickleTaskPv
                0x000000004000054c                EncoderAISR
                0x0000000040000678                EncoderBISR
 .text          0x0000000040000e00      0x430 /Users/dciliske/nndk/lib/MOD5441X.a(bsp.o)
                0x0000000040001048                GetUserParameters
                0x0000000040000fa4                _sbrk_r
                0x00000000400010e8                HardwareSetup
                0x0000000040000ef4                DisableCache
                0x0000000040000ffc                spaceleft
                0x0000000040000e14                Tick5441X
                0x00000000400010cc                ForceReboot
                0x0000000040001034                BspGetTickFraction
                0x0000000040000e10                xTick
                0x0000000040000ff0                atexit
                0x0000000040001058                SaveUserParameters
                0x0000000040000f6c                EnableCache
                0x0000000040000e00                CatchNullWrites
                0x0000000040000e2c                SetIntc
 .text          0x0000000040001230      0x26a /Users/dciliske/nndk/lib/MOD5441X.a(flash.o)
                0x00000000400012a8                FlashProgram
                0x0000000040001230                FlashErase
 *fill*         0x000000004000149a        0x2 00
 .text          0x000000004000149c     0x1d06 /Users/dciliske/nndk/lib/MOD5441X.a(pins.o)
                0x000000004000149c                _ZN5PinIO3setEh
                0x0000000040002a30                _ZN5PinIO8functionEi
                0x0000000040001f94                _ZN5PinIO5driveEv
                0x0000000040003140                CReadPin
                0x00000000400023c0                _ZN5PinIO4readEv
                0x0000000040003164                CGPInPin
 *fill*         0x00000000400031a2        0xe 00
 .text          0x00000000400031b0      0x44a /Users/dciliske/nndk/lib/NetBurner.a(ucosmcfa.o)
                0x0000000040003290                OSDebugTraceHalt
                0x00000000400031b0                OSStartHighRdy
                0x00000000400032a0                TrapOutByte
                0x00000000400032d0                memcpy
                0x00000000400032d0                fmemcpy
                0x00000000400031d0                OSCtxSw
                0x00000000400032c0                TrapCharAvail
                0x0000000040003200                OSIntCtxSw
                0x00000000400032b0                TrapInByte
                0x0000000040003230                OSTickISR
                0x00000000400033a0                memcpysum
                0x0000000040003270                OSSetupVBR
                0x00000000400035d0                GetSR_IntLevel
                0x0000000040003530                memset
                0x0000000040003530                fmemset
                0x00000000400035e0                SetSR_IntLevel
 *fill*         0x00000000400035fa        0x2 00
 .text          0x00000000400035fc        0x8 /Users/dciliske/nndk/lib/NetBurner.a(software_init.o)
                0x00000000400035fc                software_init_hook
 .text          0x0000000040003604      0x334 /Users/dciliske/nndk/lib/NetBurner.a(ucosmcfc.o)
                0x0000000040003900                OSTaskCreate
                0x000000004000392c                TopOfStackKillfunction
                0x00000000400036cc                OSTaskCreatewName
                0x0000000040003604                OSTCBInit
                0x0000000040003930                KillFunctionLink
 .text          0x0000000040003938     0x2162 /Users/dciliske/nndk/lib/NetBurner.a(ucos.o)
                0x000000004000546c                OSCritEnterNoWait
                0x00000000400058e8                ShowTaskList
                0x0000000040003afc                UCOSWAITS_HERE
                0x0000000040005118                OSFifoPostFirst
                0x00000000400054e0                OSCritLeave
                0x00000000400039bc                OSLogTaskPos
                0x0000000040005278                getpid
                0x0000000040003d08                OSLock
                0x0000000040004be8                OSQPostFirst
                0x00000000400055f8                OSTaskID
                0x00000000400049d4                OSQPendNoWait
                0x0000000040005610                OSSetName
                0x0000000040005638                OSIntExit
                0x0000000040004200                OSSemPendNoWait
                0x0000000040003edc                OSTaskDelete
                0x0000000040003d5c                OSUnlock
                0x0000000040005290                OSCritInit
                0x0000000040004a50                OSQPost
                0x00000000400052cc                OSCritEnter
                0x0000000040004dd4                OSFifoPend
                0x0000000040004054                OSSemPend
                0x00000000400043cc                OSMboxInit
                0x0000000040004608                OSMboxPost
                0x0000000040004d88                OSFifoInit
                0x00000000400047ec                OSQPend
                0x0000000040003a60                OSSched
                0x0000000040003b34                OSTimeDly
                0x0000000040004240                OSSemPost
                0x0000000040003dc8                OSChangePrio
                0x0000000040003cd8                OSTCBGetFree
                0x0000000040003b0c                OSIntEnterWAS
                0x00000000400045c0                OSMboxPendNoWait
                0x0000000040004fb8                OSFifoPost
                0x0000000040003ff4                OSSemInit
                0x00000000400056f4                OSStart
                0x0000000040003938                OSLogTask
                0x0000000040003bec                OSTimeTick
                0x0000000040004778                OSQInit
                0x0000000040005624                OSTaskName
                0x0000000040004f68                OSFifoPendNoWait
                0x0000000040004420                OSMboxPend
                0x0000000040005770                OSInit
                0x0000000040003bcc                OSChangeTaskDly
 *fill*         0x0000000040005a9a        0x2 00
 .text          0x0000000040005a9c      0x180 /Users/dciliske/nndk/lib/NetBurner.a(debugtrap.o)
                0x0000000040005bc4                SetAddressReadRangeTrap
                0x0000000040005b84                SetAddressReadTrap
                0x0000000040005a9c                WDEBUG
                0x0000000040005b2c                SetAddressWriteRangeTrap
                0x0000000040005aec                SetAddressWrittenTrap
 .text          0x0000000040005c1c      0x5c0 /Users/dciliske/nndk/lib/NetBurner.a(ucosmain.o)
                0x0000000040006100                __malloc_unlock
                0x0000000040006024                UCosBegin
                0x0000000040005c1c                OSDumpTCBStacks
                0x0000000040005fb4                OSDumpTasks
                0x0000000040006120                balloc_lock
                0x0000000040006160                UCosSetup
                0x00000000400060e4                balloc_unlock
                0x0000000040005d00                DumpTCBState
                0x0000000040006140                __malloc_lock
 .text          0x00000000400061dc      0x5f8 /Users/dciliske/nndk/lib/NetBurner.a(fileio.o)
                0x000000004000636c                ioctl
                0x00000000400061dc                isatty
                0x00000000400062c4                CurrentStdioFD
                0x000000004000633c                lseek
                0x0000000040006214                ReplaceStdio
                0x00000000400063d8                write
                0x00000000400061f8                fstat
                0x0000000040006508                rawwrite
                0x0000000040006714                stdioinbyte
                0x000000004000658c                read
                0x00000000400062f4                outbyte
                0x0000000040006354                open
                0x000000004000630c                charavail
                0x00000000400062e8                fcntl
                0x000000004000678c                close
 .text          0x00000000400067d4       0x78 /Users/dciliske/nndk/lib/NetBurner.a(main.o)
                0x000000004000680c                main
                0x00000000400067d4                __do_global_ctors
 .text          0x000000004000684c     0x545e /Users/dciliske/nndk/lib/NetBurner.a(tcp.o)
                0x0000000040007f34                _Z10SendTcpRstP5IPPKT
                0x0000000040006e88                _Z11GetTcpStatei
                0x00000000400081e4                _Z7InitTCPv
                0x0000000040008cc8                _Socket_Private_read
                0x0000000040006e3c                _ZN15ShortSocketListC2Ev
                0x0000000040006ee8                _Z20SetOutOfOrderbuffersih
                0x0000000040006abc                _Z19GetSocketRemotePorti
                0x000000004000769c                _ZN13socket_struct18MyAdvertisedWindowEv
                0x0000000040007538                _Z18SetSocketTxBuffersii
                0x0000000040006bd0                _Z13setsockoptionii
                0x00000000400079e8                _Z7TcpSendP13socket_structmP11pool_bufferth
                0x000000004000ae14                _Z12TCPTimerTaskPv
                0x000000004000b610                _Z11process_tcpP11pool_bufferP5IPPKTt
                0x0000000040009324                _ZN13socket_struct10ProcessRSTEv
                0x000000004000bbe0                _Z17NoBlockconnectviamttm
                0x0000000040006f2c                _Z16TcpGetLastRxTimei
                0x0000000040009440                abortsocket
                0x0000000040009824                _ZN13socket_struct18ProcessDataSegmentEP6TCPPKTtPhRP11pool_buffer
                0x000000004000ba38                _Z10connectviamttmm
                0x00000000400087fc                _ZNK14HashSocketList12RemoveSocketEP13socket_struct
                0x0000000040009ebc                _Socket_Private_write
                0x0000000040006c08                _Z13getsockoptioni
                0x000000004000a504                _ZN13socket_struct10ProcessAckEP6TCPPKT
                0x0000000040008ce4                _ZN13socket_struct8SaveDataEPhth
                0x00000000400084ec                _Z14GetTcpRtxCounti
                0x00000000400069b0                _Z10fixoverlapmmRmS_
                0x0000000040008fc4                _ZN13socket_struct8SetTimerEm
                0x000000004000bbb8                _Z7connectmttm
                0x0000000040006c94                _ZN14HashSocketListC1Ev
                0x0000000040008a40                _Z12GetTcpSocketP6TCPPKTm
                0x000000004000bc30                _Z14NoBlockConnectmttm
                0x00000000400071b8                _Z23TcpGetRxBufferSpaceUsedi
                0x0000000040009b04                _ZN13socket_struct9DoRawSendEv
                0x00000000400071f8                _Z15ShowFdTcpSocketi
                0x00000000400074bc                _ZN13socket_struct12ClearPendingEi
                0x0000000040008560                _ZNK15ShortSocketList10findsocketEttm
                0x000000004000bb30                _Z7connectmttmm
                0x0000000040008478                _Z16TcpSendKeepAlivei
                0x0000000040006a2c                _Z14getsocketerrori
                0x0000000040006c7c                _Z14EnableTcpDebugt
                0x000000004000ad20                _ZN13socket_struct12ProcessTimerEv
                0x00000000400099e0                _ZN13socket_struct19SetUpNextRetransmitEv
                0x0000000040006c8c                _ZN14HashSocketListC2Ev
                0x0000000040007178                _Z24TcpGetTxBufferAvailSpacei
                0x0000000040008af8                SockReadWithTimeout
                0x0000000040008178                _Z18GetFreeSocketCountv
                0x000000004000a7b0                _ZN13socket_struct10ProcessFINEP6TCPPKTt
                0x0000000040007714                _Z19FixHeaderAndSendTcpP11pool_bufferP5IPPKTP13socket_struct
                0x0000000040006c38                _Z19setsocketackbuffersih
                0x0000000040006bb0                _ZN13socket_struct22CleanUpDeletedListenerEv
                0x000000004000696c                _Z16FindListenSockettm
                0x0000000040007820                _Z11TcpSendwSumP13socket_structmP11pool_bufferthm
                0x0000000040009044                _ZN13socket_struct9DoCleanupEv
                0x0000000040008dd4                _ZN13socket_struct14TestOutofOrderEv
                0x0000000040006f9c                _Z20TcpGetLastRxIntervali
                0x000000004000684c                _Z11GetFirstSeqv
                0x00000000400083e4                _Z10FREESOCKETP13socket_struct
                0x000000004000921c                _ZN15ShortSocketList9AddSocketEP13socket_struct
                0x000000004000a3e8                _ZN13socket_struct12DoRetransmitEh
                0x0000000040006e4c                _ZN15ShortSocketList4InitEv
                0x0000000040008604                _ZN15ShortSocketList11processTickEv
                0x000000004000b728                _ZN13socket_struct11CoreConnectEmttm
                0x000000004000a924                _Socket_Private_close
                0x000000004000aa64                _Z6acceptiPmPtt
                0x0000000040006e44                _ZN15ShortSocketListC1Ev
                0x0000000040007578                _Z18SetSocketRxBuffersii
                0x0000000040009660                _Z6listenmth
                0x0000000040006c9c                _ZNK14HashSocketList4InitEv
                0x0000000040006cb4                _ZN15ShortSocketList12GetFreeShortEv
                0x0000000040006a8c                _Z19GetSocketRemoteAddri
                0x0000000040008968                _ZNK14HashSocketList10findsocketEttm
                0x000000004000710c                _Z18WaitForSocketFlushim
                0x0000000040006c84                _Z13DumpTcpPacketP5IPPKT
                0x0000000040009768                _Z23RemoveFromUserCloseListP13socket_struct
                0x0000000040006890                _Z11ValidateTCPP5IPPKTt
                0x00000000400086b4                _ZNK15ShortSocketList7processEP11pool_bufferP6TCPPKTm
                0x000000004000687c                _ZN13socket_struct8SetStateEi
                0x00000000400075b8                _ZN13socket_struct14processoptionsEP11pool_bufferP6TCPPKTP5IPPKT
                0x000000004000a0e4                _ZN13socket_struct7DoCloseEi
                0x0000000040009574                _Z13GetFreeSocketv
                0x0000000040006aec                _Z18GetSocketLocalPorti
                0x00000000400088b4                _ZNK14HashSocketList9AddSocketEP13socket_struct
                0x0000000040006dfc                _ZNK15ShortSocketList9FreeShortEP11ShortSocket
                0x0000000040006b1c                _ZN13socket_struct7CalcRTOEm
                0x0000000040007edc                _ZN13socket_struct10OpenWindowEv
                0x0000000040008048                _Z13SendTcpSynRstP5IPPKT
                0x00000000400070bc                _Z15TcpAllDataAckedi
                0x0000000040009e3c                _Z13clrsockoptionii
                0x0000000040006f60                _Z17TcpGetSocketStatei
                0x0000000040006c74                _Z12DumpTcpDebugv
                0x0000000040006a5c                _Z18GetSocketLocalAddri
                0x000000004000af48                _ZN13socket_struct7processEP11pool_bufferP6TCPPKT
                0x0000000040006ebc                RegisterTCPReadNotify
                0x0000000040007a78                _ZN13socket_struct9SendStateEtP11pool_buffer
 *fill*         0x000000004000bcaa        0x2 00
 .text          0x000000004000bcac      0x69e /Users/dciliske/nndk/lib/NetBurner.a(iosys.o)
                0x000000004000c0e8                SetDataAvail
                0x000000004000bf88                writeall
                0x000000004000bfe8                _Z15RawCheckSelectsv
                0x000000004000c094                SetHaveError
                0x000000004000c124                _Z12RemoveSelectP13PendingSelect
                0x000000004000c0ac                SetWriteAvail
                0x000000004000be78                ZeroWaitSelect
                0x000000004000c1a4                _Z9AddSelectP13PendingSelect
                0x000000004000bdcc                FD_ISSET
                0x000000004000bd74                ClrDataAvail
                0x000000004000c1fc                select
                0x000000004000bd5c                ClrWriteAvail
                0x000000004000c060                _Z12CheckSelectsv
                0x000000004000bf2c                writestring
                0x000000004000be3c                _Z9countbitsP6fd_set
                0x000000004000bcac                _Z10FD_OVERLAPP6fd_setS0_
                0x000000004000befc                dataavail
                0x000000004000bce8                FD_ZERO
                0x000000004000bd8c                FD_SET
                0x000000004000bd44                ClrHaveError
                0x000000004000be18                _Z11countdwbitsm
                0x000000004000c29c                ReadWithTimeout
                0x000000004000bd00                FD_CLR
 *fill*         0x000000004000c34a        0x2 00
 .text          0x000000004000c34c      0x4b2 /Users/dciliske/nndk/lib/NetBurner.a(netinterface.o)
                0x000000004000c730                _Z17InitializeNetworkPFvP11pool_bufferP6EFRAMEtEPFvS0_S2_E
                0x000000004000c404                _Z11InterfaceIPi
                0x000000004000c4f8                _Z9GetEframeP11pool_buffer
                0x000000004000c6d0                _Z12SaveIfConfigP12ConfigRecordi
                0x000000004000c5c4                _Z26RegisterMultiHomeInterfaceP15_InterfaceBlock
                0x000000004000c34c                _Z17GetFirstInterfacev
                0x000000004000c700                _Z11GetIfConfigi
                0x000000004000c4b4                _Z12InterfaceMACi
                0x000000004000c3b0                _Z17GetInterFaceBlocki
                0x000000004000c430                _Z12InterfaceDNSi
                0x000000004000c45c                _Z13InterfaceMASKi
                0x000000004000c36c                _Z16GetnextInterfacei
                0x000000004000c79c                _Z14TransmitBufferP11pool_bufferi
                0x000000004000c564                _Z16DisableMulticast6MACADRi
                0x000000004000c62c                _Z17RegisterInterfaceP15_InterfaceBlock
                0x000000004000c50c                _Z15EnableMulticast6MACADRi
                0x000000004000c69c                _Z15Removeinterfacei
                0x000000004000c5bc                _Z12StopNetworksv
                0x000000004000c3dc                _Z18GetInterfaceNumberP15_InterfaceBlock
                0x000000004000c488                _Z13InterfaceGatei
 *fill*         0x000000004000c7fe        0x2 00
 .text          0x000000004000c800     0x131e /Users/dciliske/nndk/lib/NetBurner.a(smarttrap.o)
                0x000000004000c834                _Z16EnableSmartTrapsv
                0x000000004000c914                _Z9WalkStackP6os_tcbmm
                0x000000004000cdf4                smart_trap_asm
                0x000000004000cc14                _Z17Local_OutTCBStateP6os_tcbmm
                0x000000004000c800                _Z8SafeReadm
                0x000000004000c850                _Z12Local_OutHexmi
                0x000000004000cdec                _Z17Smart_Trap_Holderv
                0x000000004000c8e4                _Z15Local_OutStringPKc
                0x000000004000c990                _Z18Local_ShowTaskNamePV6os_tcb
 *fill*         0x000000004000db1e        0x2 00
 .text          0x000000004000db20       0x52 /Users/dciliske/nndk/lib/NetBurner.a(device.o)
                0x000000004000db40                DeviceInitializeSem
                0x000000004000db20                _Z16DeviceGetQspiSemv
                0x000000004000db30                _Z15DeviceGetI2cSemv
 *fill*         0x000000004000db72        0x2 00
 .text          0x000000004000db74       0xb6 /Users/dciliske/nndk/lib/NetBurner.a(release_tag.o)
                0x000000004000db74                GetReleaseTag
 *fill*         0x000000004000dc2a        0x2 00
 .text          0x000000004000dc2c        0x0 /Users/dciliske/nndk/lib/NetBurner.a(release_tagdata.o)
 .text          0x000000004000dc2c       0x9a /Users/dciliske/nndk/lib/NetBurner.a(init.o)
                0x000000004000dc2c                _Z4initv
 *fill*         0x000000004000dcc6        0x2 00
 .text          0x000000004000dcc8     0x1948 /Users/dciliske/nndk/lib/NetBurner.a(nbiprintf.o)
                0x000000004000e218                _Z8prespaceiiiPFbPvPKciES_Ri
                0x000000004000dd4c                _Z13decimallenully
                0x000000004000e318                _Z26NormalGetNextParamFunctionPv
                0x000000004000dcc8                _Z10decimallenm
                0x000000004000e32c                _Z15CoreLongLongDecyPFbPvPKciES_R7pfstate
                0x000000004000f5f4                _Z8putcharsPvPKci
                0x000000004000df4c                _Z6octlenm
                0x000000004000dfe0                _Z6binlenm
                0x000000004000f5c4                _Z19NB_internal_iprintfPFbPvPKciES_Pm
                0x000000004000e6a8                _Z23NB_internal_iprintf_indPFbPvPKciES_PFmS_ES_
                0x000000004000f5e0                iprintf
                0x000000004000e2c8                _Z8leadzeroiiiPFbPvPKciES_Ri
                0x000000004000df08                _Z9hexlenully
                0x000000004000e270                _Z9postspaceiiiPFbPvPKciES_Ri
                0x000000004000e524                _Z7CoreDecmPFbPvPKciES_R7pfstate
                0x000000004000de9c                _Z6hexlenm
                0x000000004000e1c0                _Z10Put20CharsPvPFbS_PKciEiS1_
 .text          0x000000004000f610      0x6a0 /Users/dciliske/nndk/lib/NetBurner.a(system.o)
                0x000000004000f9a8                UpdateConfigRecord_Num
                0x000000004000f664                RawGetConfig
                0x000000004000f610                isvalidcr
                0x000000004000fb6c                SetupDialog
                0x000000004000f720                ReadLine
                0x000000004000fb58                UpdateConfigRecord
                0x000000004000f690                GetValidConfig
                0x000000004000f8f4                IpQuestion
                0x000000004000f6b8                ShowChange
 .text          0x000000004000fcb0      0xd08 /Users/dciliske/nndk/lib/NetBurner.a(utils.o)
                0x0000000040010720                fShowMac
                0x000000004000ff24                _Z9FancyDumpPhi
                0x0000000040010854                ShowCounters
                0x000000004000fd50                ValidIPv4
                0x000000004000fe6c                convertHexAsciiToBinary
                0x00000000400100e4                ShowData
                0x000000004001077c                snShowIP
                0x000000004000fcb0                kill
                0x00000000400108bc                fShowCounters
                0x00000000400106e0                fShowIP
                0x000000004000fcc0                _fini
                0x0000000040010050                ShowIP
                0x000000004000fccc                AsciiToIp
                0x0000000040010934                sShowCounters
                0x0000000040010820                _Z14DiagMenuPickerih
                0x000000004001008c                ShowMac
                0x000000004000fdd4                convertBinaryToHexAscii
                0x000000004000ff0c                __builtin_delete
                0x000000004000fcb8                _exit
                0x00000000400107c0                snShowMac
 .text          0x00000000400109b8     0x1aaa /Users/dciliske/nndk/lib/NetBurner.a(ip.o)
                0x0000000040010e08                _Z9FixUpICMPP5IPPKThhPht
                0x0000000040010b78                _Z11IsMultiCastm
                0x00000000400117a8                _Z16FixHeaderAndSendP11pool_bufferP5IPPKT
                0x000000004001111c                _Z10DoIPPacketP11pool_bufferP6EFRAMEt
                0x0000000040010a74                GetSum20
                0x0000000040011aa4                PingViaInterface
                0x00000000400110bc                _Z9SaveErrorP11pool_buffer
                0x000000004001142c                _Z12process_icmpP11pool_bufferP5IPPKTt
                0x0000000040010cb4                IpProcessEthernetPacket
                0x00000000400112e0                _Z28FixHeaderAndSendViaInterfaceP11pool_bufferP5IPPKTi
                0x0000000040011d20                _Z12ShowIPBufferP11pool_buffer
                0x0000000040011908                _Z13SendICMPErrorP11pool_bufferhh
                0x0000000040010f20                _Z15InitializeStackmmmm
                0x0000000040010bc8                _Z7GetDataP5IPPKT
                0x0000000040011044                InitializeCStack
                0x0000000040011bb4                Ping
                0x00000000400109b8                GetSum
                0x0000000040011050                _Z21GetMultiHomeInterfacemi
                0x0000000040011100                IsMyIp
                0x0000000040010ec4                _Z11IsBroadCastmi
                0x0000000040010e70                KillStack
                0x0000000040010bf4                _Z15PrepareIPOutputP11pool_buffermt
                0x0000000040010b98                _Z15GetMultiAddressm
                0x00000000400119dc                SendPing
                0x0000000040010aac                GetSumHdr
                0x0000000040010e7c                _Z7IsLocalmi
                0x0000000040011be8                _Z19GetLocalIPInterfacem
                0x0000000040011c40                _Z12AddInterfacemmmi
                0x0000000040011548                _Z6IPTaskPv
 *fill*         0x0000000040012462        0x2 00
 .text          0x0000000040012464      0xeec /Users/dciliske/nndk/lib/NetBurner.a(buffers.o)
                0x0000000040012548                FreeBufferList
                0x0000000040012954                _ZN19fifo_buffer_storage4FullEv
                0x000000004001299c                _ZN19fifo_buffer_storage7GetTailEv
                0x0000000040012a54                ShowBuffer
                0x0000000040012d38                _ZN19fifo_buffer_storage5ResetEh
                0x0000000040012578                InitBuffers
                0x00000000400126a4                _ZN11buffer_list12InsertBeforeEP11pool_bufferS1_
                0x000000004001287c                GetBuffer
                0x0000000040012a34                _ZN19fifo_buffer_storageC2Ehh
                0x000000004001293c                _ZN19fifo_buffer_storage5EmptyEv
                0x0000000040013194                _ZN19fifo_buffer_storage12ReadDatawSumEPhiRm
                0x0000000040012928                _ZN19fifo_buffer_storage9SpaceUsedEv
                0x0000000040012464                _Z11ShowBuffersv
                0x0000000040012490                _ZN11buffer_list10InsertHeadEP11pool_buffer
                0x0000000040012b80                GetFreeCount
                0x0000000040012474                IncUsageCount
                0x0000000040012a14                _ZN19fifo_buffer_storageC1Ehh
                0x0000000040012640                _ZN11buffer_list10InsertTailEP11pool_buffer
                0x0000000040012df8                _ZN19fifo_buffer_storageD2Ev
                0x0000000040012ee8                _ZN19fifo_buffer_storage13SetMaxBuffersEh
                0x0000000040012bf8                _ZN19fifo_buffer_storage8ReadDataEPhi
                0x00000000400129ac                _ZN19fifo_buffer_storage4InitEhh
                0x000000004001246c                _Z11DumpBuffersv
                0x0000000040012814                _ZN11buffer_list10RemoveHeadEv
                0x000000004001278c                _ZN11buffer_list6RemoveEP11pool_buffer
                0x00000000400128c8                _ZN11buffer_list10RemoveTailEv
                0x0000000040012e0c                _ZN19fifo_buffer_storage14LongSpaceAvailEv
                0x0000000040012f78                _ZN19fifo_buffer_storage9WriteDataEPhi
                0x0000000040012500                FreeBuffer
                0x0000000040012718                _ZN11buffer_list11InsertAfterEP11pool_bufferS1_
                0x0000000040012ec4                _ZN19fifo_buffer_storage10SpaceAvailEv
                0x0000000040012de4                _ZN19fifo_buffer_storageD1Ev
 .text          0x0000000040013350     0x1922 /Users/dciliske/nndk/lib/NetBurner.a(arp.o)
                0x0000000040014084                _Z10FindAddArpm
                0x00000000400134ac                _Z17sendGratuitousArpi
                0x0000000040013378                _Z8MacEqual6MACADRS_
                0x00000000400136b4                _Z13InitializeArpv
                0x000000004001375c                _Z7FindArpm
                0x00000000400139b8                _Z7SendArpP9ArpRecordi
                0x0000000040013668                _Z12GetInterfacem
                0x0000000040014968                _Z11AddCheckArpP6MACADRmi
                0x00000000400133d8                _Z6SetMacP9ArpRecord6MACADRi
                0x0000000040013ec0                _Z15DeleteArpFromIpm
                0x0000000040013860                _Z15GetArpMacFromIpmR6MACADR
                0x0000000040014490                _Z11RouteOutViaP6EFRAMEmP11pool_bufferi
                0x0000000040013914                _Z18GetProperInterfacem
                0x0000000040013fd4                _Z10FreeOneArpv
                0x00000000400149f4                _Z10processArpP11pool_bufferP6EFRAME
                0x0000000040013470                _Z8NeedsArpi
                0x0000000040013ae8                _Z10GetNextArpP9ArpRecord
                0x000000004001357c                _Z10RawSendArpP9ArpRecordmi
                0x0000000040013ee0                _Z6AgeArpv
                0x00000000400146b0                _Z8RouteOutP6EFRAMEmP11pool_buffer
                0x0000000040013bb0                _Z7ShowArpv
                0x0000000040013cf0                _Z9DeleteArpP9ArpRecord
                0x0000000040013b58                _Z11GetFirstArpv
                0x0000000040013a24                GetSrcIp
                0x0000000040014320                _Z24IsMyAddressUsedArpDetectti
                0x0000000040013370                _Z7Cleanupv
                0x0000000040013350                _Z6IsNullP9ArpRecord
                0x0000000040013c44                _Z8fShowArpP7__sFILE
                0x00000000400138b8                _Z10AddPendingP6MACADRmi
 *fill*         0x0000000040014c72        0x2 00
 .text          0x0000000040014c74     0x149c /Users/dciliske/nndk/lib/NetBurner.a(udp.o)
                0x000000004001553c                _ZN9UDPPacket4SendEmh
                0x0000000040014dbc                _ZN9UDPPacket18SetDestinationPortEt
                0x0000000040014e80                _ZN9UDPPacket11GetPacketIdEv
                0x0000000040014ecc                _ZN9UDPPacket16GetSourceAddressEv
                0x0000000040015d50                _ZN9UDPPacketC2Ev
                0x0000000040015278                _ZN9UDPPacket11AddDataByteEh
                0x0000000040015654                _ZN9UDPPacket11SendAndKeepEmh
                0x0000000040014ef0                _Z15RegisterUDPFifotP7os_fifo
                0x00000000400152c0                _ZN9UDPPacket7AddDataEPKc
                0x0000000040014ce8                _ZN9UDPPacketC2EP11pool_buffer
                0x0000000040015380                _ZN9UDPPacket16SendViaInterfaceEmih
                0x0000000040014e68                _ZN9UDPPacket11GetIpPacketEv
                0x00000000400154a8                _ZN9UDPPacket7SendViaEmmh
                0x00000000400156c4                _ZN9UDPPacketD2Ev
                0x0000000040014c74                _Z13GetUdpFifoRect
                0x0000000040014df8                _ZN9UDPPacket13GetDataBufferEv
                0x0000000040014fb8                _Z25RegisterUDPFifoWithNotifytP7os_fifoPFvS0_tE
                0x0000000040014d34                _ZN9UDPPacketC1EP11pool_buffer
                0x0000000040014e2c                _ZNK9UDPPacket11GetDataSizeEv
                0x0000000040015730                _Z15ProcessIDPacketR9UDPPacketi
                0x000000004001529c                _ZN9UDPPacket11AddDataWordEt
                0x0000000040015d94                _Z11process_udpP11pool_bufferP5IPPKTt
                0x00000000400152f0                _ZN9UDPPacket8ValidateEv
                0x0000000040014dd8                _ZNK9UDPPacket18GetDestinationPortEv
                0x00000000400151cc                _ZN9UDPPacket7AddDataEPKht
                0x0000000040015080                _Z17UnregisterUDPFifot
                0x0000000040016050                _ZN9UDPPacketC1EP7os_fifom
                0x0000000040014e0c                _ZN9UDPPacket11SetDataSizeEt
                0x0000000040015148                _Z15FixIDDataPacketR9UDPPacketP15_InterfaceBlock
                0x0000000040014e54                _ZN9UDPPacket9ResetDataEv
                0x000000004001569c                _ZN9UDPPacketD1Ev
                0x00000000400160b0                _ZN9UDPPacketC2EP7os_fifom
                0x00000000400154e8                _ZN9UDPPacket14SendAndKeepViaEmmh
                0x0000000040014d80                _ZN9UDPPacket13SetSourcePortEt
                0x0000000040014d9c                _ZNK9UDPPacket13GetSourcePortEv
                0x00000000400151a4                _Z15FixIDDataPacketR9UDPPacketi
                0x00000000400156ec                _ZN9UDPPacketC1Ev
                0x0000000040014ea8                _ZN9UDPPacket21GetDestinationAddressEv
 .text          0x0000000040016110      0x71c /Users/dciliske/nndk/lib/NetBurner.a(autoip.o)
                0x000000004001634c                _ZN12AutoIPClientC1Ei
                0x000000004001622c                _ZN12AutoIPClient4stopEv
                0x0000000040016678                _ZN12AutoIPClient8arpCheckEv
                0x000000004001619c                _ZN12AutoIPClient11getNextTickEv
                0x00000000400164d4                _ZN12AutoIPClient8announceEv
                0x0000000040016150                _ZN12AutoIPClient16addressCollisionEv
                0x000000004001618c                _ZN12AutoIPClient8getStateEv
                0x00000000400165b0                _ZN12AutoIPClient8startArpEv
                0x00000000400167d4                _ZN12AutoIPClient14staticTimeTickEv
                0x0000000040016110                _ZN12AutoIPClient5startEv
                0x00000000400163c8                _ZN12AutoIPClientC2Ei
                0x00000000400161ac                _ZN12AutoIPClient9tickDelayEi
                0x00000000400161d4                _ZN12AutoIPClient9negotiateEv
                0x0000000040016518                _ZN12AutoIPClient6setRNGEv
                0x00000000400162e8                _ZN12AutoIPClientD2Ev
                0x0000000040016764                _ZN12AutoIPClient8timeTickEv
                0x0000000040016264                _ZN12AutoIPClient7restartEv
                0x0000000040016444                _Z18AddAutoIPInterfacei
                0x0000000040016284                _ZN12AutoIPClientD1Ev
                0x0000000040016574                _ZN12AutoIPClient17generateNewIPAddrEv
 .text          0x000000004001682c     0x1f9c /Users/dciliske/nndk/lib/NetBurner.a(dhcpc.o)
                0x0000000040016aa0                _Z13CompareChaddrPhS_
                0x0000000040017120                _ZN10DhcpObjectC1Ei
                0x0000000040018334                _ZN10DhcpObject11RestartDHCPEv
                0x0000000040016fd8                _ZN10DhcpObject9StopBOOTPEv
                0x0000000040016fc4                _ZN10DhcpObject14StopProcessingEv
                0x0000000040016964                _ZN11DHCPMessage10ResetBytesEv
                0x00000000400169cc                _ZN11DHCPMessage12SetRandomXidEv
                0x000000004001703c                _ZN10DhcpObjectD1Ev
                0x0000000040018788                _ZN10DhcpObject15staticDHCPTimerEv
                0x0000000040016a84                _ZN11DHCPMessage13GetOptionDataEh
                0x000000004001865c                _ZN10DhcpObject9RenewDHCPEv
                0x0000000040017720                _ZN11DHCPMessage13SendServerMsgEmi
                0x00000000400172c8                _ZN11DHCPMessage15MsgForInterfaceEi
                0x0000000040017c44                _ZN10DhcpObject8StopDHCPEv
                0x0000000040017fc0                _Z29All_GetDHCPAddressIfNecessaryb
                0x0000000040017e9c                _ZN10DhcpObject16ReTransmitPacketEm
                0x00000000400170ac                _ZN10DhcpObject19UpdateIPRuntimeVarsEh
                0x0000000040017f90                _ZN10DhcpObject9StartDHCPEv
                0x0000000040017098                _Z22SetDHCPDiscoverSecondsm
                0x00000000400185e8                _ZN10DhcpObject16staticDHCPPacketEP11pool_buffer
                0x0000000040016b30                _Z14AddDhcpOptionsR11DHCPMessageRi
                0x0000000040017c9c                _ZN10DhcpObject18CreateDhcpRenewMsgER11DHCPMessage
                0x00000000400168fc                _ZN11DHCPMessage11CreateReplyEmm
                0x0000000040016adc                _Z12ValidDhcpMsgPh
                0x00000000400171f4                _ZN10DhcpObjectC2Ei
                0x0000000040016fe0                _ZN10DhcpObjectD2Ev
                0x0000000040016c88                _ZN10DhcpObject10DhcpConfigER11DHCPMessage
                0x0000000040017b50                _ZN10DhcpObject20CreateDhcpReleaseMsgER11DHCPMessage
                0x0000000040016f98                _ZN10DhcpObject25GetRemainingDhcpLeaseTimeEv
                0x0000000040016a08                _ZN11DHCPMessage13GetOptionDataEhRi
                0x000000004001829c                _Z25GetDHCPAddressIfNecessaryib
                0x0000000040017300                _ZN11DHCPMessageC1EPh
                0x0000000040018360                _Z13__restartDHCPP10DhcpObject
                0x0000000040018688                _ZN10DhcpObject9DHCPTimerEv
                0x000000004001682c                _ZN11DHCPMessageC2Ev
                0x0000000040018178                _Z14GetDHCPAddressi
                0x0000000040017328                _ZN11DHCPMessageC2EPh
                0x0000000040016f6c                _ZN10DhcpObject12GetDHCPStateEv
                0x0000000040016be8                _ZN10DhcpObject11BootpConfigER11DHCPMessage
                0x0000000040017f64                _ZN10DhcpObject10StartBOOTPEv
                0x0000000040017808                _Z21CreateDhcpDiscoverMsgR11DHCPMessagei
                0x0000000040017794                _ZN11DHCPMessage7SendMsgEmi
                0x000000004001692c                _ZN11DHCPMessage12ClearOptionsEv
                0x0000000040016f7c                _ZN10DhcpObject14ValidDhcpLeaseEv
                0x0000000040018368                _ZN10DhcpObject10DHCPPacketEP11pool_buffer
                0x00000000400179fc                _ZN10DhcpObject14CreateBootpMsgER11DHCPMessage
                0x0000000040017350                _Z20CreateDhcpRequestMsgR11DHCPMessageS0_i
                0x0000000040016894                _ZN11DHCPMessageC1Ev
                0x0000000040018630                _ZN10DhcpObject10RebindDHCPEv
 .text          0x00000000400187c8        0x0 /Users/dciliske/nndk/lib/NetBurner.a(defappname.o)
 .text          0x00000000400187c8      0x5f8 /Users/dciliske/nndk/lib/NetBurner.a(taskmon.o)
                0x0000000040018d00                _Z17ProcessTaskPacketR9UDPPacketi
                0x00000000400187c8                _Z17EnableTaskMonitorv
                0x00000000400187dc                _Z18BufferDumpTCBStateP6os_tcb
 .text          0x0000000040018dc0      0x538 /Users/dciliske/nndk/lib/NetBurner.a(autoupdate.o)
                0x0000000040019248                _Z23ProcessAutoUpdatePacketR9UDPPacket
                0x0000000040018f7c                _Z6DoDataR9UDPPacket
                0x0000000040018dc0                EnableAutoUpdate
                0x0000000040018dd4                _Z8DoRebootv
                0x0000000040018e04                _Z9DoExecuteR9UDPPacketi
                0x000000004001906c                _Z7DoStartR9UDPPacket
 .text          0x00000000400192f8       0xea /Users/dciliske/nndk/lib/NetBurner.a(nbsiprintf.o)
                0x00000000400192f8                sniprintf
                0x0000000040019354                _Z11putstrcharsPvPKci
                0x000000004001932c                siprintf
 *fill*         0x00000000400193e2        0x2 00
 .text          0x00000000400193e4       0x26 /Users/dciliske/nndk/lib/NetBurner.a(new_ops.o)
                0x00000000400193e4                _Znwm
 *fill*         0x000000004001940a        0x2 00
 .text          0x000000004001940c       0xbc /Users/dciliske/nndk/lib/MOD5441X.a(localio.o)
                0x000000004001940c                GetUartRecord
                0x0000000040019450                GetDefUart
                0x0000000040019464                LocalInByte
                0x0000000040019480                LocalOutByte
                0x00000000400194b4                LocalCharAvail
 .text          0x00000000400194c8     0x2202 /Users/dciliske/nndk/lib/MOD5441X.a(serial.o)
                0x00000000400194f4                _Z6WakeTxi
                0x00000000400194c8                _Z11FdSerialMapi
                0x000000004001a810                SerialClose
                0x0000000040019ae4                _Z14fake_SER_7_ISRv
                0x000000004001b5cc                real_SER_5_ISR
                0x000000004001a79c                SendBreak
                0x000000004001afd4                OpenSerial
                0x000000004001a2d4                GetUartErrorReg
                0x0000000040019858                _Z14fake_SER_0_ISRv
                0x0000000040019b3c                SER_8_ISR
                0x0000000040019900                real_SER_1_ISR
                0x000000004001b60c                real_SER_4_ISR
                0x000000004001a51c                _Z15fShowSerialDataP7__sFILE
                0x000000004001b50c                real_SER_8_ISR
                0x0000000040019a3c                _Z14fake_SER_5_ISRv
                0x0000000040019a94                SER_6_ISR
                0x0000000040019940                _Z14fake_SER_2_ISRv
                0x000000004001a44c                SerialSendComplete
                0x0000000040019be0                SerialEnableTxFlow
                0x0000000040019c28                SerialEnableRxFlow
                0x000000004001b54c                real_SER_7_ISR
                0x0000000040019588                _Z8DoSerIsri
                0x000000004001a038                Serial485HalfDupMode
                0x000000004001b64c                real_SER_3_ISR
                0x0000000040019b90                SER_9_ISR
                0x0000000040019998                SER_3_ISR
                0x0000000040019b8c                _Z14fake_SER_9_ISRv
                0x0000000040019a40                SER_5_ISR
                0x000000004001b490                real_SER_0_ISR
                0x0000000040019e64                SerialEnableHwRxFlow
                0x000000004001aaf0                serread
                0x000000004001ae10                _Z11BasePutCharih
                0x000000004001ab0c                _Z11BaseGetChari
                0x000000004001b68c                real_SER_2_ISR
                0x00000000400199ec                SER_4_ISR
                0x00000000400198b0                SER_1_ISR
                0x000000004001a904                serreadwto
                0x000000004001af34                _Z14InitializeMapsv
                0x000000004001985c                SER_0_ISR
                0x000000004001ad14                serwriteaddress
                0x0000000040019ae8                SER_7_ISR
                0x000000004001b4cc                real_SER_9_ISR
                0x000000004001abcc                serwrite
                0x000000004001a4cc                _Z20SerialExpandRxBufferii
                0x000000004001a8e0                serexternalclose
                0x0000000040019a90                _Z14fake_SER_6_ISRv
                0x0000000040019944                SER_2_ISR
                0x00000000400199e8                _Z14fake_SER_4_ISRv
                0x0000000040019b38                _Z14fake_SER_8_ISRv
                0x00000000400198ac                _Z14fake_SER_1_ISRv
                0x0000000040019994                _Z14fake_SER_3_ISRv
                0x000000004001b58c                real_SER_6_ISR
                0x0000000040019c74                SerialEnableHwTxFlow
 *fill*         0x000000004001b6ca        0x2 00
 .text          0x000000004001b6cc     0x255e /Users/dciliske/nndk/lib/MOD5441X.a(ethernet.o)
                0x000000004001c9c0                _Z20AddEthernetInterfacev
                0x000000004001b9e0                _Z9StopEnet0v
                0x000000004001d004                _ZN12EthernetVars17EthTransmitBufferEP11pool_buffer
                0x000000004001bb3c                _Z9EtherLinkv
                0x000000004001d388                real_txenetisr0
                0x000000004001d8b4                real_txenetisr1
                0x000000004001d1c0                _ZN12EthernetVars9TxIsrProcERVmmm
                0x000000004001b7cc                txenetisr1
                0x000000004001babc                _Z13EtherSpeed100v
                0x000000004001c6b4                _ZN12EthernetVars18InitializeEthernetEiiR6MACADR
                0x000000004001b98c                _ZN12EthernetVars8StopEnetEv
                0x000000004001bb7c                _Z10EtherLink0v
                0x000000004001d1a8                _Z18EthTransmitBuffer0P11pool_buffer
                0x000000004001d634                _ZN12EthernetVars15ProcessRxBufferEP11pool_buffer
                0x000000004001d3f0                _ZN12EthernetVars9RxIsrProcERVmmm
                0x000000004001d91c                real_rxenetisr1
                0x000000004001b8a8                _ZN12EthernetVars6GetMIIEh
                0x000000004001c134                _ZN12EthernetVars9ResetEnetEv
                0x000000004001b6d0                rxenetisr0
                0x000000004001b960                _ZN12EthernetVars6SetMIIEht
                0x000000004001b724                txenetisr0
                0x000000004001b8cc                _ZN12EthernetVars6SetMIIEhht
                0x000000004001bc2c                _ZN12EthernetVars14ResetEnetPart2Ev
                0x000000004001ccc4                _Z9EnablePHYv
                0x000000004001cc08                _ZN12EthernetVars9EnablePHYEv
                0x000000004001cb90                _ZN12EthernetVars20ManualEthernetConfigEhhh
                0x000000004001b9f4                _ZN12EthernetVars10DisablePHYEv
                0x000000004001bbe0                _Z13EthMultifunc06MACADRh
                0x000000004001d84c                real_rxenetisr0
                0x000000004001b81c                _ZN12EthernetVars6GetMIIEhh
                0x000000004001b720                _Z15fake_txenetisr0v
                0x000000004001ccd8                _ZN12EthernetVars19ProcessDuplexStatusEt
                0x000000004001baa8                _Z10DisablePHYv
                0x000000004001cae4                _ZN12EthernetVars13WarmEnetResetEv
                0x000000004001d984                _Z17Ether_ProcessTaskPv
                0x000000004001bafc                _Z11EtherDuplexv
                0x000000004001b7c8                _Z15fake_txenetisr1v
                0x000000004001b774                _Z15fake_rxenetisr1v
                0x000000004001b6cc                _Z15fake_rxenetisr0v
                0x000000004001b778                rxenetisr1
 *fill*         0x000000004001dc2a        0x2 00
 .text          0x000000004001dc2c      0xc80 /Users/dciliske/nndk/lib/MOD5441X.a(etherprint.o)
                0x000000004001e01c                _ZN12EthernetVars14ShowLinkStatusEv
                0x000000004001e898                _Z5denetv
                0x000000004001dc68                _Z16ShowESWRegistersv
                0x000000004001e0f0                _ZN12EthernetVars7ShowMIIEhhPKct
                0x000000004001e414                _ZN12EthernetVars16ShowFECRegistersEv
                0x000000004001e160                _ZN12EthernetVars13ShowPhyterMIIEv
                0x000000004001dc40                _ZN12EthernetVars13EtherSpeed100Ev
                0x000000004001dc2c                _ZN12EthernetVars9EtherLinkEv
                0x000000004001dc54                _ZN12EthernetVars11EtherDuplexEv
                0x000000004001e884                _Z5dEnetv
                0x000000004001e840                DoDumpEnet
                0x000000004001df90                _Z10showbinarytt
 .text          0x000000004001e8ac      0x2c8 /Users/dciliske/nndk/lib/MOD5441X.a(emulticast.o)
                0x000000004001e8ec                _ZN12EthernetVars18EthEnableMulticastE6MACADR
                0x000000004001e8ac                _Z15GetMultiCastCRC6MACADR
                0x000000004001ea28                _ZN12EthernetVars19EthDisableMulticastE6MACADR
 .text          0x000000004001eb74      0x2aa /Users/dciliske/nndk/lib/MOD5441X.a(ether2nd.o)
                0x000000004001edd8                _Z10EtherLink1v
                0x000000004001ee08                _Z9StopEnet1v
                0x000000004001edb4                _Z18EthTransmitBuffer1P11pool_buffer
                0x000000004001eb74                _Z14Add2ndEthernetv
                0x000000004001ed68                _Z13EthMultifunc16MACADRh
 *fill*         0x000000004001ee1e        0x2 00
 .text          0x000000004001ee20      0x6d4 /Users/dciliske/nndk/lib/MOD5441X.a(etherswitch.o)
                0x000000004001f184                eswlrnisr
                0x000000004001f180                _Z14fake_eswlrnisrv
                0x000000004001ee50                _Z11SetMacEntrymmm
                0x000000004001f0d8                _Z17fake_rxeswitchisrv
                0x000000004001ef0c                _Z14UpdateMacTableblPhjj
                0x000000004001f44c                real_txeswitchisr
                0x000000004001eebc                _Z9crc8_calcPh
                0x000000004001ee7c                _Z13ClearMacTablev
                0x000000004001f0dc                rxeswitchisr
                0x000000004001f1d4                real_eswlrnisr
                0x000000004001f12c                _Z17fake_txeswitchisrv
                0x000000004001f254                _Z15EtherSwitchInitv
                0x000000004001f130                txeswitchisr
                0x000000004001ee20                _Z11GetMacEntrymPmS_
                0x000000004001f4a0                real_rxeswitchisr
 .text          0x000000004001f4f4        0x0 /Users/dciliske/nndk/lib/MOD5441X.a(weak_autoenet_var.o)
 .text          0x000000004001f4f4      0x2b0 /Users/dciliske/nndk/lib/NetBurner.a(extraio.o)
                0x000000004001f524                _Z11ExpandWriteiPKci
                0x000000004001f734                GetExtraInterface
                0x000000004001f5c0                GetExtraFDwIntf
                0x000000004001f554                _Z11ExpandClosei
                0x000000004001f584                _Z10InitExtrasv
                0x000000004001f66c                GetExtraFD
                0x000000004001f4f4                _Z10ExpandReadiPci
                0x000000004001f768                GetFreeExtraFDCount
                0x000000004001f684                FreeExtraFd
                0x000000004001f6c8                GetExtraData
                0x000000004001f6fc                GetExtraExtraData
 .text          0x000000004001f7a4      0x1f2 /Users/dciliske/nndk/lib/NetBurner.a(netrx.o)
                0x000000004001f7a4                _Z7NetDoRXP11pool_bufferti
 *fill*         0x000000004001f996        0x2 00
 .text          0x000000004001f998      0x172 /Users/dciliske/nndk/lib/NetBurner.a(multiconfig.o)
                0x000000004001f998                _Z16SetupIFConfigRecR15_InterfaceBlock
 *fill*         0x000000004001fb0a        0x2 00
 .text          0x000000004001fb0c      0xba0 /Applications/NetBurner/gcc-m68k/bin/../lib/gcc/m68k-elf/4.2.1/m5206e/libgcc.a(_double.o)
                0x000000004002060a                __cmpdf2
                0x000000004001fb6c                __adddf3
                0x00000000400204d4                __negdf2
                0x00000000400201e4                __divdf3
                0x0000000040020532                __cmpdf2_internal
                0x0000000040020008                __muldf3
                0x000000004001fb66                __subdf3
 .text          0x00000000400206ac       0x74 /Applications/NetBurner/gcc-m68k/bin/../lib/gcc/m68k-elf/4.2.1/m5206e/libgcc.a(_floatex.o)
                0x00000000400206b8                $_exception_handler
                0x00000000400206ac                __clear_sticky_bit
 .text          0x0000000040020720       0x7a /Applications/NetBurner/gcc-m68k/bin/../lib/gcc/m68k-elf/4.2.1/m5206e/libgcc.a(_fixunsdfsi.o)
                0x0000000040020720                __fixunsdfsi
 *fill*         0x000000004002079a        0x2 00
 .text          0x000000004002079c      0x4f6 /Applications/NetBurner/gcc-m68k/bin/../lib/gcc/m68k-elf/4.2.1/m5206e/libgcc.a(_udivdi3.o)
                0x000000004002079c                __udivdi3
 *fill*         0x0000000040020c92        0x2 00
 .text          0x0000000040020c94      0x4f8 /Applications/NetBurner/gcc-m68k/bin/../lib/gcc/m68k-elf/4.2.1/m5206e/libgcc.a(_umoddi3.o)
                0x0000000040020c94                __umoddi3
 .text          0x000000004002118c      0x49c /Applications/NetBurner/gcc-m68k/bin/../lib/gcc/m68k-elf/4.2.1/m5206e/libgcc.a(fpgnulib.o)
                0x000000004002160e                __fixsfsi
                0x00000000400212f4                __floatsidf
                0x00000000400213ca                __extendsfdf2
                0x0000000040021282                __floatunsidf
                0x000000004002158e                __fixdfsi
                0x00000000400213b0                __floatsisf
                0x0000000040021466                __truncdfsf2
                0x000000004002118c                __unordsf2
                0x0000000040021396                __floatunsisf
                0x00000000400211ee                __unorddf2
 .text          0x0000000040021628       0x22 /Applications/NetBurner/gcc-m68k/bin/../lib/gcc/m68k-elf/4.2.1/m5206e/libgcc.a(_gedf2.o)
                0x0000000040021628                __gedf2
 *fill*         0x000000004002164a        0x2 00
 .text          0x000000004002164c        0x0 /Applications/NetBurner/gcc-m68k/bin/../lib/gcc/m68k-elf/4.2.1/m5206e/libgcc.a(_clz.o)
 .text          0x000000004002164c       0x1e /Applications/NetBurner/gcc-m68k/bin/../lib/gcc/m68k-elf/4.2.1/../../../../m68k-elf/lib/m5206e/libc.a(lib_a-cxa_atexit.o)
                0x000000004002164c                __cxa_atexit
 *fill*         0x000000004002166a        0x2 00
 .text          0x000000004002166c        0xe /Applications/NetBurner/gcc-m68k/bin/../lib/gcc/m68k-elf/4.2.1/../../../../m68k-elf/lib/m5206e/libc.a(lib_a-errno.o)
                0x000000004002166c                __errno
 *fill*         0x000000004002167a        0x2 00
 .text          0x000000004002167c       0x24 /Applications/NetBurner/gcc-m68k/bin/../lib/gcc/m68k-elf/4.2.1/../../../../m68k-elf/lib/m5206e/libc.a(lib_a-fiprintf.o)
                0x000000004002167c                fiprintf
 .text          0x00000000400216a0        0x0 /Applications/NetBurner/gcc-m68k/bin/../lib/gcc/m68k-elf/4.2.1/../../../../m68k-elf/lib/m5206e/libc.a(lib_a-impure.o)
 .text          0x00000000400216a0       0x32 /Applications/NetBurner/gcc-m68k/bin/../lib/gcc/m68k-elf/4.2.1/../../../../m68k-elf/lib/m5206e/libc.a(lib_a-malloc.o)
                0x00000000400216ba                malloc
                0x00000000400216a0                free
 *fill*         0x00000000400216d2        0x2 00
 .text          0x00000000400216d4      0x78c /Applications/NetBurner/gcc-m68k/bin/../lib/gcc/m68k-elf/4.2.1/../../../../m68k-elf/lib/m5206e/libc.a(lib_a-mallocr.o)
                0x00000000400216d4                _malloc_r
 .text          0x0000000040021e60       0x8a /Applications/NetBurner/gcc-m68k/bin/../lib/gcc/m68k-elf/4.2.1/../../../../m68k-elf/lib/m5206e/libc.a(lib_a-puts.o)
                0x0000000040021e60                _puts_r
                0x0000000040021ed4                puts
 *fill*         0x0000000040021eea        0x2 00
 .text          0x0000000040021eec       0x6c /Applications/NetBurner/gcc-m68k/bin/../lib/gcc/m68k-elf/4.2.1/../../../../m68k-elf/lib/m5206e/libc.a(lib_a-rand.o)
                0x0000000040021f04                rand
                0x0000000040021eec                srand
 .text          0x0000000040021f58       0x4e /Applications/NetBurner/gcc-m68k/bin/../lib/gcc/m68k-elf/4.2.1/../../../../m68k-elf/lib/m5206e/libc.a(lib_a-rget.o)
                0x0000000040021f92                __srget
                0x0000000040021f58                __srget_r
 *fill*         0x0000000040021fa6        0x2 00
 .text          0x0000000040021fa8      0x1ee /Applications/NetBurner/gcc-m68k/bin/../lib/gcc/m68k-elf/4.2.1/../../../../m68k-elf/lib/m5206e/libc.a(lib_a-setvbuf.o)
                0x0000000040021fa8                setvbuf
 *fill*         0x0000000040022196        0x2 00
 .text          0x0000000040022198       0x1a /Applications/NetBurner/gcc-m68k/bin/../lib/gcc/m68k-elf/4.2.1/../../../../m68k-elf/lib/m5206e/libc.a(lib_a-strlen.o)
                0x0000000040022198                strlen
 *fill*         0x00000000400221b2        0x2 00
 .text          0x00000000400221b4     0x1010 /Applications/NetBurner/gcc-m68k/bin/../lib/gcc/m68k-elf/4.2.1/../../../../m68k-elf/lib/m5206e/libc.a(lib_a-vfiprintf.o)
                0x00000000400231a6                vfiprintf
                0x00000000400221f8                _vfiprintf_r
 .text          0x00000000400231c4      0x124 /Applications/NetBurner/gcc-m68k/bin/../lib/gcc/m68k-elf/4.2.1/../../../../m68k-elf/lib/m5206e/libc.a(lib_a-wbuf.o)
                0x00000000400231c4                __swbuf_r
                0x00000000400232ce                __swbuf
 .text          0x00000000400232e8       0x7c /Applications/NetBurner/gcc-m68k/bin/../lib/gcc/m68k-elf/4.2.1/../../../../m68k-elf/lib/m5206e/libc.a(lib_a-wcrtomb.o)
                0x00000000400232e8                _wcrtomb_r
                0x0000000040023348                wcrtomb
 .text          0x0000000040023364      0x130 /Applications/NetBurner/gcc-m68k/bin/../lib/gcc/m68k-elf/4.2.1/../../../../m68k-elf/lib/m5206e/libc.a(lib_a-wcsrtombs.o)
                0x0000000040023364                _wcsrtombs_r
                0x0000000040023472                wcsrtombs
 .text          0x0000000040023494      0x452 /Applications/NetBurner/gcc-m68k/bin/../lib/gcc/m68k-elf/4.2.1/../../../../m68k-elf/lib/m5206e/libc.a(lib_a-wctomb_r.o)
                0x0000000040023494                _wctomb_r
 *fill*         0x00000000400238e6        0x2 00
 .text          0x00000000400238e8      0x130 /Applications/NetBurner/gcc-m68k/bin/../lib/gcc/m68k-elf/4.2.1/../../../../m68k-elf/lib/m5206e/libc.a(lib_a-wsetup.o)
                0x00000000400238e8                __swsetup
 .text          0x0000000040023a18       0xe8 /Applications/NetBurner/gcc-m68k/bin/../lib/gcc/m68k-elf/4.2.1/../../../../m68k-elf/lib/m5206e/libc.a(lib_a-__atexit.o)
                0x0000000040023a18                __register_exitproc
 .text          0x0000000040023b00      0x198 /Applications/NetBurner/gcc-m68k/bin/../lib/gcc/m68k-elf/4.2.1/../../../../m68k-elf/lib/m5206e/libc.a(lib_a-fflush.o)
                0x0000000040023b00                fflush
 .text          0x0000000040023c98      0x25e /Applications/NetBurner/gcc-m68k/bin/../lib/gcc/m68k-elf/4.2.1/../../../../m68k-elf/lib/m5206e/libc.a(lib_a-findfp.o)
                0x0000000040023cf2                __sinit
                0x0000000040023daa                __sfmoreglue
                0x0000000040023d98                _cleanup
                0x0000000040023d7e                _cleanup_r
                0x0000000040023e18                __sfp
 *fill*         0x0000000040023ef6        0x2 00
 .text          0x0000000040023ef8      0x422 /Applications/NetBurner/gcc-m68k/bin/../lib/gcc/m68k-elf/4.2.1/../../../../m68k-elf/lib/m5206e/libc.a(lib_a-freer.o)
                0x0000000040023fe8                _free_r
                0x0000000040023ef8                _malloc_trim_r
 *fill*         0x000000004002431a        0x2 00
 .text          0x000000004002431c      0x394 /Applications/NetBurner/gcc-m68k/bin/../lib/gcc/m68k-elf/4.2.1/../../../../m68k-elf/lib/m5206e/libc.a(lib_a-fvwrite.o)
                0x000000004002431c                __sfvwrite_r
 .text          0x00000000400246b0       0xe4 /Applications/NetBurner/gcc-m68k/bin/../lib/gcc/m68k-elf/4.2.1/../../../../m68k-elf/lib/m5206e/libc.a(lib_a-fwalk.o)
                0x00000000400246b0                _fwalk
                0x0000000040024720                _fwalk_reent
 .text          0x0000000040024794       0xa6 /Applications/NetBurner/gcc-m68k/bin/../lib/gcc/m68k-elf/4.2.1/../../../../m68k-elf/lib/m5206e/libc.a(lib_a-locale.o)
                0x00000000400247c2                _setlocale_r
                0x0000000040024794                __locale_charset
                0x00000000400247a2                _localeconv_r
                0x0000000040024822                setlocale
                0x00000000400247b0                localeconv
 *fill*         0x000000004002483a        0x2 00
 .text          0x000000004002483c      0x178 /Applications/NetBurner/gcc-m68k/bin/../lib/gcc/m68k-elf/4.2.1/../../../../m68k-elf/lib/m5206e/libc.a(lib_a-makebuf.o)
                0x000000004002483c                __smakebuf
 .text          0x00000000400249b4       0xd2 /Applications/NetBurner/gcc-m68k/bin/../lib/gcc/m68k-elf/4.2.1/../../../../m68k-elf/lib/m5206e/libc.a(lib_a-memchr.o)
                0x00000000400249b4                memchr
 *fill*         0x0000000040024a86        0x2 00
 .text          0x0000000040024a88       0xb6 /Applications/NetBurner/gcc-m68k/bin/../lib/gcc/m68k-elf/4.2.1/../../../../m68k-elf/lib/m5206e/libc.a(lib_a-memmove.o)
                0x0000000040024a88                memmove
 *fill*         0x0000000040024b3e        0x2 00
 .text          0x0000000040024b40      0x4da /Applications/NetBurner/gcc-m68k/bin/../lib/gcc/m68k-elf/4.2.1/../../../../m68k-elf/lib/m5206e/libc.a(lib_a-reallocr.o)
                0x0000000040024b40                _realloc_r
 *fill*         0x000000004002501a        0x2 00
 .text          0x000000004002501c      0x21c /Applications/NetBurner/gcc-m68k/bin/../lib/gcc/m68k-elf/4.2.1/../../../../m68k-elf/lib/m5206e/libc.a(lib_a-refill.o)
                0x0000000040025040                __srefill_r
 .text          0x0000000040025238      0x162 /Applications/NetBurner/gcc-m68k/bin/../lib/gcc/m68k-elf/4.2.1/../../../../m68k-elf/lib/m5206e/libc.a(lib_a-stdio.o)
                0x0000000040025256                __sseek
                0x0000000040025348                __sread
                0x0000000040025238                __sclose
                0x00000000400252b8                __swrite
 *fill*         0x000000004002539a        0x2 00
 .text          0x000000004002539c       0x70 /Applications/NetBurner/gcc-m68k/bin/../lib/gcc/m68k-elf/4.2.1/../../../../m68k-elf/lib/m5206e/libc.a(lib_a-strcmp.o)
                0x000000004002539c                strcmp
 .text          0x000000004002540c       0x3e /Applications/NetBurner/gcc-m68k/bin/../lib/gcc/m68k-elf/4.2.1/../../../../m68k-elf/lib/m5206e/libc.a(lib_a-writer.o)
                0x000000004002540c                _write_r
 *fill*         0x000000004002544a        0x2 00
 .text          0x000000004002544c       0x32 /Applications/NetBurner/gcc-m68k/bin/../lib/gcc/m68k-elf/4.2.1/../../../../m68k-elf/lib/m5206e/libc.a(lib_a-closer.o)
                0x000000004002544c                _close_r
 *fill*         0x000000004002547e        0x2 00
 .text          0x0000000040025480       0xfe /Applications/NetBurner/gcc-m68k/bin/../lib/gcc/m68k-elf/4.2.1/../../../../m68k-elf/lib/m5206e/libc.a(lib_a-fclose.o)
                0x0000000040025480                _fclose_r
                0x0000000040025568                fclose
 *fill*         0x000000004002557e        0x2 00
 .text          0x0000000040025580       0x36 /Applications/NetBurner/gcc-m68k/bin/../lib/gcc/m68k-elf/4.2.1/../../../../m68k-elf/lib/m5206e/libc.a(lib_a-fstatr.o)
                0x0000000040025580                _fstat_r
 *fill*         0x00000000400255b6        0x2 00
 .text          0x00000000400255b8       0x3e /Applications/NetBurner/gcc-m68k/bin/../lib/gcc/m68k-elf/4.2.1/../../../../m68k-elf/lib/m5206e/libc.a(lib_a-lseekr.o)
                0x00000000400255b8                _lseek_r
 *fill*         0x00000000400255f6        0x2 00
 .text          0x00000000400255f8       0x3e /Applications/NetBurner/gcc-m68k/bin/../lib/gcc/m68k-elf/4.2.1/../../../../m68k-elf/lib/m5206e/libc.a(lib_a-readr.o)
                0x00000000400255f8                _read_r
 *fill*         0x0000000040025636        0x2 00
 .text          0x0000000040025638       0x72 /Applications/NetBurner/gcc-m68k/bin/../lib/gcc/m68k-elf/4.2.1/m5206e/libgcc.a(_muldi3.o)
                0x0000000040025638                __muldi3
 *fill*         0x00000000400256aa        0x2 00
 .text          0x00000000400256ac       0x32 /Applications/NetBurner/gcc-m68k/bin/../lib/gcc/m68k-elf/4.2.1/m5206e/crtend.o
                0x00000000400256e0                . = ALIGN (0x10)
 *fill*         0x00000000400256de        0x2 00
 *(.text.*)
                0x00000000400256e0                . = ALIGN (0x10)
 *(.eh_frame)
 .eh_frame      0x00000000400256e0        0x0 /Applications/NetBurner/gcc-m68k/bin/../lib/gcc/m68k-elf/4.2.1/m5206e/crtbegin.o
 .eh_frame      0x00000000400256e0       0x40 /Applications/NetBurner/gcc-m68k/bin/../lib/gcc/m68k-elf/4.2.1/m5206e/libgcc.a(_udivdi3.o)
 .eh_frame      0x0000000040025720       0x2c /Applications/NetBurner/gcc-m68k/bin/../lib/gcc/m68k-elf/4.2.1/m5206e/libgcc.a(_umoddi3.o)
                                         0x40 (size before relaxing)
 .eh_frame      0x000000004002574c        0x4 /Applications/NetBurner/gcc-m68k/bin/../lib/gcc/m68k-elf/4.2.1/m5206e/crtend.o
                0x0000000040025750                . = ALIGN (0x10)
 *fill*         0x0000000040025750        0x0 00
 *(.gnu.linkonce.t.*)
                0x0000000040025750                . = ALIGN (0x4)
                0x0000000040025750                __CTOR_LIST__ = .
 *(.ctors)
 .ctors         0x0000000040025750        0x4 /Applications/NetBurner/gcc-m68k/bin/../lib/gcc/m68k-elf/4.2.1/m5206e/crtbegin.o
 .ctors         0x0000000040025754        0x4 /Users/dciliske/nndk/lib/NetBurner.a(tcp.o)
 .ctors         0x0000000040025758        0x4 /Users/dciliske/nndk/lib/NetBurner.a(ip.o)
 .ctors         0x000000004002575c        0x4 /Users/dciliske/nndk/lib/NetBurner.a(buffers.o)
 .ctors         0x0000000040025760        0x4 /Users/dciliske/nndk/lib/MOD5441X.a(serial.o)
 .ctors         0x0000000040025764        0x4 /Applications/NetBurner/gcc-m68k/bin/../lib/gcc/m68k-elf/4.2.1/m5206e/crtend.o
                0x0000000040025768                __CTOR_END__ = .
                0x0000000040025768        0x4 LONG 0x0
                0x000000004002576c                __CTOR_END__ = .
                0x000000004002576c                __DTOR_LIST__ = .
                0x000000004002576c                ___DTOR_LIST__ = .
                0x000000004002576c        0x4 LONG 0x2 (((__DTOR_END__ - __DTOR_LIST__) / 0x4) - 0x2)
 *(.dtors)
 .dtors         0x0000000040025770        0x4 /Applications/NetBurner/gcc-m68k/bin/../lib/gcc/m68k-elf/4.2.1/m5206e/crtbegin.o
 .dtors         0x0000000040025774        0x4 /Applications/NetBurner/gcc-m68k/bin/../lib/gcc/m68k-elf/4.2.1/m5206e/crtend.o
                0x0000000040025778        0x4 LONG 0x0
                0x000000004002577c                __DTOR_END__ = .
 *(.rodata)
 .rodata        0x000000004002577c       0x10 ./main.o
                0x0000000040025780                timer_b
                0x000000004002577c                timer_a
 .rodata        0x000000004002578c      0x108 /Users/dciliske/nndk/lib/NetBurner.a(ucos.o)
                0x0000000040025794                FAKE_OSUnMapTbl
                0x000000004002578c                FAKE_OSMapTbl
 .rodata        0x0000000040025894        0xd /Users/dciliske/nndk/lib/NetBurner.a(tcp.o)
 *fill*         0x00000000400258a1        0x1 00
 .rodata        0x00000000400258a2       0x26 /Users/dciliske/nndk/lib/NetBurner.a(release_tagdata.o)
                0x00000000400258a6                rtag_array
                0x00000000400258a2                rtag_len
 .rodata        0x00000000400258c8       0xb8 /Users/dciliske/nndk/lib/NetBurner.a(utils.o)
 .rodata        0x0000000040025980        0x4 /Users/dciliske/nndk/lib/NetBurner.a(buffers.o)
 .rodata        0x0000000040025984        0x2 /Users/dciliske/nndk/lib/NetBurner.a(udp.o)
 .rodata        0x0000000040025986       0x50 /Users/dciliske/nndk/lib/MOD5441X.a(serial.o)
 .rodata        0x00000000400259d6      0x400 /Users/dciliske/nndk/lib/MOD5441X.a(emulticast.o)
 .rodata        0x0000000040025dd6        0x1 /Users/dciliske/nndk/lib/MOD5441X.a(weak_autoenet_var.o)
                0x0000000040025dd6                bAutomatic2ndEther
 .rodata        0x0000000040025dd7      0x100 /Applications/NetBurner/gcc-m68k/bin/../lib/gcc/m68k-elf/4.2.1/m5206e/libgcc.a(_clz.o)
                0x0000000040025dd7                __clz_tab
 *fill*         0x0000000040025ed7        0x1 00
 .rodata        0x0000000040025ed8        0x4 /Applications/NetBurner/gcc-m68k/bin/../lib/gcc/m68k-elf/4.2.1/../../../../m68k-elf/lib/m5206e/libc.a(lib_a-impure.o)
                0x0000000040025ed8                _global_impure_ptr
 .rodata        0x0000000040025edc       0x20 /Applications/NetBurner/gcc-m68k/bin/../lib/gcc/m68k-elf/4.2.1/../../../../m68k-elf/lib/m5206e/libc.a(lib_a-vfiprintf.o)
 .rodata        0x0000000040025efc       0x34 /Applications/NetBurner/gcc-m68k/bin/../lib/gcc/m68k-elf/4.2.1/../../../../m68k-elf/lib/m5206e/libc.a(lib_a-locale.o)
 *(.rodata.*)
 .rodata.str1.1
                0x0000000040025f30       0x7b ./main.o
 .rodata.str1.1
                0x0000000040025fab        0x9 /Users/dciliske/nndk/lib/MOD5441X.a(bsp.o)
 .rodata.str1.1
                0x0000000040025fb4       0xed /Users/dciliske/nndk/lib/NetBurner.a(ucos.o)
 .rodata.str1.1
                0x00000000400260a1      0x167 /Users/dciliske/nndk/lib/NetBurner.a(ucosmain.o)
                                        0x169 (size before relaxing)
 .rodata.str1.1
                0x0000000040026208        0x3 /Users/dciliske/nndk/lib/NetBurner.a(fileio.o)
                                          0x6 (size before relaxing)
 .rodata.str1.1
                0x000000004002620b        0x5 /Users/dciliske/nndk/lib/NetBurner.a(main.o)
 .rodata.str1.1
                0x0000000040026210      0x38f /Users/dciliske/nndk/lib/NetBurner.a(tcp.o)
                                        0x392 (size before relaxing)
 .rodata.str1.1
                0x000000004002659f      0x529 /Users/dciliske/nndk/lib/NetBurner.a(smarttrap.o)
                                        0x540 (size before relaxing)
 .rodata.str1.1
                0x0000000040026ac8       0x37 /Users/dciliske/nndk/lib/NetBurner.a(nbiprintf.o)
                                         0x41 (size before relaxing)
 .rodata.str1.1
                0x0000000040026aff       0xc9 /Users/dciliske/nndk/lib/NetBurner.a(system.o)
                                         0xcd (size before relaxing)
 .rodata.str1.1
                0x0000000040026bc8      0x177 /Users/dciliske/nndk/lib/NetBurner.a(utils.o)
                                        0x17b (size before relaxing)
 .rodata.str1.1
                0x0000000040026d3f      0x212 /Users/dciliske/nndk/lib/NetBurner.a(ip.o)
                                        0x217 (size before relaxing)
 .rodata.str1.1
                0x0000000040026f51       0x68 /Users/dciliske/nndk/lib/NetBurner.a(buffers.o)
                                         0x70 (size before relaxing)
 .rodata.str1.1
                0x0000000040026fb9       0x50 /Users/dciliske/nndk/lib/NetBurner.a(arp.o)
 .rodata.str1.1
                0x0000000040027009       0x18 /Users/dciliske/nndk/lib/NetBurner.a(udp.o)
 .rodata.str1.1
                0x0000000040027021       0x16 /Users/dciliske/nndk/lib/NetBurner.a(dhcpc.o)
                                         0x21 (size before relaxing)
 .rodata.str1.1
                0x0000000040027037        0x8 /Users/dciliske/nndk/lib/NetBurner.a(defappname.o)
 .rodata.str1.1
                0x000000004002703f       0x84 /Users/dciliske/nndk/lib/NetBurner.a(taskmon.o)
                                         0xb9 (size before relaxing)
 .rodata.str1.1
                0x00000000400270c3      0x15a /Users/dciliske/nndk/lib/MOD5441X.a(serial.o)
 .rodata.str1.1
                0x000000004002721d        0xe /Users/dciliske/nndk/lib/MOD5441X.a(ethernet.o)
 .rodata.str1.1
                0x000000004002722b      0x44e /Users/dciliske/nndk/lib/MOD5441X.a(etherprint.o)
                                        0x497 (size before relaxing)
 .rodata.str1.1
                0x0000000040027679        0xa /Users/dciliske/nndk/lib/MOD5441X.a(ether2nd.o)
 .rodata.str1.1
                0x0000000040027683        0x2 /Applications/NetBurner/gcc-m68k/bin/../lib/gcc/m68k-elf/4.2.1/../../../../m68k-elf/lib/m5206e/libc.a(lib_a-impure.o)
 .rodata.str1.1
                0x0000000000000000        0x2 /Applications/NetBurner/gcc-m68k/bin/../lib/gcc/m68k-elf/4.2.1/../../../../m68k-elf/lib/m5206e/libc.a(lib_a-puts.o)
 .rodata.str1.1
                0x0000000040027685       0x3c /Applications/NetBurner/gcc-m68k/bin/../lib/gcc/m68k-elf/4.2.1/../../../../m68k-elf/lib/m5206e/libc.a(lib_a-vfiprintf.o)
                                         0x43 (size before relaxing)
 .rodata.str1.1
                0x00000000400276c1       0x1d /Applications/NetBurner/gcc-m68k/bin/../lib/gcc/m68k-elf/4.2.1/../../../../m68k-elf/lib/m5206e/libc.a(lib_a-wctomb_r.o)
 .rodata.str1.1
                0x00000000400276de        0xb /Applications/NetBurner/gcc-m68k/bin/../lib/gcc/m68k-elf/4.2.1/../../../../m68k-elf/lib/m5206e/libc.a(lib_a-locale.o)
                                         0x10 (size before relaxing)
 *(.gnu.linkonce.*)
 *(.gcc_except_table)
                0x00000000400276ec                . = ALIGN (0x4)
 *fill*         0x00000000400276e9        0x3 00
                0x00000000400276ec                __INIT_SECTION__ = .
                0x00000000400276ec        0x4 LONG 0x4e560000
 *(.init)
 .init          0x00000000400276f0        0x6 /Applications/NetBurner/gcc-m68k/bin/../lib/gcc/m68k-elf/4.2.1/m5206e/crtbegin.o
 .init          0x00000000400276f6        0x6 /Applications/NetBurner/gcc-m68k/bin/../lib/gcc/m68k-elf/4.2.1/m5206e/crtend.o
                0x00000000400276fc        0x2 SHORT 0x4e5e
                0x00000000400276fe        0x2 SHORT 0x4e75
                0x0000000040027700                . = ALIGN (0x4)
                0x0000000040027700                __FINI_SECTION__ = .
                0x0000000040027700        0x4 LONG 0x4e560000
 *(.fini)
 .fini          0x0000000040027704        0x6 /Applications/NetBurner/gcc-m68k/bin/../lib/gcc/m68k-elf/4.2.1/m5206e/crtbegin.o
                0x000000004002770a        0x2 SHORT 0x4e5e
                0x000000004002770c        0x2 SHORT 0x4e75
 *(.lit)
                0x0000000040027710                . = ALIGN (0x10)
 *fill*         0x000000004002770e        0x2 00
                0x0000000040027710                _etext = .
                0x0000000040027710                etext = .

.data           0x0000000040027710      0x864
                0x0000000040027710                copy_start = .
 *(.shdata)
 *(.data)
 .data          0x0000000040027710        0x4 /Applications/NetBurner/gcc-m68k/bin/../lib/gcc/m68k-elf/4.2.1/../../../../m68k-elf/lib/m5206e/nb-crt0.o
 .data          0x0000000040027714        0x8 /Applications/NetBurner/gcc-m68k/bin/../lib/gcc/m68k-elf/4.2.1/m5206e/crtbegin.o
                0x0000000040027714                __dso_handle
 .data          0x000000004002771c        0x0 ./main.o
 .data          0x000000004002771c        0x4 /Users/dciliske/nndk/lib/MOD5441X.a(bsp.o)
                0x000000004002771c                PlatformName
 .data          0x0000000040027720        0x0 /Users/dciliske/nndk/lib/MOD5441X.a(flash.o)
 .data          0x0000000040027720        0x0 /Users/dciliske/nndk/lib/MOD5441X.a(pins.o)
 .data          0x0000000040027720        0x0 /Users/dciliske/nndk/lib/NetBurner.a(ucosmcfa.o)
 .data          0x0000000040027720        0x0 /Users/dciliske/nndk/lib/NetBurner.a(software_init.o)
 .data          0x0000000040027720        0x0 /Users/dciliske/nndk/lib/NetBurner.a(ucosmcfc.o)
 .data          0x0000000040027720        0x0 /Users/dciliske/nndk/lib/NetBurner.a(ucos.o)
 .data          0x0000000040027720        0x0 /Users/dciliske/nndk/lib/NetBurner.a(debugtrap.o)
 .data          0x0000000040027720        0x0 /Users/dciliske/nndk/lib/NetBurner.a(ucosmain.o)
 .data          0x0000000040027720        0x0 /Users/dciliske/nndk/lib/NetBurner.a(fileio.o)
 .data          0x0000000040027720        0x0 /Users/dciliske/nndk/lib/NetBurner.a(main.o)
 .data          0x0000000040027720        0x0 /Users/dciliske/nndk/lib/NetBurner.a(tcp.o)
 .data          0x0000000040027720        0x0 /Users/dciliske/nndk/lib/NetBurner.a(iosys.o)
 .data          0x0000000040027720        0x0 /Users/dciliske/nndk/lib/NetBurner.a(netinterface.o)
 .data          0x0000000040027720        0x0 /Users/dciliske/nndk/lib/NetBurner.a(smarttrap.o)
 .data          0x0000000040027720        0x0 /Users/dciliske/nndk/lib/NetBurner.a(device.o)
 .data          0x0000000040027720        0x0 /Users/dciliske/nndk/lib/NetBurner.a(release_tag.o)
 .data          0x0000000040027720        0x0 /Users/dciliske/nndk/lib/NetBurner.a(release_tagdata.o)
 .data          0x0000000040027720        0x0 /Users/dciliske/nndk/lib/NetBurner.a(init.o)
 .data          0x0000000040027720        0x8 /Users/dciliske/nndk/lib/NetBurner.a(nbiprintf.o)
                0x0000000040027724                k_zeros
                0x0000000040027720                k_spaces
 .data          0x0000000040027728        0x0 /Users/dciliske/nndk/lib/NetBurner.a(system.o)
 .data          0x0000000040027728        0x0 /Users/dciliske/nndk/lib/NetBurner.a(utils.o)
 .data          0x0000000040027728        0x0 /Users/dciliske/nndk/lib/NetBurner.a(ip.o)
 .data          0x0000000040027728        0x0 /Users/dciliske/nndk/lib/NetBurner.a(buffers.o)
 .data          0x0000000040027728        0x0 /Users/dciliske/nndk/lib/NetBurner.a(arp.o)
 .data          0x0000000040027728        0x0 /Users/dciliske/nndk/lib/NetBurner.a(udp.o)
 .data          0x0000000040027728        0x0 /Users/dciliske/nndk/lib/NetBurner.a(autoip.o)
 .data          0x0000000040027728        0x0 /Users/dciliske/nndk/lib/NetBurner.a(dhcpc.o)
 .data          0x0000000040027728        0x4 /Users/dciliske/nndk/lib/NetBurner.a(defappname.o)
                0x0000000040027728                AppName
 .data          0x000000004002772c        0x0 /Users/dciliske/nndk/lib/NetBurner.a(taskmon.o)
 .data          0x000000004002772c        0x0 /Users/dciliske/nndk/lib/NetBurner.a(autoupdate.o)
 .data          0x000000004002772c        0x0 /Users/dciliske/nndk/lib/NetBurner.a(nbsiprintf.o)
 .data          0x000000004002772c        0x0 /Users/dciliske/nndk/lib/NetBurner.a(new_ops.o)
 .data          0x000000004002772c        0x0 /Users/dciliske/nndk/lib/MOD5441X.a(localio.o)
 .data          0x000000004002772c        0x0 /Users/dciliske/nndk/lib/MOD5441X.a(serial.o)
 .data          0x000000004002772c        0x2 /Users/dciliske/nndk/lib/MOD5441X.a(ethernet.o)
                0x000000004002772c                wait
 *fill*         0x000000004002772e        0x2 00
 .data          0x0000000040027730        0x0 /Users/dciliske/nndk/lib/MOD5441X.a(etherprint.o)
 .data          0x0000000040027730        0x0 /Users/dciliske/nndk/lib/MOD5441X.a(emulticast.o)
 .data          0x0000000040027730        0x0 /Users/dciliske/nndk/lib/MOD5441X.a(ether2nd.o)
 .data          0x0000000040027730        0x0 /Users/dciliske/nndk/lib/MOD5441X.a(etherswitch.o)
 .data          0x0000000040027730        0x0 /Users/dciliske/nndk/lib/MOD5441X.a(weak_autoenet_var.o)
 .data          0x0000000040027730        0x0 /Users/dciliske/nndk/lib/NetBurner.a(extraio.o)
 .data          0x0000000040027730        0x0 /Users/dciliske/nndk/lib/NetBurner.a(netrx.o)