Archive member included because of file (symbol)

/Users/dciliske/nndk/lib/MOD5441X.a(bsp.o)
                              /Applications/NetBurner/gcc-m68k/bin/../lib/gcc/m68k-elf/4.2.1/../../../../m68k-elf/lib/m5206e/nb-crt0.o (atexit)
/Users/dciliske/nndk/lib/MOD5441X.a(flash.o)
                              /Users/dciliske/nndk/lib/MOD5441X.a(bsp.o) (FlashErase)
/Users/dciliske/nndk/lib/MOD5441X.a(multichanneli2c.o)
                              ./nunchuck.o (MultiChannel_I2CStop)
/Users/dciliske/nndk/lib/MOD5441X.a(pins.o)
                              /Users/dciliske/nndk/lib/MOD5441X.a(multichanneli2c.o) (_ZN5PinIO8functionEi)
/Users/dciliske/nndk/lib/NetBurner.a(ucosmcfa.o)
                              /Users/dciliske/nndk/lib/MOD5441X.a(bsp.o) (OSCtxSw)
/Users/dciliske/nndk/lib/NetBurner.a(software_init.o)
                              /Applications/NetBurner/gcc-m68k/bin/../lib/gcc/m68k-elf/4.2.1/../../../../m68k-elf/lib/m5206e/nb-crt0.o (software_init_hook)
/Users/dciliske/nndk/lib/NetBurner.a(ucos.o)
                              ./main.o (TimeTick)
/Users/dciliske/nndk/lib/NetBurner.a(debugtrap.o)
                              /Users/dciliske/nndk/lib/MOD5441X.a(bsp.o) (SetAddressReadRangeTrap)
/Users/dciliske/nndk/lib/NetBurner.a(ucosmain.o)
                              /Users/dciliske/nndk/lib/NetBurner.a(ucos.o) (OSTCBTbl)
/Users/dciliske/nndk/lib/NetBurner.a(fileio.o)
                              /Users/dciliske/nndk/lib/NetBurner.a(ucosmain.o) (ioctl)
/Users/dciliske/nndk/lib/NetBurner.a(main.o)
                              /Applications/NetBurner/gcc-m68k/bin/../lib/gcc/m68k-elf/4.2.1/../../../../m68k-elf/lib/m5206e/nb-crt0.o (main)
/Users/dciliske/nndk/lib/NetBurner.a(tcp.o)
                              /Users/dciliske/nndk/lib/NetBurner.a(fileio.o) (_Socket_Private_read)
/Users/dciliske/nndk/lib/NetBurner.a(iosys.o)
                              /Users/dciliske/nndk/lib/NetBurner.a(tcp.o) (FD_ZERO)
/Users/dciliske/nndk/lib/NetBurner.a(netinterface.o)
                              /Users/dciliske/nndk/lib/NetBurner.a(tcp.o) (_Z17GetFirstInterfacev)
/Users/dciliske/nndk/lib/NetBurner.a(smarttrap.o)
                              /Users/dciliske/nndk/lib/MOD5441X.a(bsp.o) (smart_trap_asm)
/Users/dciliske/nndk/lib/NetBurner.a(device.o)
                              /Users/dciliske/nndk/lib/NetBurner.a(main.o) (DeviceInitializeSem)
/Users/dciliske/nndk/lib/NetBurner.a(release_tag.o)
                              ./main.o (GetReleaseTag)
/Users/dciliske/nndk/lib/NetBurner.a(release_tagdata.o)
                              /Users/dciliske/nndk/lib/NetBurner.a(release_tag.o) (rtag_len)
/Users/dciliske/nndk/lib/NetBurner.a(init.o)
                              ./main.o (_Z4initv)
/Users/dciliske/nndk/lib/NetBurner.a(nbiprintf.o)
                              ./main.o (iprintf)
/Users/dciliske/nndk/lib/NetBurner.a(ucosmcfc.o)
                              /Users/dciliske/nndk/lib/NetBurner.a(ucos.o) (OSTaskCreatewName)
/Users/dciliske/nndk/lib/NetBurner.a(system.o)
                              /Users/dciliske/nndk/lib/NetBurner.a(netinterface.o) (RawGetConfig)
/Users/dciliske/nndk/lib/NetBurner.a(utils.o)
                              /Users/dciliske/nndk/lib/NetBurner.a(system.o) (AsciiToIp)
/Users/dciliske/nndk/lib/NetBurner.a(ip.o)
                              /Users/dciliske/nndk/lib/NetBurner.a(tcp.o) (GetSum)
/Users/dciliske/nndk/lib/NetBurner.a(buffers.o)
                              /Users/dciliske/nndk/lib/NetBurner.a(tcp.o) (IncUsageCount)
/Users/dciliske/nndk/lib/NetBurner.a(arp.o)
                              /Users/dciliske/nndk/lib/NetBurner.a(ip.o) (wArpLifetime)
/Users/dciliske/nndk/lib/NetBurner.a(udp.o)
                              /Users/dciliske/nndk/lib/NetBurner.a(ip.o) (_Z11process_udpP11pool_bufferP5IPPKTt)
/Users/dciliske/nndk/lib/NetBurner.a(autoip.o)
                              /Users/dciliske/nndk/lib/NetBurner.a(arp.o) (_ZN12AutoIPClient16addressCollisionEv)
/Users/dciliske/nndk/lib/NetBurner.a(dhcpc.o)
                              /Users/dciliske/nndk/lib/NetBurner.a(init.o) (_Z25GetDHCPAddressIfNecessaryib)
/Users/dciliske/nndk/lib/NetBurner.a(defappname.o)
                              /Users/dciliske/nndk/lib/NetBurner.a(udp.o) (AppName)
/Users/dciliske/nndk/lib/NetBurner.a(taskmon.o)
                              /Users/dciliske/nndk/lib/NetBurner.a(init.o) (_Z17EnableTaskMonitorv)
/Users/dciliske/nndk/lib/NetBurner.a(autoupdate.o)
                              /Users/dciliske/nndk/lib/NetBurner.a(init.o) (EnableAutoUpdate)
/Users/dciliske/nndk/lib/NetBurner.a(nbsiprintf.o)
                              /Users/dciliske/nndk/lib/NetBurner.a(utils.o) (sniprintf)
/Users/dciliske/nndk/lib/NetBurner.a(new_ops.o)
                              /Users/dciliske/nndk/lib/NetBurner.a(autoip.o) (_Znwm)
/Users/dciliske/nndk/lib/MOD5441X.a(localio.o)
                              /Users/dciliske/nndk/lib/NetBurner.a(fileio.o) (LocalInByte)
[...]
Memory Configuration

Name             Origin             Length             Attributes
ram              0x0000000040000400 0x0000000003fffcff xrw
SRAM             0x0000000080000400 0x000000000000fbf0 xrw
*default*        0x0000000000000000 0xffffffffffffffff

Linker script and memory map

LOAD /Applications/NetBurner/gcc-m68k/bin/../lib/gcc/m68k-elf/4.2.1/../../../../m68k-elf/lib/m5206e/nb-crt0.o
LOAD /Applications/NetBurner/gcc-m68k/bin/../lib/gcc/m68k-elf/4.2.1/m5206e/crtbegin.o
LOAD /Users/dciliske/nndk/MOD5441X/lib/sys.ld
                0x0000000040000000                ovector_base = 0x40000000
                0x0000000080000000                vector_base = 0x80000000
                0x0000000080000400                SRAM_START_ADDR = 0x80000400
                0x0000000080010000                SRAM_END_ADDR = 0x80010000
                0x00000000c0000000                gConfigRec = 0xc0000000
                0x00000000c0020000                UserParamBase = 0xc0020000
                0x00000000c0040000                FlashAppBase = 0xc0040000
                0x00000000ec008000                sim1 = 0xec008000
                0x00000000fc004000                sim2 = 0xfc004000
                0x00000000fc0d4008                DBETHER_EMIR_REG = 0xfc0d4008
LOAD ./main.o
LOAD ./nunchuck.o
START GROUP
LOAD /Users/dciliske/nndk/lib/MOD5441X.a
LOAD /Users/dciliske/nndk/lib/NetBurner.a
LOAD /Users/dciliske/nndk/lib/FatFile.a
END GROUP
LOAD /Applications/NetBurner/gcc-m68k/bin/../lib/gcc/m68k-elf/4.2.1/../../../../m68k-elf/lib/m5206e/libstdc++.a
LOAD /Applications/NetBurner/gcc-m68k/bin/../lib/gcc/m68k-elf/4.2.1/../../../../m68k-elf/lib/m5206e/libm.a
LOAD /Applications/NetBurner/gcc-m68k/bin/../lib/gcc/m68k-elf/4.2.1/m5206e/libgcc.a
LOAD /Applications/NetBurner/gcc-m68k/bin/../lib/gcc/m68k-elf/4.2.1/../../../../m68k-elf/lib/m5206e/libc.a
LOAD /Applications/NetBurner/gcc-m68k/bin/../lib/gcc/m68k-elf/4.2.1/m5206e/libgcc.a
LOAD /Applications/NetBurner/gcc-m68k/bin/../lib/gcc/m68k-elf/4.2.1/m5206e/crtend.o
START GROUP
LOAD /Applications/NetBurner/gcc-m68k/bin/../lib/gcc/m68k-elf/4.2.1/../../../../m68k-elf/lib/m5206e/libc.a
LOAD /Applications/NetBurner/gcc-m68k/bin/../lib/gcc/m68k-elf/4.2.1/m5206e/libgcc.a
LOAD /Applications/NetBurner/gcc-m68k/bin/../lib/gcc/m68k-elf/4.2.1/../../../../m68k-elf/lib/m5206e/libm.a
END GROUP
                0x0000000000000000                __DYNAMIC = 0x0
                0x0000000044000000                PROVIDE (__stack, 0x44000000)
                0x0000000000000000                PROVIDE (hardware_init_hook, 0x0)
                0x0000000000000000                PROVIDE (_hardware_init_hook, 0x0)
                0x0000000000000000                PROVIDE (software_init_hook, 0x0)
                0x0000000000000000                PROVIDE (_software_init_hook, 0x0)

.SRAM_SECT      0x0000000080000400     0xce70
                0x0000000080000400                SRAM_START = .
 *(SYS_VAR_SECT)
 SYS_VAR_SECT   0x0000000080000400      0x5c0 /Users/dciliske/nndk/lib/NetBurner.a(ucos.o)
                0x000000008000052c                TimeTick
                0x000000008000051c                OSLockNesting
                0x0000000080000526                OSRunning
                0x0000000080000724                taskpc
                0x0000000080000508                OSTCBList
                0x00000000800008b8                OSMapTbl
                0x0000000080000528                Secs
                0x0000000080000514                OSTCBFreeList
                0x0000000080000524                OSISRLevel
                0x0000000080000530                tasklisttask
                0x0000000080000510                OSTCBHighRdy
                0x0000000080000520                OSRdyGrp
                0x00000000800008c0                OSUnMapTbl
                0x0000000080000594                tasklisttim
                0x0000000080000500                OSRdyTbl
                0x0000000080000518                OSIntNesting
                0x000000008000050c                OSTCBCur
                0x0000000080000400                OSTCBPrioTbl
                0x00000000800008b4                tasklistn
 SYS_VAR_SECT   0x00000000800009c0      0x24c /Users/dciliske/nndk/lib/NetBurner.a(ucosmain.o)
                0x00000000800009c0                OSTcbStructSize
                0x00000000800009d8                critical_count
                0x00000000800009dc                OSTCBTbl
 SYS_VAR_SECT   0x0000000080000c0c       0x1c /Users/dciliske/nndk/lib/NetBurner.a(fileio.o)
                0x0000000080000c18                pExtraFdFunc
                0x0000000080000c1c                fd_map
 SYS_VAR_SECT   0x0000000080000c28       0x20 /Users/dciliske/nndk/lib/NetBurner.a(iosys.o)
                0x0000000080000c28                read_file_sets
                0x0000000080000c38                error_file_sets
                0x0000000080000c30                write_file_sets
                0x0000000080000c48                SYS_VAR_SECT_END = .
                0x0000000080000c50                . = ALIGN (0x10)
 *fill*         0x0000000080000c48        0x8 00
 *(IDLE_STK_SECT)
                0x0000000080000c50                IDLE_STK_SECT_END = .
                0x0000000080000c50                . = ALIGN (0x10)
 *(MAIN_STK_SECT)
 MAIN_STK_SECT  0x0000000080000c50     0x4000 /Users/dciliske/nndk/lib/NetBurner.a(main.o)
                0x0000000080000c50                MainStk
                0x0000000080004c50                MAIN_STK_SECT_END = .
                0x0000000080004c50                . = ALIGN (0x4)
 *(ETHER_VAR_SECT)
 ETHER_VAR_SECT
                0x0000000080004c50      0x252 /Users/dciliske/nndk/lib/MOD5441X.a(ethernet.o)
                0x0000000080004e90                FecFifo
                0x0000000080004c50                enet0
                0x0000000080004d70                enet1
                0x0000000080004ea2                ETHER_VAR_SECT_END = .
                0x0000000080004eb0                . = ALIGN (0x10)
 *fill*         0x0000000080004ea2        0xe 00
 *(ETHER_STK_SECT)
 ETHER_STK_SECT
                0x0000000080004eb0     0x2000 /Users/dciliske/nndk/lib/MOD5441X.a(ethernet.o)
                0x0000000080004eb0                EtherSendStk
                0x0000000080006eb0                ETHER_STK_SECT_END = .
                0x0000000080006eb0                . = ALIGN (0x4)
 *(IP_VAR_SECT)
 IP_VAR_SECT    0x0000000080006eb0      0x2fe /Users/dciliske/nndk/lib/NetBurner.a(ip.o)
                0x0000000080006ece                pDHCPServerTick
                0x0000000080006eb2                bTTL_Default
                0x00000000800071a6                next_arp_time
                0x0000000080006eb4                ipRxFifo
                0x0000000080006eea                multi_home_if_record
                0x0000000080006ec6                IcmpFifo
                0x0000000080006ee6                nAdditional_Homes
                0x0000000080006eb0                wGlobalPktId
                0x0000000080006eda                pPromisciousPacketFunc
                0x0000000080006ee2                pFragFunc
                0x0000000080006ede                pMultiCastFunc
                0x00000000800071aa                delay
                0x0000000080006ed6                pAutoIPTick
                0x0000000080006ed2                pMultiTick
                0x0000000080006eca                pDHCPTick
                0x0000000080006f12                multi_if_block
 IP_VAR_SECT    0x00000000800071ae       0x78 /Users/dciliske/nndk/lib/NetBurner.a(udp.o)
                0x0000000080007222                UdpNetbiosNameServicePtr
                0x000000008000721a                pDHCPServerProcessFunction
                0x00000000800071ae                udp_fifos
                0x0000000080007216                pDHCPProcessFunction
                0x000000008000721e                pTaskPacketFunc
                0x0000000080007212                UDP_fifos_used
                0x0000000080007226                IP_VAR_SECT_END = .
                0x0000000080007230                . = ALIGN (0x10)
 *fill*         0x0000000080007226        0xa 00
 *(IP_STK_SECT)
 IP_STK_SECT    0x0000000080007230     0x3000 /Users/dciliske/nndk/lib/NetBurner.a(ip.o)
                0x0000000080007230                IPStk
                0x000000008000a230                IP_STK_SECT_END = .
                0x000000008000a230                . = ALIGN (0x4)
 *(TCP_VAR_SECT)
 TCP_VAR_SECT   0x000000008000a230       0x1e /Users/dciliske/nndk/lib/NetBurner.a(tcp.o)
                0x000000008000a240                TCP_TimerSemaphore
                0x000000008000a230                TCP_critical_section
                0x000000008000a24e                TCP_VAR_SECT_END = .
                0x000000008000a250                . = ALIGN (0x10)
 *fill*         0x000000008000a24e        0x2 00
 *(TCP_STK_SECT)
 TCP_STK_SECT   0x000000008000a250     0x3000 /Users/dciliske/nndk/lib/NetBurner.a(tcp.o)
                0x000000008000a250                TCPStk
                0x000000008000d250                TCP_STK_SECT_END = .
                0x000000008000d250                . = ALIGN (0x10)
 *(HTTP_STK_SECT)
                0x000000008000d250                HTTP_STK_SECT_END = .
                0x000000008000d250                . = ALIGN (0x10)
 *(FTP_STK_SECT)
                0x000000008000d250                FTP_STK_SECT_END = .
                0x000000008000d250                . = ALIGN (0x10)
 *(WIFI_STK_SECT)
                0x000000008000d250                WIFI_STK_SECT_END = .
                0x000000008000d250                . = ALIGN (0x10)
 *(PPP_STK_SECT)
                0x000000008000d250                PPP_STK_SECT_END = .
                0x000000008000d250                . = ALIGN (0x10)
 *(COMMAND_STK_SECT)
                0x000000008000d250                COMMAND_STK_SECT_END = .
                0x000000008000d250                . = ALIGN (0x4)
 *(USER_VAR_SECT)
                0x000000008000d250                USER_VAR_SECT_END = .
                0x000000008000d250                . = ALIGN (0x10)
 *(USER_STK_SECT)
                0x000000008000d250                USER_STK_SECT_END = .
                0x000000008000d250                BUFFERS_SECT_START = .
                0x000000008000d250                . = ALIGN (0x10)
 *(BUFFERS_VAR_SECT)
 BUFFERS_VAR_SECT
                0x000000008000d250       0x1c /Users/dciliske/nndk/lib/NetBurner.a(buffers.o)
                0x000000008000d250                FAST_BUFFER_POOL_SIZE
                0x000000008000d25e                free_fast_list
                0x000000008000d268                free_list_is_initialized
                0x000000008000d254                free_list
                0x000000008000d270                . = ALIGN (0x10)
 *fill*         0x000000008000d26c        0x4 00
                0x000000008000d270                BUFFERS_VAR_SECT_END = .
                0x000000008000d270                . = ALIGN (0x10)
                0x000000008000d270                SRAM_END = .

.text           0x0000000040000400    0x28230
 *(.text)
 .text          0x0000000040000400       0xaa /Applications/NetBurner/gcc-m68k/bin/../lib/gcc/m68k-elf/4.2.1/../../../../m68k-elf/lib/m5206e/nb-crt0.o
                0x0000000040000400                start
 *fill*         0x00000000400004aa        0x2 00
 .text          0x00000000400004ac       0x9c /Applications/NetBurner/gcc-m68k/bin/../lib/gcc/m68k-elf/4.2.1/m5206e/crtbegin.o
 .text          0x0000000040000548      0x10c ./main.o
                0x0000000040000548                UserMain
 .text          0x0000000040000654      0x1e6 ./nunchuck.o
                0x0000000040000654                _Z13Nunchuck_ReadPh
                0x00000000400007d4                _Z13Nunchuck_Initv
                0x0000000040000744                _ZN14NunchuckStruct6UpdateEv
 *fill*         0x000000004000083a        0x2 00
 .text          0x000000004000083c      0x430 /Users/dciliske/nndk/lib/MOD5441X.a(bsp.o)
                0x0000000040000a84                GetUserParameters
                0x00000000400009e0                _sbrk_r
                0x0000000040000b24                HardwareSetup
                0x0000000040000930                DisableCache
                0x0000000040000a38                spaceleft
                0x0000000040000850                Tick5441X
                0x0000000040000b08                ForceReboot
                0x0000000040000a70                BspGetTickFraction
                0x000000004000084c                xTick
                0x0000000040000a2c                atexit
                0x0000000040000a94                SaveUserParameters
                0x00000000400009a8                EnableCache
                0x000000004000083c                CatchNullWrites
                0x0000000040000868                SetIntc
 .text          0x0000000040000c6c      0x26a /Users/dciliske/nndk/lib/MOD5441X.a(flash.o)
                0x0000000040000ce4                FlashProgram
                0x0000000040000c6c                FlashErase
 *fill*         0x0000000040000ed6        0x2 00
 .text          0x0000000040000ed8     0x14ea /Users/dciliske/nndk/lib/MOD5441X.a(multichanneli2c.o)
                0x000000004000153c                MultiChannel_I2CRestart
                0x00000000400010f0                _Z34fake_i2c5_multichannel_int_routinev
                0x0000000040001144                MultiChannel_I2CStop
                0x000000004000161c                MultiChannel_I2CStart
                0x00000000400011bc                I2CRXAvail
                0x0000000040000ed8                _Z15i2cModuleSwitchi
                0x0000000040001b6c                _Z20I2C_MultiChannel_Isri
                0x0000000040001f68                real_i2c3_multichannel_int_routine
                0x00000000400011dc                I2CTXAvail
                0x0000000040001fb4                MultiChannel_I2CInit
                0x0000000040001840                MultiChannel_I2CReadBuf
                0x000000004000138c                I2CGetByte
                0x0000000040001fa4                real_i2c0_multichannel_int_routine
                0x000000004000104c                i2c3_multichannel_int_routine
                0x00000000400013e0                MultiChannel_I2CRead
                0x0000000040001f90                real_i2c1_multichannel_int_routine
                0x0000000040001a54                MultiChannel_I2CSendBuf
                0x0000000040001f40                real_i2c5_multichannel_int_routine
                0x0000000040000f50                i2c0_multichannel_int_routine
                0x0000000040000ff8                i2c2_multichannel_int_routine
                0x000000004000109c                _Z34fake_i2c4_multichannel_int_routinev
                0x0000000040001f7c                real_i2c2_multichannel_int_routine
                0x0000000040000ff4                _Z34fake_i2c2_multichannel_int_routinev
                0x00000000400010f4                i2c5_multichannel_int_routine
                0x000000004000121c                I2CFillSlaveTXBuf
                0x0000000040000fa0                _Z34fake_i2c1_multichannel_int_routinev
                0x0000000040001334                _Z30I2CMultiChannelResetPeripherali
                0x0000000040001048                _Z34fake_i2c3_multichannel_int_routinev
                0x0000000040001484                MultiChannel_I2CSend
                0x0000000040000fa4                i2c1_multichannel_int_routine
                0x0000000040000f4c                _Z34fake_i2c0_multichannel_int_routinev
                0x00000000400010a0                i2c4_multichannel_int_routine
                0x0000000040001f54                real_i2c4_multichannel_int_routine
 *fill*         0x00000000400023c2        0x2 00
 .text          0x00000000400023c4     0x1d06 /Users/dciliske/nndk/lib/MOD5441X.a(pins.o)
                0x00000000400023c4                _ZN5PinIO3setEh
                0x0000000040003958                _ZN5PinIO8functionEi
                0x0000000040002ebc                _ZN5PinIO5driveEv
                0x0000000040004068                CReadPin
                0x00000000400032e8                _ZN5PinIO4readEv
                0x000000004000408c                CGPInPin
 *fill*         0x00000000400040ca        0x6 00
 .text          0x00000000400040d0      0x44a /Users/dciliske/nndk/lib/NetBurner.a(ucosmcfa.o)
                0x00000000400041b0                OSDebugTraceHalt
                0x00000000400040d0                OSStartHighRdy
                0x00000000400041c0                TrapOutByte
                0x00000000400041f0                memcpy
                0x00000000400041f0                fmemcpy
                0x00000000400040f0                OSCtxSw
                0x00000000400041e0                TrapCharAvail
                0x0000000040004120                OSIntCtxSw
                0x00000000400041d0                TrapInByte
                0x0000000040004150                OSTickISR
                0x00000000400042c0                memcpysum
                0x0000000040004190                OSSetupVBR
                0x00000000400044f0                GetSR_IntLevel
                0x0000000040004450                memset
                0x0000000040004450                fmemset
                0x0000000040004500                SetSR_IntLevel
 *fill*         0x000000004000451a        0x2 00
 .text          0x000000004000451c        0x8 /Users/dciliske/nndk/lib/NetBurner.a(software_init.o)
                0x000000004000451c                software_init_hook
 .text          0x0000000040004524     0x2162 /Users/dciliske/nndk/lib/NetBurner.a(ucos.o)
                0x0000000040006058                OSCritEnterNoWait
                0x00000000400064d4                ShowTaskList
                0x00000000400046e8                UCOSWAITS_HERE
                0x0000000040005d04                OSFifoPostFirst
                0x00000000400060cc                OSCritLeave
                0x00000000400045a8                OSLogTaskPos
                0x0000000040005e64                getpid
                0x00000000400048f4                OSLock
                0x00000000400057d4                OSQPostFirst
                0x00000000400061e4                OSTaskID
                0x00000000400055c0                OSQPendNoWait
                0x00000000400061fc                OSSetName
                0x0000000040006224                OSIntExit
                0x0000000040004dec                OSSemPendNoWait
                0x0000000040004ac8                OSTaskDelete
                0x0000000040004948                OSUnlock
                0x0000000040005e7c                OSCritInit
                0x000000004000563c                OSQPost
                0x0000000040005eb8                OSCritEnter
                0x00000000400059c0                OSFifoPend
                0x0000000040004c40                OSSemPend
                0x0000000040004fb8                OSMboxInit
                0x00000000400051f4                OSMboxPost
                0x0000000040005974                OSFifoInit
                0x00000000400053d8                OSQPend
                0x000000004000464c                OSSched
                0x0000000040004720                OSTimeDly
                0x0000000040004e2c                OSSemPost
                0x00000000400049b4                OSChangePrio
                0x00000000400048c4                OSTCBGetFree
                0x00000000400046f8                OSIntEnterWAS
                0x00000000400051ac                OSMboxPendNoWait
                0x0000000040005ba4                OSFifoPost
                0x0000000040004be0                OSSemInit
                0x00000000400062e0                OSStart
                0x0000000040004524                OSLogTask
                0x00000000400047d8                OSTimeTick
                0x0000000040005364                OSQInit
                0x0000000040006210                OSTaskName
                0x0000000040005b54                OSFifoPendNoWait
                0x000000004000500c                OSMboxPend
                0x000000004000635c                OSInit
                0x00000000400047b8                OSChangeTaskDly
 *fill*         0x0000000040006686        0x2 00
 .text          0x0000000040006688      0x180 /Users/dciliske/nndk/lib/NetBurner.a(debugtrap.o)
                0x00000000400067b0                SetAddressReadRangeTrap
                0x0000000040006770                SetAddressReadTrap
                0x0000000040006688                WDEBUG
                0x0000000040006718                SetAddressWriteRangeTrap
                0x00000000400066d8                SetAddressWrittenTrap
 .text          0x0000000040006808      0x5c0 /Users/dciliske/nndk/lib/NetBurner.a(ucosmain.o)
                0x0000000040006cec                __malloc_unlock
                0x0000000040006c10                UCosBegin
                0x0000000040006808                OSDumpTCBStacks
                0x0000000040006ba0                OSDumpTasks
                0x0000000040006d0c                balloc_lock
                0x0000000040006d4c                UCosSetup
                0x0000000040006cd0                balloc_unlock
                0x00000000400068ec                DumpTCBState
                0x0000000040006d2c                __malloc_lock
 .text          0x0000000040006dc8      0x5f8 /Users/dciliske/nndk/lib/NetBurner.a(fileio.o)
                0x0000000040006f58                ioctl
                0x0000000040006dc8                isatty
                0x0000000040006eb0                CurrentStdioFD
                0x0000000040006f28                lseek
                0x0000000040006e00                ReplaceStdio
                0x0000000040006fc4                write
                0x0000000040006de4                fstat
                0x00000000400070f4                rawwrite
                0x0000000040007300                stdioinbyte
                0x0000000040007178                read
                0x0000000040006ee0                outbyte
                0x0000000040006f40                open
                0x0000000040006ef8                charavail
                0x0000000040006ed4                fcntl
                0x0000000040007378                close
 .text          0x00000000400073c0       0x78 /Users/dciliske/nndk/lib/NetBurner.a(main.o)
                0x00000000400073f8                main
                0x00000000400073c0                __do_global_ctors
 .text          0x0000000040007438     0x545e /Users/dciliske/nndk/lib/NetBurner.a(tcp.o)
                0x0000000040008b20                _Z10SendTcpRstP5IPPKT
                0x0000000040007a74                _Z11GetTcpStatei
                0x0000000040008dd0                _Z7InitTCPv
                0x00000000400098b4                _Socket_Private_read
                0x0000000040007a28                _ZN15ShortSocketListC2Ev
                0x0000000040007ad4                _Z20SetOutOfOrderbuffersih
                0x00000000400076a8                _Z19GetSocketRemotePorti
                0x0000000040008288                _ZN13socket_struct18MyAdvertisedWindowEv
                0x0000000040008124                _Z18SetSocketTxBuffersii
                0x00000000400077bc                _Z13setsockoptionii
                0x00000000400085d4                _Z7TcpSendP13socket_structmP11pool_bufferth
                0x000000004000ba00                _Z12TCPTimerTaskPv
                0x000000004000c1fc                _Z11process_tcpP11pool_bufferP5IPPKTt
                0x0000000040009f10                _ZN13socket_struct10ProcessRSTEv
                0x000000004000c7cc                _Z17NoBlockconnectviamttm
                0x0000000040007b18                _Z16TcpGetLastRxTimei
                0x000000004000a02c                abortsocket
                0x000000004000a410                _ZN13socket_struct18ProcessDataSegmentEP6TCPPKTtPhRP11pool_buffer
                0x000000004000c624                _Z10connectviamttmm
                0x00000000400093e8                _ZNK14HashSocketList12RemoveSocketEP13socket_struct
                0x000000004000aaa8                _Socket_Private_write
                0x00000000400077f4                _Z13getsockoptioni
                0x000000004000b0f0                _ZN13socket_struct10ProcessAckEP6TCPPKT
                0x00000000400098d0                _ZN13socket_struct8SaveDataEPhth
                0x00000000400090d8                _Z14GetTcpRtxCounti
                0x000000004000759c                _Z10fixoverlapmmRmS_
                0x0000000040009bb0                _ZN13socket_struct8SetTimerEm
                0x000000004000c7a4                _Z7connectmttm
                0x0000000040007880                _ZN14HashSocketListC1Ev
                0x000000004000962c                _Z12GetTcpSocketP6TCPPKTm
                0x000000004000c81c                _Z14NoBlockConnectmttm
                0x0000000040007da4                _Z23TcpGetRxBufferSpaceUsedi
                0x000000004000a6f0                _ZN13socket_struct9DoRawSendEv
                0x0000000040007de4                _Z15ShowFdTcpSocketi
                0x00000000400080a8                _ZN13socket_struct12ClearPendingEi
                0x000000004000914c                _ZNK15ShortSocketList10findsocketEttm
                0x000000004000c71c                _Z7connectmttmm
                0x0000000040009064                _Z16TcpSendKeepAlivei
                0x0000000040007618                _Z14getsocketerrori
                0x0000000040007868                _Z14EnableTcpDebugt
                0x000000004000b90c                _ZN13socket_struct12ProcessTimerEv
                0x000000004000a5cc                _ZN13socket_struct19SetUpNextRetransmitEv
                0x0000000040007878                _ZN14HashSocketListC2Ev
                0x0000000040007d64                _Z24TcpGetTxBufferAvailSpacei
                0x00000000400096e4                SockReadWithTimeout
                0x0000000040008d64                _Z18GetFreeSocketCountv
                0x000000004000b39c                _ZN13socket_struct10ProcessFINEP6TCPPKTt
                0x0000000040008300                _Z19FixHeaderAndSendTcpP11pool_bufferP5IPPKTP13socket_struct
                0x0000000040007824                _Z19setsocketackbuffersih
                0x000000004000779c                _ZN13socket_struct22CleanUpDeletedListenerEv
                0x0000000040007558                _Z16FindListenSockettm
                0x000000004000840c                _Z11TcpSendwSumP13socket_structmP11pool_bufferthm
                0x0000000040009c30                _ZN13socket_struct9DoCleanupEv
                0x00000000400099c0                _ZN13socket_struct14TestOutofOrderEv
                0x0000000040007b88                _Z20TcpGetLastRxIntervali
                0x0000000040007438                _Z11GetFirstSeqv
                0x0000000040008fd0                _Z10FREESOCKETP13socket_struct
                0x0000000040009e08                _ZN15ShortSocketList9AddSocketEP13socket_struct
                0x000000004000afd4                _ZN13socket_struct12DoRetransmitEh
                0x0000000040007a38                _ZN15ShortSocketList4InitEv
                0x00000000400091f0                _ZN15ShortSocketList11processTickEv
                0x000000004000c314                _ZN13socket_struct11CoreConnectEmttm
                0x000000004000b510                _Socket_Private_close
                0x000000004000b650                _Z6acceptiPmPtt
                0x0000000040007a30                _ZN15ShortSocketListC1Ev
                0x0000000040008164                _Z18SetSocketRxBuffersii
                0x000000004000a24c                _Z6listenmth
                0x0000000040007888                _ZNK14HashSocketList4InitEv
                0x00000000400078a0                _ZN15ShortSocketList12GetFreeShortEv
                0x0000000040007678                _Z19GetSocketRemoteAddri
                0x0000000040009554                _ZNK14HashSocketList10findsocketEttm
                0x0000000040007cf8                _Z18WaitForSocketFlushim
                0x0000000040007870                _Z13DumpTcpPacketP5IPPKT
                0x000000004000a354                _Z23RemoveFromUserCloseListP13socket_struct
                0x000000004000747c                _Z11ValidateTCPP5IPPKTt
                0x00000000400092a0                _ZNK15ShortSocketList7processEP11pool_bufferP6TCPPKTm
                0x0000000040007468                _ZN13socket_struct8SetStateEi
                0x00000000400081a4                _ZN13socket_struct14processoptionsEP11pool_bufferP6TCPPKTP5IPPKT
                0x000000004000acd0                _ZN13socket_struct7DoCloseEi
                0x000000004000a160                _Z13GetFreeSocketv
                0x00000000400076d8                _Z18GetSocketLocalPorti
                0x00000000400094a0                _ZNK14HashSocketList9AddSocketEP13socket_struct
                0x00000000400079e8                _ZNK15ShortSocketList9FreeShortEP11ShortSocket
                0x0000000040007708                _ZN13socket_struct7CalcRTOEm
                0x0000000040008ac8                _ZN13socket_struct10OpenWindowEv
                0x0000000040008c34                _Z13SendTcpSynRstP5IPPKT
                0x0000000040007ca8                _Z15TcpAllDataAckedi
                0x000000004000aa28                _Z13clrsockoptionii
                0x0000000040007b4c                _Z17TcpGetSocketStatei
                0x0000000040007860                _Z12DumpTcpDebugv
                0x0000000040007648                _Z18GetSocketLocalAddri
                0x000000004000bb34                _ZN13socket_struct7processEP11pool_bufferP6TCPPKT
                0x0000000040007aa8                RegisterTCPReadNotify
                0x0000000040008664                _ZN13socket_struct9SendStateEtP11pool_buffer
 *fill*         0x000000004000c896        0x2 00
 .text          0x000000004000c898      0x69e /Users/dciliske/nndk/lib/NetBurner.a(iosys.o)
                0x000000004000ccd4                SetDataAvail
                0x000000004000cb74                writeall
                0x000000004000cbd4                _Z15RawCheckSelectsv
                0x000000004000cc80                SetHaveError
                0x000000004000cd10                _Z12RemoveSelectP13PendingSelect
                0x000000004000cc98                SetWriteAvail
                0x000000004000ca64                ZeroWaitSelect
                0x000000004000cd90                _Z9AddSelectP13PendingSelect
                0x000000004000c9b8                FD_ISSET
                0x000000004000c960                ClrDataAvail
                0x000000004000cde8                select
                0x000000004000c948                ClrWriteAvail
                0x000000004000cc4c                _Z12CheckSelectsv
                0x000000004000cb18                writestring
                0x000000004000ca28                _Z9countbitsP6fd_set
                0x000000004000c898                _Z10FD_OVERLAPP6fd_setS0_
                0x000000004000cae8                dataavail
                0x000000004000c8d4                FD_ZERO
                0x000000004000c978                FD_SET
                0x000000004000c930                ClrHaveError
                0x000000004000ca04                _Z11countdwbitsm
                0x000000004000ce88                ReadWithTimeout
                0x000000004000c8ec                FD_CLR
 *fill*         0x000000004000cf36        0x2 00
 .text          0x000000004000cf38      0x4b2 /Users/dciliske/nndk/lib/NetBurner.a(netinterface.o)
                0x000000004000d31c                _Z17InitializeNetworkPFvP11pool_bufferP6EFRAMEtEPFvS0_S2_E
                0x000000004000cff0                _Z11InterfaceIPi
                0x000000004000d0e4                _Z9GetEframeP11pool_buffer
                0x000000004000d2bc                _Z12SaveIfConfigP12ConfigRecordi
                0x000000004000d1b0                _Z26RegisterMultiHomeInterfaceP15_InterfaceBlock
                0x000000004000cf38                _Z17GetFirstInterfacev
                0x000000004000d2ec                _Z11GetIfConfigi
                0x000000004000d0a0                _Z12InterfaceMACi
                0x000000004000cf9c                _Z17GetInterFaceBlocki
                0x000000004000d01c                _Z12InterfaceDNSi
                0x000000004000d048                _Z13InterfaceMASKi
                0x000000004000cf58                _Z16GetnextInterfacei
                0x000000004000d388                _Z14TransmitBufferP11pool_bufferi
                0x000000004000d150                _Z16DisableMulticast6MACADRi
                0x000000004000d218                _Z17RegisterInterfaceP15_InterfaceBlock
                0x000000004000d0f8                _Z15EnableMulticast6MACADRi
                0x000000004000d288                _Z15Removeinterfacei
                0x000000004000d1a8                _Z12StopNetworksv
                0x000000004000cfc8                _Z18GetInterfaceNumberP15_InterfaceBlock
                0x000000004000d074                _Z13InterfaceGatei
 *fill*         0x000000004000d3ea        0x2 00
 .text          0x000000004000d3ec     0x131e /Users/dciliske/nndk/lib/NetBurner.a(smarttrap.o)
                0x000000004000d420                _Z16EnableSmartTrapsv
                0x000000004000d500                _Z9WalkStackP6os_tcbmm
                0x000000004000d9e0                smart_trap_asm
                0x000000004000d800                _Z17Local_OutTCBStateP6os_tcbmm
                0x000000004000d3ec                _Z8SafeReadm
                0x000000004000d43c                _Z12Local_OutHexmi
                0x000000004000d9d8                _Z17Smart_Trap_Holderv
                0x000000004000d4d0                _Z15Local_OutStringPKc
                0x000000004000d57c                _Z18Local_ShowTaskNamePV6os_tcb
 *fill*         0x000000004000e70a        0x2 00
 .text          0x000000004000e70c       0x52 /Users/dciliske/nndk/lib/NetBurner.a(device.o)
                0x000000004000e72c                DeviceInitializeSem
                0x000000004000e70c                _Z16DeviceGetQspiSemv
                0x000000004000e71c                _Z15DeviceGetI2cSemv
 *fill*         0x000000004000e75e        0x2 00
 .text          0x000000004000e760       0xb6 /Users/dciliske/nndk/lib/NetBurner.a(release_tag.o)
                0x000000004000e760                GetReleaseTag
 *fill*         0x000000004000e816        0x2 00
 .text          0x000000004000e818        0x0 /Users/dciliske/nndk/lib/NetBurner.a(release_tagdata.o)
 .text          0x000000004000e818       0x9a /Users/dciliske/nndk/lib/NetBurner.a(init.o)
                0x000000004000e818                _Z4initv
 *fill*         0x000000004000e8b2        0x2 00
 .text          0x000000004000e8b4     0x1948 /Users/dciliske/nndk/lib/NetBurner.a(nbiprintf.o)
                0x000000004000ee04                _Z8prespaceiiiPFbPvPKciES_Ri
                0x000000004000e938                _Z13decimallenully
                0x000000004000ef04                _Z26NormalGetNextParamFunctionPv
                0x000000004000e8b4                _Z10decimallenm
                0x000000004000ef18                _Z15CoreLongLongDecyPFbPvPKciES_R7pfstate
                0x00000000400101e0                _Z8putcharsPvPKci
                0x000000004000eb38                _Z6octlenm
                0x000000004000ebcc                _Z6binlenm
                0x00000000400101b0                _Z19NB_internal_iprintfPFbPvPKciES_Pm
                0x000000004000f294                _Z23NB_internal_iprintf_indPFbPvPKciES_PFmS_ES_
                0x00000000400101cc                iprintf
                0x000000004000eeb4                _Z8leadzeroiiiPFbPvPKciES_Ri
                0x000000004000eaf4                _Z9hexlenully
                0x000000004000ee5c                _Z9postspaceiiiPFbPvPKciES_Ri
                0x000000004000f110                _Z7CoreDecmPFbPvPKciES_R7pfstate
                0x000000004000ea88                _Z6hexlenm
                0x000000004000edac                _Z10Put20CharsPvPFbS_PKciEiS1_
 .text          0x00000000400101fc      0x334 /Users/dciliske/nndk/lib/NetBurner.a(ucosmcfc.o)
                0x00000000400104f8                OSTaskCreate
                0x0000000040010524                TopOfStackKillfunction
                0x00000000400102c4                OSTaskCreatewName
                0x00000000400101fc                OSTCBInit
                0x0000000040010528                KillFunctionLink
 .text          0x0000000040010530      0x6a0 /Users/dciliske/nndk/lib/NetBurner.a(system.o)
                0x00000000400108c8                UpdateConfigRecord_Num
                0x0000000040010584                RawGetConfig
                0x0000000040010530                isvalidcr
                0x0000000040010a8c                SetupDialog
                0x0000000040010640                ReadLine
                0x0000000040010a78                UpdateConfigRecord
                0x00000000400105b0                GetValidConfig
                0x0000000040010814                IpQuestion
                0x00000000400105d8                ShowChange
 .text          0x0000000040010bd0      0xd08 /Users/dciliske/nndk/lib/NetBurner.a(utils.o)
                0x0000000040011640                fShowMac
                0x0000000040010e44                _Z9FancyDumpPhi
                0x0000000040011774                ShowCounters
                0x0000000040010c70                ValidIPv4
                0x0000000040010d8c                convertHexAsciiToBinary
                0x0000000040011004                ShowData
                0x000000004001169c                snShowIP
                0x0000000040010bd0                kill
                0x00000000400117dc                fShowCounters
                0x0000000040011600                fShowIP
                0x0000000040010be0                _fini
                0x0000000040010f70                ShowIP
                0x0000000040010bec                AsciiToIp
                0x0000000040011854                sShowCounters
                0x0000000040011740                _Z14DiagMenuPickerih
                0x0000000040010fac                ShowMac
                0x0000000040010cf4                convertBinaryToHexAscii
                0x0000000040010e2c                __builtin_delete
                0x0000000040010bd8                _exit
                0x00000000400116e0                snShowMac
 .text          0x00000000400118d8     0x1aaa /Users/dciliske/nndk/lib/NetBurner.a(ip.o)
                0x0000000040011d28                _Z9FixUpICMPP5IPPKThhPht
                0x0000000040011a98                _Z11IsMultiCastm
                0x00000000400126c8                _Z16FixHeaderAndSendP11pool_bufferP5IPPKT
                0x000000004001203c                _Z10DoIPPacketP11pool_bufferP6EFRAMEt
                0x0000000040011994                GetSum20
                0x00000000400129c4                PingViaInterface
                0x0000000040011fdc                _Z9SaveErrorP11pool_buffer
                0x000000004001234c                _Z12process_icmpP11pool_bufferP5IPPKTt
                0x0000000040011bd4                IpProcessEthernetPacket
                0x0000000040012200                _Z28FixHeaderAndSendViaInterfaceP11pool_bufferP5IPPKTi
                0x0000000040012c40                _Z12ShowIPBufferP11pool_buffer
                0x0000000040012828                _Z13SendICMPErrorP11pool_bufferhh
                0x0000000040011e40                _Z15InitializeStackmmmm
                0x0000000040011ae8                _Z7GetDataP5IPPKT
                0x0000000040011f64                InitializeCStack
                0x0000000040012ad4                Ping
                0x00000000400118d8                GetSum
                0x0000000040011f70                _Z21GetMultiHomeInterfacemi
                0x0000000040012020                IsMyIp
                0x0000000040011de4                _Z11IsBroadCastmi
                0x0000000040011d90                KillStack
                0x0000000040011b14                _Z15PrepareIPOutputP11pool_buffermt
                0x0000000040011ab8                _Z15GetMultiAddressm
                0x00000000400128fc                SendPing
                0x00000000400119cc                GetSumHdr
                0x0000000040011d9c                _Z7IsLocalmi
                0x0000000040012b08                _Z19GetLocalIPInterfacem
                0x0000000040012b60                _Z12AddInterfacemmmi
                0x0000000040012468                _Z6IPTaskPv
 *fill*         0x0000000040013382        0x2 00
 .text          0x0000000040013384      0xeec /Users/dciliske/nndk/lib/NetBurner.a(buffers.o)
                0x0000000040013468                FreeBufferList
                0x0000000040013874                _ZN19fifo_buffer_storage4FullEv
                0x00000000400138bc                _ZN19fifo_buffer_storage7GetTailEv
                0x0000000040013974                ShowBuffer
                0x0000000040013c58                _ZN19fifo_buffer_storage5ResetEh
                0x0000000040013498                InitBuffers
                0x00000000400135c4                _ZN11buffer_list12InsertBeforeEP11pool_bufferS1_
                0x000000004001379c                GetBuffer
                0x0000000040013954                _ZN19fifo_buffer_storageC2Ehh
                0x000000004001385c                _ZN19fifo_buffer_storage5EmptyEv
                0x00000000400140b4                _ZN19fifo_buffer_storage12ReadDatawSumEPhiRm
                0x0000000040013848                _ZN19fifo_buffer_storage9SpaceUsedEv
                0x0000000040013384                _Z11ShowBuffersv
                0x00000000400133b0                _ZN11buffer_list10InsertHeadEP11pool_buffer
                0x0000000040013aa0                GetFreeCount
                0x0000000040013394                IncUsageCount
                0x0000000040013934                _ZN19fifo_buffer_storageC1Ehh
                0x0000000040013560                _ZN11buffer_list10InsertTailEP11pool_buffer
                0x0000000040013d18                _ZN19fifo_buffer_storageD2Ev
                0x0000000040013e08                _ZN19fifo_buffer_storage13SetMaxBuffersEh
                0x0000000040013b18                _ZN19fifo_buffer_storage8ReadDataEPhi
                0x00000000400138cc                _ZN19fifo_buffer_storage4InitEhh
                0x000000004001338c                _Z11DumpBuffersv
                0x0000000040013734                _ZN11buffer_list10RemoveHeadEv
                0x00000000400136ac                _ZN11buffer_list6RemoveEP11pool_buffer
                0x00000000400137e8                _ZN11buffer_list10RemoveTailEv
                0x0000000040013d2c                _ZN19fifo_buffer_storage14LongSpaceAvailEv
                0x0000000040013e98                _ZN19fifo_buffer_storage9WriteDataEPhi
                0x0000000040013420                FreeBuffer
                0x0000000040013638                _ZN11buffer_list11InsertAfterEP11pool_bufferS1_
                0x0000000040013de4                _ZN19fifo_buffer_storage10SpaceAvailEv
                0x0000000040013d04                _ZN19fifo_buffer_storageD1Ev
 .text          0x0000000040014270     0x1922 /Users/dciliske/nndk/lib/NetBurner.a(arp.o)
                0x0000000040014fa4                _Z10FindAddArpm
                0x00000000400143cc                _Z17sendGratuitousArpi
                0x0000000040014298                _Z8MacEqual6MACADRS_
                0x00000000400145d4                _Z13InitializeArpv
                0x000000004001467c                _Z7FindArpm
                0x00000000400148d8                _Z7SendArpP9ArpRecordi
                0x0000000040014588                _Z12GetInterfacem
                0x0000000040015888                _Z11AddCheckArpP6MACADRmi
                0x00000000400142f8                _Z6SetMacP9ArpRecord6MACADRi
                0x0000000040014de0                _Z15DeleteArpFromIpm
                0x0000000040014780                _Z15GetArpMacFromIpmR6MACADR
                0x00000000400153b0                _Z11RouteOutViaP6EFRAMEmP11pool_bufferi
                0x0000000040014834                _Z18GetProperInterfacem
                0x0000000040014ef4                _Z10FreeOneArpv
                0x0000000040015914                _Z10processArpP11pool_bufferP6EFRAME
                0x0000000040014390                _Z8NeedsArpi
                0x0000000040014a08                _Z10GetNextArpP9ArpRecord
                0x000000004001449c                _Z10RawSendArpP9ArpRecordmi
                0x0000000040014e00                _Z6AgeArpv
                0x00000000400155d0                _Z8RouteOutP6EFRAMEmP11pool_buffer
                0x0000000040014ad0                _Z7ShowArpv
                0x0000000040014c10                _Z9DeleteArpP9ArpRecord
                0x0000000040014a78                _Z11GetFirstArpv
                0x0000000040014944                GetSrcIp
                0x0000000040015240                _Z24IsMyAddressUsedArpDetectti
                0x0000000040014290                _Z7Cleanupv
                0x0000000040014270                _Z6IsNullP9ArpRecord
                0x0000000040014b64                _Z8fShowArpP7__sFILE
                0x00000000400147d8                _Z10AddPendingP6MACADRmi
 *fill*         0x0000000040015b92        0x2 00
 .text          0x0000000040015b94     0x149c /Users/dciliske/nndk/lib/NetBurner.a(udp.o)
                0x000000004001645c                _ZN9UDPPacket4SendEmh
                0x0000000040015cdc                _ZN9UDPPacket18SetDestinationPortEt
                0x0000000040015da0                _ZN9UDPPacket11GetPacketIdEv
                0x0000000040015dec                _ZN9UDPPacket16GetSourceAddressEv
                0x0000000040016c70                _ZN9UDPPacketC2Ev
                0x0000000040016198                _ZN9UDPPacket11AddDataByteEh
                0x0000000040016574                _ZN9UDPPacket11SendAndKeepEmh
                0x0000000040015e10                _Z15RegisterUDPFifotP7os_fifo
                0x00000000400161e0                _ZN9UDPPacket7AddDataEPKc
                0x0000000040015c08                _ZN9UDPPacketC2EP11pool_buffer
                0x00000000400162a0                _ZN9UDPPacket16SendViaInterfaceEmih
                0x0000000040015d88                _ZN9UDPPacket11GetIpPacketEv
                0x00000000400163c8                _ZN9UDPPacket7SendViaEmmh
                0x00000000400165e4                _ZN9UDPPacketD2Ev
                0x0000000040015b94                _Z13GetUdpFifoRect
                0x0000000040015d18                _ZN9UDPPacket13GetDataBufferEv
                0x0000000040015ed8                _Z25RegisterUDPFifoWithNotifytP7os_fifoPFvS0_tE
                0x0000000040015c54                _ZN9UDPPacketC1EP11pool_buffer
                0x0000000040015d4c                _ZNK9UDPPacket11GetDataSizeEv
                0x0000000040016650                _Z15ProcessIDPacketR9UDPPacketi
                0x00000000400161bc                _ZN9UDPPacket11AddDataWordEt
                0x0000000040016cb4                _Z11process_udpP11pool_bufferP5IPPKTt
                0x0000000040016210                _ZN9UDPPacket8ValidateEv
                0x0000000040015cf8                _ZNK9UDPPacket18GetDestinationPortEv
                0x00000000400160ec                _ZN9UDPPacket7AddDataEPKht
                0x0000000040015fa0                _Z17UnregisterUDPFifot
                0x0000000040016f70                _ZN9UDPPacketC1EP7os_fifom
                0x0000000040015d2c                _ZN9UDPPacket11SetDataSizeEt
                0x0000000040016068                _Z15FixIDDataPacketR9UDPPacketP15_InterfaceBlock
                0x0000000040015d74                _ZN9UDPPacket9ResetDataEv
                0x00000000400165bc                _ZN9UDPPacketD1Ev
                0x0000000040016fd0                _ZN9UDPPacketC2EP7os_fifom
                0x0000000040016408                _ZN9UDPPacket14SendAndKeepViaEmmh
                0x0000000040015ca0                _ZN9UDPPacket13SetSourcePortEt
                0x0000000040015cbc                _ZNK9UDPPacket13GetSourcePortEv
                0x00000000400160c4                _Z15FixIDDataPacketR9UDPPacketi
                0x000000004001660c                _ZN9UDPPacketC1Ev
                0x0000000040015dc8                _ZN9UDPPacket21GetDestinationAddressEv
 .text          0x0000000040017030      0x71c /Users/dciliske/nndk/lib/NetBurner.a(autoip.o)
                0x000000004001726c                _ZN12AutoIPClientC1Ei
                0x000000004001714c                _ZN12AutoIPClient4stopEv
                0x0000000040017598                _ZN12AutoIPClient8arpCheckEv
                0x00000000400170bc                _ZN12AutoIPClient11getNextTickEv
                0x00000000400173f4                _ZN12AutoIPClient8announceEv
                0x0000000040017070                _ZN12AutoIPClient16addressCollisionEv
                0x00000000400170ac                _ZN12AutoIPClient8getStateEv
                0x00000000400174d0                _ZN12AutoIPClient8startArpEv
                0x00000000400176f4                _ZN12AutoIPClient14staticTimeTickEv
                0x0000000040017030                _ZN12AutoIPClient5startEv
                0x00000000400172e8                _ZN12AutoIPClientC2Ei
                0x00000000400170cc                _ZN12AutoIPClient9tickDelayEi
                0x00000000400170f4                _ZN12AutoIPClient9negotiateEv
                0x0000000040017438                _ZN12AutoIPClient6setRNGEv
                0x0000000040017208                _ZN12AutoIPClientD2Ev
                0x0000000040017684                _ZN12AutoIPClient8timeTickEv
                0x0000000040017184                _ZN12AutoIPClient7restartEv
                0x0000000040017364                _Z18AddAutoIPInterfacei
                0x00000000400171a4                _ZN12AutoIPClientD1Ev
                0x0000000040017494                _ZN12AutoIPClient17generateNewIPAddrEv
 .text          0x000000004001774c     0x1f9c /Users/dciliske/nndk/lib/NetBurner.a(dhcpc.o)
                0x00000000400179c0                _Z13CompareChaddrPhS_
                0x0000000040018040                _ZN10DhcpObjectC1Ei
                0x0000000040019254                _ZN10DhcpObject11RestartDHCPEv
                0x0000000040017ef8                _ZN10DhcpObject9StopBOOTPEv
                0x0000000040017ee4                _ZN10DhcpObject14StopProcessingEv
                0x0000000040017884                _ZN11DHCPMessage10ResetBytesEv
                0x00000000400178ec                _ZN11DHCPMessage12SetRandomXidEv
                0x0000000040017f5c                _ZN10DhcpObjectD1Ev
                0x00000000400196a8                _ZN10DhcpObject15staticDHCPTimerEv
                0x00000000400179a4                _ZN11DHCPMessage13GetOptionDataEh
                0x000000004001957c                _ZN10DhcpObject9RenewDHCPEv
                0x0000000040018640                _ZN11DHCPMessage13SendServerMsgEmi
                0x00000000400181e8                _ZN11DHCPMessage15MsgForInterfaceEi
                0x0000000040018b64                _ZN10DhcpObject8StopDHCPEv
                0x0000000040018ee0                _Z29All_GetDHCPAddressIfNecessaryb
                0x0000000040018dbc                _ZN10DhcpObject16ReTransmitPacketEm
                0x0000000040017fcc                _ZN10DhcpObject19UpdateIPRuntimeVarsEh
                0x0000000040018eb0                _ZN10DhcpObject9StartDHCPEv
                0x0000000040017fb8                _Z22SetDHCPDiscoverSecondsm
                0x0000000040019508                _ZN10DhcpObject16staticDHCPPacketEP11pool_buffer
                0x0000000040017a50                _Z14AddDhcpOptionsR11DHCPMessageRi
                0x0000000040018bbc                _ZN10DhcpObject18CreateDhcpRenewMsgER11DHCPMessage
                0x000000004001781c                _ZN11DHCPMessage11CreateReplyEmm
                0x00000000400179fc                _Z12ValidDhcpMsgPh
                0x0000000040018114                _ZN10DhcpObjectC2Ei
                0x0000000040017f00                _ZN10DhcpObjectD2Ev
                0x0000000040017ba8                _ZN10DhcpObject10DhcpConfigER11DHCPMessage
                0x0000000040018a70                _ZN10DhcpObject20CreateDhcpReleaseMsgER11DHCPMessage
                0x0000000040017eb8                _ZN10DhcpObject25GetRemainingDhcpLeaseTimeEv
                0x0000000040017928                _ZN11DHCPMessage13GetOptionDataEhRi
                0x00000000400191bc                _Z25GetDHCPAddressIfNecessaryib
                0x0000000040018220                _ZN11DHCPMessageC1EPh
                0x0000000040019280                _Z13__restartDHCPP10DhcpObject
                0x00000000400195a8                _ZN10DhcpObject9DHCPTimerEv
                0x000000004001774c                _ZN11DHCPMessageC2Ev
                0x0000000040019098                _Z14GetDHCPAddressi
                0x0000000040018248                _ZN11DHCPMessageC2EPh
                0x0000000040017e8c                _ZN10DhcpObject12GetDHCPStateEv
                0x0000000040017b08                _ZN10DhcpObject11BootpConfigER11DHCPMessage
                0x0000000040018e84                _ZN10DhcpObject10StartBOOTPEv
                0x0000000040018728                _Z21CreateDhcpDiscoverMsgR11DHCPMessagei
                0x00000000400186b4                _ZN11DHCPMessage7SendMsgEmi
                0x000000004001784c                _ZN11DHCPMessage12ClearOptionsEv
                0x0000000040017e9c                _ZN10DhcpObject14ValidDhcpLeaseEv
                0x0000000040019288                _ZN10DhcpObject10DHCPPacketEP11pool_buffer
                0x000000004001891c                _ZN10DhcpObject14CreateBootpMsgER11DHCPMessage
                0x0000000040018270                _Z20CreateDhcpRequestMsgR11DHCPMessageS0_i
                0x00000000400177b4                _ZN11DHCPMessageC1Ev
                0x0000000040019550                _ZN10DhcpObject10RebindDHCPEv
 .text          0x00000000400196e8        0x0 /Users/dciliske/nndk/lib/NetBurner.a(defappname.o)
 .text          0x00000000400196e8      0x5f8 /Users/dciliske/nndk/lib/NetBurner.a(taskmon.o)
                0x0000000040019c20                _Z17ProcessTaskPacketR9UDPPacketi
                0x00000000400196e8                _Z17EnableTaskMonitorv
                0x00000000400196fc                _Z18BufferDumpTCBStateP6os_tcb
 .text          0x0000000040019ce0      0x538 /Users/dciliske/nndk/lib/NetBurner.a(autoupdate.o)
                0x000000004001a168                _Z23ProcessAutoUpdatePacketR9UDPPacket
                0x0000000040019e9c                _Z6DoDataR9UDPPacket
                0x0000000040019ce0                EnableAutoUpdate
                0x0000000040019cf4                _Z8DoRebootv
                0x0000000040019d24                _Z9DoExecuteR9UDPPacketi
                0x0000000040019f8c                _Z7DoStartR9UDPPacket
 .text          0x000000004001a218       0xea /Users/dciliske/nndk/lib/NetBurner.a(nbsiprintf.o)
                0x000000004001a218                sniprintf
                0x000000004001a274                _Z11putstrcharsPvPKci
                0x000000004001a24c                siprintf
 *fill*         0x000000004001a302        0x2 00
 .text          0x000000004001a304       0x26 /Users/dciliske/nndk/lib/NetBurner.a(new_ops.o)
                0x000000004001a304                _Znwm
 *fill*         0x000000004001a32a        0x2 00
 .text          0x000000004001a32c       0xbc /Users/dciliske/nndk/lib/MOD5441X.a(localio.o)
                0x000000004001a32c                GetUartRecord
                0x000000004001a370                GetDefUart
                0x000000004001a384                LocalInByte
                0x000000004001a3a0                LocalOutByte
                0x000000004001a3d4                LocalCharAvail
 .text          0x000000004001a3e8     0x2202 /Users/dciliske/nndk/lib/MOD5441X.a(serial.o)
                0x000000004001a414                _Z6WakeTxi
                0x000000004001a3e8                _Z11FdSerialMapi
                0x000000004001b730                SerialClose
                0x000000004001aa04                _Z14fake_SER_7_ISRv
                0x000000004001c4ec                real_SER_5_ISR
                0x000000004001b6bc                SendBreak
                0x000000004001bef4                OpenSerial
                0x000000004001b1f4                GetUartErrorReg
                0x000000004001a778                _Z14fake_SER_0_ISRv
                0x000000004001aa5c                SER_8_ISR
                0x000000004001a820                real_SER_1_ISR
                0x000000004001c52c                real_SER_4_ISR
                0x000000004001b43c                _Z15fShowSerialDataP7__sFILE
                0x000000004001c42c                real_SER_8_ISR
                0x000000004001a95c                _Z14fake_SER_5_ISRv
                0x000000004001a9b4                SER_6_ISR
                0x000000004001a860                _Z14fake_SER_2_ISRv
                0x000000004001b36c                SerialSendComplete
                0x000000004001ab00                SerialEnableTxFlow
                0x000000004001ab48                SerialEnableRxFlow
                0x000000004001c46c                real_SER_7_ISR
                0x000000004001a4a8                _Z8DoSerIsri
                0x000000004001af58                Serial485HalfDupMode
                0x000000004001c56c                real_SER_3_ISR
                0x000000004001aab0                SER_9_ISR
                0x000000004001a8b8                SER_3_ISR
                0x000000004001aaac                _Z14fake_SER_9_ISRv
                0x000000004001a960                SER_5_ISR
                0x000000004001c3b0                real_SER_0_ISR
                0x000000004001ad84                SerialEnableHwRxFlow
                0x000000004001ba10                serread
                0x000000004001bd30                _Z11BasePutCharih
                0x000000004001ba2c                _Z11BaseGetChari
                0x000000004001c5ac                real_SER_2_ISR
                0x000000004001a90c                SER_4_ISR
                0x000000004001a7d0                SER_1_ISR
                0x000000004001b824                serreadwto
                0x000000004001be54                _Z14InitializeMapsv
                0x000000004001a77c                SER_0_ISR
                0x000000004001bc34                serwriteaddress
                0x000000004001aa08                SER_7_ISR
                0x000000004001c3ec                real_SER_9_ISR
                0x000000004001baec                serwrite
                0x000000004001b3ec                _Z20SerialExpandRxBufferii
                0x000000004001b800                serexternalclose
                0x000000004001a9b0                _Z14fake_SER_6_ISRv
                0x000000004001a864                SER_2_ISR
                0x000000004001a908                _Z14fake_SER_4_ISRv
                0x000000004001aa58                _Z14fake_SER_8_ISRv
                0x000000004001a7cc                _Z14fake_SER_1_ISRv
                0x000000004001a8b4                _Z14fake_SER_3_ISRv
                0x000000004001c4ac                real_SER_6_ISR
                0x000000004001ab94                SerialEnableHwTxFlow
 *fill*         0x000000004001c5ea        0x2 00
 .text          0x000000004001c5ec     0x255e /Users/dciliske/nndk/lib/MOD5441X.a(ethernet.o)
                0x000000004001d8e0                _Z20AddEthernetInterfacev
                0x000000004001c900                _Z9StopEnet0v
                0x000000004001df24                _ZN12EthernetVars17EthTransmitBufferEP11pool_buffer
                0x000000004001ca5c                _Z9EtherLinkv
                0x000000004001e2a8                real_txenetisr0
                0x000000004001e7d4                real_txenetisr1
                0x000000004001e0e0                _ZN12EthernetVars9TxIsrProcERVmmm
                0x000000004001c6ec                txenetisr1
                0x000000004001c9dc                _Z13EtherSpeed100v
                0x000000004001d5d4                _ZN12EthernetVars18InitializeEthernetEiiR6MACADR
                0x000000004001c8ac                _ZN12EthernetVars8StopEnetEv
                0x000000004001ca9c                _Z10EtherLink0v
                0x000000004001e0c8                _Z18EthTransmitBuffer0P11pool_buffer
                0x000000004001e554                _ZN12EthernetVars15ProcessRxBufferEP11pool_buffer
                0x000000004001e310                _ZN12EthernetVars9RxIsrProcERVmmm
                0x000000004001e83c                real_rxenetisr1
                0x000000004001c7c8                _ZN12EthernetVars6GetMIIEh
                0x000000004001d054                _ZN12EthernetVars9ResetEnetEv
                0x000000004001c5f0                rxenetisr0
                0x000000004001c880                _ZN12EthernetVars6SetMIIEht
                0x000000004001c644                txenetisr0
                0x000000004001c7ec                _ZN12EthernetVars6SetMIIEhht
                0x000000004001cb4c                _ZN12EthernetVars14ResetEnetPart2Ev
                0x000000004001dbe4                _Z9EnablePHYv
                0x000000004001db28                _ZN12EthernetVars9EnablePHYEv
                0x000000004001dab0                _ZN12EthernetVars20ManualEthernetConfigEhhh
                0x000000004001c914                _ZN12EthernetVars10DisablePHYEv
                0x000000004001cb00                _Z13EthMultifunc06MACADRh
                0x000000004001e76c                real_rxenetisr0
                0x000000004001c73c                _ZN12EthernetVars6GetMIIEhh
                0x000000004001c640                _Z15fake_txenetisr0v
                0x000000004001dbf8                _ZN12EthernetVars19ProcessDuplexStatusEt
                0x000000004001c9c8                _Z10DisablePHYv
                0x000000004001da04                _ZN12EthernetVars13WarmEnetResetEv
                0x000000004001e8a4                _Z17Ether_ProcessTaskPv
                0x000000004001ca1c                _Z11EtherDuplexv
                0x000000004001c6e8                _Z15fake_txenetisr1v
                0x000000004001c694                _Z15fake_rxenetisr1v
                0x000000004001c5ec                _Z15fake_rxenetisr0v
                0x000000004001c698                rxenetisr1
 *fill*         0x000000004001eb4a        0x2 00
 .text          0x000000004001eb4c      0xc80 /Users/dciliske/nndk/lib/MOD5441X.a(etherprint.o)
                0x000000004001ef3c                _ZN12EthernetVars14ShowLinkStatusEv
                0x000000004001f7b8                _Z5denetv
                0x000000004001eb88                _Z16ShowESWRegistersv
                0x000000004001f010                _ZN12EthernetVars7ShowMIIEhhPKct
                0x000000004001f334                _ZN12EthernetVars16ShowFECRegistersEv
                0x000000004001f080                _ZN12EthernetVars13ShowPhyterMIIEv
                0x000000004001eb60                _ZN12EthernetVars13EtherSpeed100Ev
                0x000000004001eb4c                _ZN12EthernetVars9EtherLinkEv
                0x000000004001eb74                _ZN12EthernetVars11EtherDuplexEv
                0x000000004001f7a4                _Z5dEnetv
                0x000000004001f760                DoDumpEnet
                0x000000004001eeb0                _Z10showbinarytt
 .text          0x000000004001f7cc      0x2c8 /Users/dciliske/nndk/lib/MOD5441X.a(emulticast.o)
                0x000000004001f80c                _ZN12EthernetVars18EthEnableMulticastE6MACADR
                0x000000004001f7cc                _Z15GetMultiCastCRC6MACADR
                0x000000004001f948                _ZN12EthernetVars19EthDisableMulticastE6MACADR
 .text          0x000000004001fa94      0x2aa /Users/dciliske/nndk/lib/MOD5441X.a(ether2nd.o)
                0x000000004001fcf8                _Z10EtherLink1v
                0x000000004001fd28                _Z9StopEnet1v
                0x000000004001fcd4                _Z18EthTransmitBuffer1P11pool_buffer
                0x000000004001fa94                _Z14Add2ndEthernetv
                0x000000004001fc88                _Z13EthMultifunc16MACADRh
 *fill*         0x000000004001fd3e        0x2 00
 .text          0x000000004001fd40      0x6d4 /Users/dciliske/nndk/lib/MOD5441X.a(etherswitch.o)
                0x00000000400200a4                eswlrnisr
                0x00000000400200a0                _Z14fake_eswlrnisrv
                0x000000004001fd70                _Z11SetMacEntrymmm
                0x000000004001fff8                _Z17fake_rxeswitchisrv
                0x000000004001fe2c                _Z14UpdateMacTableblPhjj
                0x000000004002036c                real_txeswitchisr
                0x000000004001fddc                _Z9crc8_calcPh
                0x000000004001fd9c                _Z13ClearMacTablev
                0x000000004001fffc                rxeswitchisr
                0x00000000400200f4                real_eswlrnisr
                0x000000004002004c                _Z17fake_txeswitchisrv
                0x0000000040020174                _Z15EtherSwitchInitv
                0x0000000040020050                txeswitchisr
                0x000000004001fd40                _Z11GetMacEntrymPmS_
                0x00000000400203c0                real_rxeswitchisr
 .text          0x0000000040020414        0x0 /Users/dciliske/nndk/lib/MOD5441X.a(weak_autoenet_var.o)
 .text          0x0000000040020414      0x2b0 /Users/dciliske/nndk/lib/NetBurner.a(extraio.o)
                0x0000000040020444                _Z11ExpandWriteiPKci
                0x0000000040020654                GetExtraInterface
                0x00000000400204e0                GetExtraFDwIntf
                0x0000000040020474                _Z11ExpandClosei
                0x00000000400204a4                _Z10InitExtrasv
                0x000000004002058c                GetExtraFD
                0x0000000040020414                _Z10ExpandReadiPci
                0x0000000040020688                GetFreeExtraFDCount
                0x00000000400205a4                FreeExtraFd
                0x00000000400205e8                GetExtraData
                0x000000004002061c                GetExtraExtraData
 .text          0x00000000400206c4      0x1f2 /Users/dciliske/nndk/lib/NetBurner.a(netrx.o)
                0x00000000400206c4                _Z7NetDoRXP11pool_bufferti
 *fill*         0x00000000400208b6        0x2 00
 .text          0x00000000400208b8      0x172 /Users/dciliske/nndk/lib/NetBurner.a(multiconfig.o)
                0x00000000400208b8                _Z16SetupIFConfigRecR15_InterfaceBlock
 *fill*         0x0000000040020a2a        0x2 00
 .text          0x0000000040020a2c      0xba0 /Applications/NetBurner/gcc-m68k/bin/../lib/gcc/m68k-elf/4.2.1/m5206e/libgcc.a(_double.o)
                0x000000004002152a                __cmpdf2
                0x0000000040020a8c                __adddf3
                0x00000000400213f4                __negdf2
                0x0000000040021104                __divdf3
                0x0000000040021452                __cmpdf2_internal
                0x0000000040020f28                __muldf3
                0x0000000040020a86                __subdf3
 .text          0x00000000400215cc       0x74 /Applications/NetBurner/gcc-m68k/bin/../lib/gcc/m68k-elf/4.2.1/m5206e/libgcc.a(_floatex.o)
                0x00000000400215d8                $_exception_handler
                0x00000000400215cc                __clear_sticky_bit
 .text          0x0000000040021640       0x7a /Applications/NetBurner/gcc-m68k/bin/../lib/gcc/m68k-elf/4.2.1/m5206e/libgcc.a(_fixunsdfsi.o)
                0x0000000040021640                __fixunsdfsi
 *fill*         0x00000000400216ba        0x2 00
 .text          0x00000000400216bc      0x4f6 /Applications/NetBurner/gcc-m68k/bin/../lib/gcc/m68k-elf/4.2.1/m5206e/libgcc.a(_udivdi3.o)
                0x00000000400216bc                __udivdi3
 *fill*         0x0000000040021bb2        0x2 00
 .text          0x0000000040021bb4      0x4f8 /Applications/NetBurner/gcc-m68k/bin/../lib/gcc/m68k-elf/4.2.1/m5206e/libgcc.a(_umoddi3.o)
                0x0000000040021bb4                __umoddi3
 .text          0x00000000400220ac      0x49c /Applications/NetBurner/gcc-m68k/bin/../lib/gcc/m68k-elf/4.2.1/m5206e/libgcc.a(fpgnulib.o)
                0x000000004002252e                __fixsfsi
                0x0000000040022214                __floatsidf
                0x00000000400222ea                __extendsfdf2
                0x00000000400221a2                __floatunsidf
                0x00000000400224ae                __fixdfsi
                0x00000000400222d0                __floatsisf
                0x0000000040022386                __truncdfsf2
                0x00000000400220ac                __unordsf2
                0x00000000400222b6                __floatunsisf
                0x000000004002210e                __unorddf2
 .text          0x0000000040022548       0x22 /Applications/NetBurner/gcc-m68k/bin/../lib/gcc/m68k-elf/4.2.1/m5206e/libgcc.a(_gedf2.o)
                0x0000000040022548                __gedf2
 *fill*         0x000000004002256a        0x2 00
 .text          0x000000004002256c        0x0 /Applications/NetBurner/gcc-m68k/bin/../lib/gcc/m68k-elf/4.2.1/m5206e/libgcc.a(_clz.o)
 .text          0x000000004002256c       0x1e /Applications/NetBurner/gcc-m68k/bin/../lib/gcc/m68k-elf/4.2.1/../../../../m68k-elf/lib/m5206e/libc.a(lib_a-cxa_atexit.o)
                0x000000004002256c                __cxa_atexit
 *fill*         0x000000004002258a        0x2 00
 .text          0x000000004002258c        0xe /Applications/NetBurner/gcc-m68k/bin/../lib/gcc/m68k-elf/4.2.1/../../../../m68k-elf/lib/m5206e/libc.a(lib_a-errno.o)
                0x000000004002258c                __errno
 *fill*         0x000000004002259a        0x2 00
 .text          0x000000004002259c       0x24 /Applications/NetBurner/gcc-m68k/bin/../lib/gcc/m68k-elf/4.2.1/../../../../m68k-elf/lib/m5206e/libc.a(lib_a-fiprintf.o)
                0x000000004002259c                fiprintf
 .text          0x00000000400225c0        0x0 /Applications/NetBurner/gcc-m68k/bin/../lib/gcc/m68k-elf/4.2.1/../../../../m68k-elf/lib/m5206e/libc.a(lib_a-impure.o)
 .text          0x00000000400225c0       0x32 /Applications/NetBurner/gcc-m68k/bin/../lib/gcc/m68k-elf/4.2.1/../../../../m68k-elf/lib/m5206e/libc.a(lib_a-malloc.o)
                0x00000000400225da                malloc
                0x00000000400225c0                free
 *fill*         0x00000000400225f2        0x2 00
 .text          0x00000000400225f4      0x78c /Applications/NetBurner/gcc-m68k/bin/../lib/gcc/m68k-elf/4.2.1/../../../../m68k-elf/lib/m5206e/libc.a(lib_a-mallocr.o)
                0x00000000400225f4                _malloc_r
 .text          0x0000000040022d80       0x8a /Applications/NetBurner/gcc-m68k/bin/../lib/gcc/m68k-elf/4.2.1/../../../../m68k-elf/lib/m5206e/libc.a(lib_a-puts.o)
                0x0000000040022d80                _puts_r
                0x0000000040022df4                puts
 *fill*         0x0000000040022e0a        0x2 00
 .text          0x0000000040022e0c       0x6c /Applications/NetBurner/gcc-m68k/bin/../lib/gcc/m68k-elf/4.2.1/../../../../m68k-elf/lib/m5206e/libc.a(lib_a-rand.o)
                0x0000000040022e24                rand
                0x0000000040022e0c                srand
 .text          0x0000000040022e78       0x4e /Applications/NetBurner/gcc-m68k/bin/../lib/gcc/m68k-elf/4.2.1/../../../../m68k-elf/lib/m5206e/libc.a(lib_a-rget.o)
                0x0000000040022eb2                __srget
                0x0000000040022e78                __srget_r
 *fill*         0x0000000040022ec6        0x2 00
 .text          0x0000000040022ec8      0x1ee /Applications/NetBurner/gcc-m68k/bin/../lib/gcc/m68k-elf/4.2.1/../../../../m68k-elf/lib/m5206e/libc.a(lib_a-setvbuf.o)
                0x0000000040022ec8                setvbuf
 *fill*         0x00000000400230b6        0x2 00
 .text          0x00000000400230b8       0x1a /Applications/NetBurner/gcc-m68k/bin/../lib/gcc/m68k-elf/4.2.1/../../../../m68k-elf/lib/m5206e/libc.a(lib_a-strlen.o)
                0x00000000400230b8                strlen
 *fill*         0x00000000400230d2        0x2 00
 .text          0x00000000400230d4     0x1010 /Applications/NetBurner/gcc-m68k/bin/../lib/gcc/m68k-elf/4.2.1/../../../../m68k-elf/lib/m5206e/libc.a(lib_a-vfiprintf.o)
                0x00000000400240c6                vfiprintf
                0x0000000040023118                _vfiprintf_r
 .text          0x00000000400240e4      0x124 /Applications/NetBurner/gcc-m68k/bin/../lib/gcc/m68k-elf/4.2.1/../../../../m68k-elf/lib/m5206e/libc.a(lib_a-wbuf.o)
                0x00000000400240e4                __swbuf_r
                0x00000000400241ee                __swbuf
 .text          0x0000000040024208       0x7c /Applications/NetBurner/gcc-m68k/bin/../lib/gcc/m68k-elf/4.2.1/../../../../m68k-elf/lib/m5206e/libc.a(lib_a-wcrtomb.o)
                0x0000000040024208                _wcrtomb_r
                0x0000000040024268                wcrtomb
 .text          0x0000000040024284      0x130 /Applications/NetBurner/gcc-m68k/bin/../lib/gcc/m68k-elf/4.2.1/../../../../m68k-elf/lib/m5206e/libc.a(lib_a-wcsrtombs.o)
                0x0000000040024284                _wcsrtombs_r
                0x0000000040024392                wcsrtombs
 .text          0x00000000400243b4      0x452 /Applications/NetBurner/gcc-m68k/bin/../lib/gcc/m68k-elf/4.2.1/../../../../m68k-elf/lib/m5206e/libc.a(lib_a-wctomb_r.o)
                0x00000000400243b4                _wctomb_r
 *fill*         0x0000000040024806        0x2 00
 .text          0x0000000040024808      0x130 /Applications/NetBurner/gcc-m68k/bin/../lib/gcc/m68k-elf/4.2.1/../../../../m68k-elf/lib/m5206e/libc.a(lib_a-wsetup.o)
                0x0000000040024808                __swsetup
 .text          0x0000000040024938       0xe8 /Applications/NetBurner/gcc-m68k/bin/../lib/gcc/m68k-elf/4.2.1/../../../../m68k-elf/lib/m5206e/libc.a(lib_a-__atexit.o)
                0x0000000040024938                __register_exitproc
 .text          0x0000000040024a20      0x198 /Applications/NetBurner/gcc-m68k/bin/../lib/gcc/m68k-elf/4.2.1/../../../../m68k-elf/lib/m5206e/libc.a(lib_a-fflush.o)
                0x0000000040024a20                fflush
 .text          0x0000000040024bb8      0x25e /Applications/NetBurner/gcc-m68k/bin/../lib/gcc/m68k-elf/4.2.1/../../../../m68k-elf/lib/m5206e/libc.a(lib_a-findfp.o)
                0x0000000040024c12                __sinit
                0x0000000040024cca                __sfmoreglue
                0x0000000040024cb8                _cleanup
                0x0000000040024c9e                _cleanup_r
                0x0000000040024d38                __sfp
 *fill*         0x0000000040024e16        0x2 00
 .text          0x0000000040024e18      0x422 /Applications/NetBurner/gcc-m68k/bin/../lib/gcc/m68k-elf/4.2.1/../../../../m68k-elf/lib/m5206e/libc.a(lib_a-freer.o)
                0x0000000040024f08                _free_r
                0x0000000040024e18                _malloc_trim_r
 *fill*         0x000000004002523a        0x2 00
 .text          0x000000004002523c      0x394 /Applications/NetBurner/gcc-m68k/bin/../lib/gcc/m68k-elf/4.2.1/../../../../m68k-elf/lib/m5206e/libc.a(lib_a-fvwrite.o)
                0x000000004002523c                __sfvwrite_r
 .text          0x00000000400255d0       0xe4 /Applications/NetBurner/gcc-m68k/bin/../lib/gcc/m68k-elf/4.2.1/../../../../m68k-elf/lib/m5206e/libc.a(lib_a-fwalk.o)
                0x00000000400255d0                _fwalk
                0x0000000040025640                _fwalk_reent
 .text          0x00000000400256b4       0xa6 /Applications/NetBurner/gcc-m68k/bin/../lib/gcc/m68k-elf/4.2.1/../../../../m68k-elf/lib/m5206e/libc.a(lib_a-locale.o)
                0x00000000400256e2                _setlocale_r
                0x00000000400256b4                __locale_charset
                0x00000000400256c2                _localeconv_r
                0x0000000040025742                setlocale
                0x00000000400256d0                localeconv
 *fill*         0x000000004002575a        0x2 00
 .text          0x000000004002575c      0x178 /Applications/NetBurner/gcc-m68k/bin/../lib/gcc/m68k-elf/4.2.1/../../../../m68k-elf/lib/m5206e/libc.a(lib_a-makebuf.o)
                0x000000004002575c                __smakebuf
 .text          0x00000000400258d4       0xd2 /Applications/NetBurner/gcc-m68k/bin/../lib/gcc/m68k-elf/4.2.1/../../../../m68k-elf/lib/m5206e/libc.a(lib_a-memchr.o)
                0x00000000400258d4                memchr
 *fill*         0x00000000400259a6        0x2 00
 .text          0x00000000400259a8       0xb6 /Applications/NetBurner/gcc-m68k/bin/../lib/gcc/m68k-elf/4.2.1/../../../../m68k-elf/lib/m5206e/libc.a(lib_a-memmove.o)
                0x00000000400259a8                memmove
 *fill*         0x0000000040025a5e        0x2 00
 .text          0x0000000040025a60      0x4da /Applications/NetBurner/gcc-m68k/bin/../lib/gcc/m68k-elf/4.2.1/../../../../m68k-elf/lib/m5206e/libc.a(lib_a-reallocr.o)
                0x0000000040025a60                _realloc_r
 *fill*         0x0000000040025f3a        0x2 00
 .text          0x0000000040025f3c      0x21c /Applications/NetBurner/gcc-m68k/bin/../lib/gcc/m68k-elf/4.2.1/../../../../m68k-elf/lib/m5206e/libc.a(lib_a-refill.o)
                0x0000000040025f60                __srefill_r
 .text          0x0000000040026158      0x162 /Applications/NetBurner/gcc-m68k/bin/../lib/gcc/m68k-elf/4.2.1/../../../../m68k-elf/lib/m5206e/libc.a(lib_a-stdio.o)
                0x0000000040026176                __sseek
                0x0000000040026268                __sread
                0x0000000040026158                __sclose
                0x00000000400261d8                __swrite
 *fill*         0x00000000400262ba        0x2 00
 .text          0x00000000400262bc       0x70 /Applications/NetBurner/gcc-m68k/bin/../lib/gcc/m68k-elf/4.2.1/../../../../m68k-elf/lib/m5206e/libc.a(lib_a-strcmp.o)
                0x00000000400262bc                strcmp
 .text          0x000000004002632c       0x3e /Applications/NetBurner/gcc-m68k/bin/../lib/gcc/m68k-elf/4.2.1/../../../../m68k-elf/lib/m5206e/libc.a(lib_a-writer.o)
                0x000000004002632c                _write_r
 *fill*         0x000000004002636a        0x2 00
 .text          0x000000004002636c       0x32 /Applications/NetBurner/gcc-m68k/bin/../lib/gcc/m68k-elf/4.2.1/../../../../m68k-elf/lib/m5206e/libc.a(lib_a-closer.o)
                0x000000004002636c                _close_r
 *fill*         0x000000004002639e        0x2 00
 .text          0x00000000400263a0       0xfe /Applications/NetBurner/gcc-m68k/bin/../lib/gcc/m68k-elf/4.2.1/../../../../m68k-elf/lib/m5206e/libc.a(lib_a-fclose.o)
                0x00000000400263a0                _fclose_r
                0x0000000040026488                fclose
 *fill*         0x000000004002649e        0x2 00
 .text          0x00000000400264a0       0x36 /Applications/NetBurner/gcc-m68k/bin/../lib/gcc/m68k-elf/4.2.1/../../../../m68k-elf/lib/m5206e/libc.a(lib_a-fstatr.o)
                0x00000000400264a0                _fstat_r
 *fill*         0x00000000400264d6        0x2 00
 .text          0x00000000400264d8       0x3e /Applications/NetBurner/gcc-m68k/bin/../lib/gcc/m68k-elf/4.2.1/../../../../m68k-elf/lib/m5206e/libc.a(lib_a-lseekr.o)
                0x00000000400264d8                _lseek_r
 *fill*         0x0000000040026516        0x2 00
 .text          0x0000000040026518       0x3e /Applications/NetBurner/gcc-m68k/bin/../lib/gcc/m68k-elf/4.2.1/../../../../m68k-elf/lib/m5206e/libc.a(lib_a-readr.o)
                0x0000000040026518                _read_r
 *fill*         0x0000000040026556        0x2 00
 .text          0x0000000040026558       0x72 /Applications/NetBurner/gcc-m68k/bin/../lib/gcc/m68k-elf/4.2.1/m5206e/libgcc.a(_muldi3.o)
                0x0000000040026558                __muldi3
 *fill*         0x00000000400265ca        0x2 00
 .text          0x00000000400265cc       0x32 /Applications/NetBurner/gcc-m68k/bin/../lib/gcc/m68k-elf/4.2.1/m5206e/crtend.o
                0x0000000040026600                . = ALIGN (0x10)
 *fill*         0x00000000400265fe        0x2 00
 *(.text.*)
                0x0000000040026600                . = ALIGN (0x10)
 *(.eh_frame)
 .eh_frame      0x0000000040026600        0x0 /Applications/NetBurner/gcc-m68k/bin/../lib/gcc/m68k-elf/4.2.1/m5206e/crtbegin.o
 .eh_frame      0x0000000040026600       0x40 /Applications/NetBurner/gcc-m68k/bin/../lib/gcc/m68k-elf/4.2.1/m5206e/libgcc.a(_udivdi3.o)
 .eh_frame      0x0000000040026640       0x2c /Applications/NetBurner/gcc-m68k/bin/../lib/gcc/m68k-elf/4.2.1/m5206e/libgcc.a(_umoddi3.o)
                                         0x40 (size before relaxing)
 .eh_frame      0x000000004002666c        0x4 /Applications/NetBurner/gcc-m68k/bin/../lib/gcc/m68k-elf/4.2.1/m5206e/crtend.o
                0x0000000040026670                . = ALIGN (0x10)
 *fill*         0x0000000040026670        0x0 00
 *(.gnu.linkonce.t.*)
                0x0000000040026670                . = ALIGN (0x4)
                0x0000000040026670                __CTOR_LIST__ = .
 *(.ctors)
 .ctors         0x0000000040026670        0x4 /Applications/NetBurner/gcc-m68k/bin/../lib/gcc/m68k-elf/4.2.1/m5206e/crtbegin.o
 .ctors         0x0000000040026674        0x4 /Users/dciliske/nndk/lib/NetBurner.a(tcp.o)
 .ctors         0x0000000040026678        0x4 /Users/dciliske/nndk/lib/NetBurner.a(ip.o)
 .ctors         0x000000004002667c        0x4 /Users/dciliske/nndk/lib/NetBurner.a(buffers.o)
 .ctors         0x0000000040026680        0x4 /Users/dciliske/nndk/lib/MOD5441X.a(serial.o)
 .ctors         0x0000000040026684        0x4 /Applications/NetBurner/gcc-m68k/bin/../lib/gcc/m68k-elf/4.2.1/m5206e/crtend.o
                0x0000000040026688                __CTOR_END__ = .
                0x0000000040026688        0x4 LONG 0x0
                0x000000004002668c                __CTOR_END__ = .
                0x000000004002668c                __DTOR_LIST__ = .
                0x000000004002668c                ___DTOR_LIST__ = .
                0x000000004002668c        0x4 LONG 0x2 (((__DTOR_END__ - __DTOR_LIST__) / 0x4) - 0x2)
 *(.dtors)
 .dtors         0x0000000040026690        0x4 /Applications/NetBurner/gcc-m68k/bin/../lib/gcc/m68k-elf/4.2.1/m5206e/crtbegin.o
 .dtors         0x0000000040026694        0x4 /Applications/NetBurner/gcc-m68k/bin/../lib/gcc/m68k-elf/4.2.1/m5206e/crtend.o
                0x0000000040026698        0x4 LONG 0x0
                0x000000004002669c                __DTOR_END__ = .
 *(.rodata)
 .rodata        0x000000004002669c        0xc ./main.o
 .rodata        0x00000000400266a8      0x108 /Users/dciliske/nndk/lib/NetBurner.a(ucos.o)
                0x00000000400266b0                FAKE_OSUnMapTbl
                0x00000000400266a8                FAKE_OSMapTbl
 .rodata        0x00000000400267b0        0xd /Users/dciliske/nndk/lib/NetBurner.a(tcp.o)
 *fill*         0x00000000400267bd        0x1 00
 .rodata        0x00000000400267be       0x26 /Users/dciliske/nndk/lib/NetBurner.a(release_tagdata.o)
                0x00000000400267c2                rtag_array
                0x00000000400267be                rtag_len
 .rodata        0x00000000400267e4       0xb8 /Users/dciliske/nndk/lib/NetBurner.a(utils.o)
 *fill*         0x000000004002689c        0x4 00
 .rodata        0x00000000400268a0        0x4 /Users/dciliske/nndk/lib/NetBurner.a(buffers.o)
 .rodata        0x00000000400268a4        0x2 /Users/dciliske/nndk/lib/NetBurner.a(udp.o)
 .rodata        0x00000000400268a6       0x50 /Users/dciliske/nndk/lib/MOD5441X.a(serial.o)
 .rodata        0x00000000400268f6      0x400 /Users/dciliske/nndk/lib/MOD5441X.a(emulticast.o)
 .rodata        0x0000000040026cf6        0x1 /Users/dciliske/nndk/lib/MOD5441X.a(weak_autoenet_var.o)
                0x0000000040026cf6                bAutomatic2ndEther
 .rodata        0x0000000040026cf7      0x100 /Applications/NetBurner/gcc-m68k/bin/../lib/gcc/m68k-elf/4.2.1/m5206e/libgcc.a(_clz.o)
                0x0000000040026cf7                __clz_tab
 *fill*         0x0000000040026df7        0x1 00
 .rodata        0x0000000040026df8        0x4 /Applications/NetBurner/gcc-m68k/bin/../lib/gcc/m68k-elf/4.2.1/../../../../m68k-elf/lib/m5206e/libc.a(lib_a-impure.o)
                0x0000000040026df8                _global_impure_ptr
 .rodata        0x0000000040026dfc       0x20 /Applications/NetBurner/gcc-m68k/bin/../lib/gcc/m68k-elf/4.2.1/../../../../m68k-elf/lib/m5206e/libc.a(lib_a-vfiprintf.o)
 .rodata        0x0000000040026e1c       0x34 /Applications/NetBurner/gcc-m68k/bin/../lib/gcc/m68k-elf/4.2.1/../../../../m68k-elf/lib/m5206e/libc.a(lib_a-locale.o)
 *(.rodata.*)
 .rodata.str1.1
                0x0000000040026e50       0x7c ./main.o
 .rodata.str1.1
                0x0000000040026ecc        0x9 /Users/dciliske/nndk/lib/MOD5441X.a(bsp.o)
 .rodata.str1.1
                0x0000000040026ed5       0xed /Users/dciliske/nndk/lib/NetBurner.a(ucos.o)
 .rodata.str1.1
                0x0000000040026fc2      0x167 /Users/dciliske/nndk/lib/NetBurner.a(ucosmain.o)
                                        0x169 (size before relaxing)
 .rodata.str1.1
                0x0000000040027129        0x3 /Users/dciliske/nndk/lib/NetBurner.a(fileio.o)
                                          0x6 (size before relaxing)
 .rodata.str1.1
                0x000000004002712c        0x5 /Users/dciliske/nndk/lib/NetBurner.a(main.o)
 .rodata.str1.1
                0x0000000040027131      0x38f /Users/dciliske/nndk/lib/NetBurner.a(tcp.o)
                                        0x392 (size before relaxing)
 .rodata.str1.1
                0x00000000400274c0      0x529 /Users/dciliske/nndk/lib/NetBurner.a(smarttrap.o)
                                        0x540 (size before relaxing)
 .rodata.str1.1
                0x00000000400279e9       0x37 /Users/dciliske/nndk/lib/NetBurner.a(nbiprintf.o)
                                         0x41 (size before relaxing)
 .rodata.str1.1
                0x0000000040027a20       0xc9 /Users/dciliske/nndk/lib/NetBurner.a(system.o)
                                         0xcd (size before relaxing)
 .rodata.str1.1
                0x0000000040027ae9      0x177 /Users/dciliske/nndk/lib/NetBurner.a(utils.o)
                                        0x17b (size before relaxing)
 .rodata.str1.1
                0x0000000040027c60      0x212 /Users/dciliske/nndk/lib/NetBurner.a(ip.o)
                                        0x217 (size before relaxing)
 .rodata.str1.1
                0x0000000040027e72       0x68 /Users/dciliske/nndk/lib/NetBurner.a(buffers.o)
                                         0x70 (size before relaxing)
 .rodata.str1.1
                0x0000000040027eda       0x50 /Users/dciliske/nndk/lib/NetBurner.a(arp.o)
 .rodata.str1.1
                0x0000000040027f2a       0x18 /Users/dciliske/nndk/lib/NetBurner.a(udp.o)
 .rodata.str1.1
                0x0000000040027f42       0x16 /Users/dciliske/nndk/lib/NetBurner.a(dhcpc.o)
                                         0x21 (size before relaxing)
 .rodata.str1.1
                0x0000000040027f58        0x8 /Users/dciliske/nndk/lib/NetBurner.a(defappname.o)
 .rodata.str1.1
                0x0000000040027f60       0x84 /Users/dciliske/nndk/lib/NetBurner.a(taskmon.o)
                                         0xb9 (size before relaxing)
 .rodata.str1.1
                0x0000000040027fe4      0x15a /Users/dciliske/nndk/lib/MOD5441X.a(serial.o)
 .rodata.str1.1
                0x000000004002813e        0xe /Users/dciliske/nndk/lib/MOD5441X.a(ethernet.o)
 .rodata.str1.1
                0x000000004002814c      0x44e /Users/dciliske/nndk/lib/MOD5441X.a(etherprint.o)
                                        0x497 (size before relaxing)
 .rodata.str1.1
                0x000000004002859a        0xa /Users/dciliske/nndk/lib/MOD5441X.a(ether2nd.o)
 .rodata.str1.1
                0x00000000400285a4        0x2 /Applications/NetBurner/gcc-m68k/bin/../lib/gcc/m68k-elf/4.2.1/../../../../m68k-elf/lib/m5206e/libc.a(lib_a-impure.o)
 .rodata.str1.1
                0x0000000000000000        0x2 /Applications/NetBurner/gcc-m68k/bin/../lib/gcc/m68k-elf/4.2.1/../../../../m68k-elf/lib/m5206e/libc.a(lib_a-puts.o)
 .rodata.str1.1
                0x00000000400285a6       0x3c /Applications/NetBurner/gcc-m68k/bin/../lib/gcc/m68k-elf/4.2.1/../../../../m68k-elf/lib/m5206e/libc.a(lib_a-vfiprintf.o)
                                         0x43 (size before relaxing)
 .rodata.str1.1
                0x00000000400285e2       0x1d /Applications/NetBurner/gcc-m68k/bin/../lib/gcc/m68k-elf/4.2.1/../../../../m68k-elf/lib/m5206e/libc.a(lib_a-wctomb_r.o)
 .rodata.str1.1
                0x00000000400285ff        0xb /Applications/NetBurner/gcc-m68k/bin/../lib/gcc/m68k-elf/4.2.1/../../../../m68k-elf/lib/m5206e/libc.a(lib_a-locale.o)
                                         0x10 (size before relaxing)
 *(.gnu.linkonce.*)
 *(.gcc_except_table)
                0x000000004002860c                . = ALIGN (0x4)
 *fill*         0x000000004002860a        0x2 00
                0x000000004002860c                __INIT_SECTION__ = .
                0x000000004002860c        0x4 LONG 0x4e560000
 *(.init)
 .init          0x0000000040028610        0x6 /Applications/NetBurner/gcc-m68k/bin/../lib/gcc/m68k-elf/4.2.1/m5206e/crtbegin.o
 .init          0x0000000040028616        0x6 /Applications/NetBurner/gcc-m68k/bin/../lib/gcc/m68k-elf/4.2.1/m5206e/crtend.o
                0x000000004002861c        0x2 SHORT 0x4e5e
                0x000000004002861e        0x2 SHORT 0x4e75
                0x0000000040028620                . = ALIGN (0x4)
                0x0000000040028620                __FINI_SECTION__ = .
                0x0000000040028620        0x4 LONG 0x4e560000
 *(.fini)
 .fini          0x0000000040028624        0x6 /Applications/NetBurner/gcc-m68k/bin/../lib/gcc/m68k-elf/4.2.1/m5206e/crtbegin.o
                0x000000004002862a        0x2 SHORT 0x4e5e
                0x000000004002862c        0x2 SHORT 0x4e75
 *(.lit)
                0x0000000040028630                . = ALIGN (0x10)
 *fill*         0x000000004002862e        0x2 00
                0x0000000040028630                _etext = .
                0x0000000040028630                etext = .

.data           0x0000000040028630      0x864
                0x0000000040028630                copy_start = .
 *(.shdata)
 *(.data)
 .data          0x0000000040028630        0x4 /Applications/NetBurner/gcc-m68k/bin/../lib/gcc/m68k-elf/4.2.1/../../../../m68k-elf/lib/m5206e/nb-crt0.o
 .data          0x0000000040028634        0x8 /Applications/NetBurner/gcc-m68k/bin/../lib/gcc/m68k-elf/4.2.1/m5206e/crtbegin.o
                0x0000000040028634                __dso_handle
 .data          0x000000004002863c        0x0 ./main.o
 .data          0x000000004002863c        0x0 ./nunchuck.o
 .data          0x000000004002863c        0x4 /Users/dciliske/nndk/lib/MOD5441X.a(bsp.o)
                0x000000004002863c                PlatformName
 .data          0x0000000040028640        0x0 /Users/dciliske/nndk/lib/MOD5441X.a(flash.o)
 .data          0x0000000040028640        0x1 /Users/dciliske/nndk/lib/MOD5441X.a(multichanneli2c.o)
                0x0000000040028640                bRestartSlaveTX
 *fill*         0x0000000040028641        0x3 00
 .data          0x0000000040028644        0x0 /Users/dciliske/nndk/lib/MOD5441X.a(pins.o)
 .data          0x0000000040028644        0x0 /Users/dciliske/nndk/lib/NetBurner.a(ucosmcfa.o)
 .data          0x0000000040028644        0x0 /Users/dciliske/nndk/lib/NetBurner.a(software_init.o)
 .data          0x0000000040028644        0x0 /Users/dciliske/nndk/lib/NetBurner.a(ucos.o)
 .data          0x0000000040028644        0x0 /Users/dciliske/nndk/lib/NetBurner.a(debugtrap.o)
 .data          0x0000000040028644        0x0 /Users/dciliske/nndk/lib/NetBurner.a(ucosmain.o)
 .data          0x0000000040028644        0x0 /Users/dciliske/nndk/lib/NetBurner.a(fileio.o)
 .data          0x0000000040028644        0x0 /Users/dciliske/nndk/lib/NetBurner.a(main.o)
 .data          0x0000000040028644        0x0 /Users/dciliske/nndk/lib/NetBurner.a(tcp.o)
 .data          0x0000000040028644        0x0 /Users/dciliske/nndk/lib/NetBurner.a(iosys.o)
 .data          0x0000000040028644        0x0 /Users/dciliske/nndk/lib/NetBurner.a(netinterface.o)
 .data          0x0000000040028644        0x0 /Users/dciliske/nndk/lib/NetBurner.a(smarttrap.o)
 .data          0x0000000040028644        0x0 /Users/dciliske/nndk/lib/NetBurner.a(device.o)
 .data          0x0000000040028644        0x0 /Users/dciliske/nndk/lib/NetBurner.a(release_tag.o)
 .data          0x0000000040028644        0x0 /Users/dciliske/nndk/lib/NetBurner.a(release_tagdata.o)
 .data          0x0000000040028644        0x0 /Users/dciliske/nndk/lib/NetBurner.a(init.o)
 .data          0x0000000040028644        0x8 /Users/dciliske/nndk/lib/NetBurner.a(nbiprintf.o)