Archive member included because of file (symbol)

/Users/dciliske/nndk/lib/MOD5441X.a(bsp.o)
                              ./stepper.o (SetIntc)
/Users/dciliske/nndk/lib/MOD5441X.a(flash.o)
                              /Users/dciliske/nndk/lib/MOD5441X.a(bsp.o) (FlashErase)
/Users/dciliske/nndk/lib/MOD5441X.a(pins.o)
                              ./main.o (_ZN5PinIO3setEh)
/Users/dciliske/nndk/lib/NetBurner.a(ucosmcfa.o)
                              /Users/dciliske/nndk/lib/MOD5441X.a(bsp.o) (OSCtxSw)
/Users/dciliske/nndk/lib/NetBurner.a(software_init.o)
                              /Applications/NetBurner/gcc-m68k/bin/../lib/gcc/m68k-elf/4.2.1/../../../../m68k-elf/lib/m5206e/nb-crt0.o (software_init_hook)
/Users/dciliske/nndk/lib/NetBurner.a(ucos.o)
                              ./main.o (TimeTick)
/Users/dciliske/nndk/lib/NetBurner.a(debugtrap.o)
                              /Users/dciliske/nndk/lib/MOD5441X.a(bsp.o) (SetAddressReadRangeTrap)
/Users/dciliske/nndk/lib/NetBurner.a(ucosmain.o)
                              /Users/dciliske/nndk/lib/NetBurner.a(ucos.o) (OSTCBTbl)
/Users/dciliske/nndk/lib/NetBurner.a(fileio.o)
                              /Users/dciliske/nndk/lib/NetBurner.a(ucosmain.o) (ioctl)
/Users/dciliske/nndk/lib/NetBurner.a(main.o)
                              /Applications/NetBurner/gcc-m68k/bin/../lib/gcc/m68k-elf/4.2.1/../../../../m68k-elf/lib/m5206e/nb-crt0.o (main)
/Users/dciliske/nndk/lib/NetBurner.a(tcp.o)
                              /Users/dciliske/nndk/lib/NetBurner.a(fileio.o) (_Socket_Private_read)
/Users/dciliske/nndk/lib/NetBurner.a(iosys.o)
                              /Users/dciliske/nndk/lib/NetBurner.a(tcp.o) (FD_ZERO)
/Users/dciliske/nndk/lib/NetBurner.a(netinterface.o)
                              /Users/dciliske/nndk/lib/NetBurner.a(tcp.o) (_Z17GetFirstInterfacev)
/Users/dciliske/nndk/lib/NetBurner.a(smarttrap.o)
                              /Users/dciliske/nndk/lib/MOD5441X.a(bsp.o) (smart_trap_asm)
/Users/dciliske/nndk/lib/NetBurner.a(device.o)
                              /Users/dciliske/nndk/lib/NetBurner.a(main.o) (DeviceInitializeSem)
/Users/dciliske/nndk/lib/NetBurner.a(release_tag.o)
                              ./main.o (GetReleaseTag)
/Users/dciliske/nndk/lib/NetBurner.a(release_tagdata.o)
                              /Users/dciliske/nndk/lib/NetBurner.a(release_tag.o) (rtag_len)
/Users/dciliske/nndk/lib/NetBurner.a(init.o)
                              ./main.o (_Z4initv)
/Users/dciliske/nndk/lib/NetBurner.a(nbiprintf.o)
                              ./main.o (iprintf)
/Users/dciliske/nndk/lib/NetBurner.a(ucosmcfc.o)
                              /Users/dciliske/nndk/lib/NetBurner.a(ucos.o) (OSTaskCreatewName)
/Users/dciliske/nndk/lib/NetBurner.a(system.o)
                              /Users/dciliske/nndk/lib/NetBurner.a(netinterface.o) (RawGetConfig)
/Users/dciliske/nndk/lib/NetBurner.a(utils.o)
                              /Users/dciliske/nndk/lib/NetBurner.a(system.o) (AsciiToIp)
/Users/dciliske/nndk/lib/NetBurner.a(ip.o)
                              /Users/dciliske/nndk/lib/NetBurner.a(tcp.o) (GetSum)
/Users/dciliske/nndk/lib/NetBurner.a(buffers.o)
                              /Users/dciliske/nndk/lib/NetBurner.a(tcp.o) (IncUsageCount)
/Users/dciliske/nndk/lib/NetBurner.a(arp.o)
                              /Users/dciliske/nndk/lib/NetBurner.a(ip.o) (wArpLifetime)
/Users/dciliske/nndk/lib/NetBurner.a(udp.o)
                              /Users/dciliske/nndk/lib/NetBurner.a(ip.o) (_Z11process_udpP11pool_bufferP5IPPKTt)
/Users/dciliske/nndk/lib/NetBurner.a(autoip.o)
                              /Users/dciliske/nndk/lib/NetBurner.a(arp.o) (_ZN12AutoIPClient16addressCollisionEv)
/Users/dciliske/nndk/lib/NetBurner.a(dhcpc.o)
                              /Users/dciliske/nndk/lib/NetBurner.a(init.o) (_Z25GetDHCPAddressIfNecessaryib)
/Users/dciliske/nndk/lib/NetBurner.a(defappname.o)
                              /Users/dciliske/nndk/lib/NetBurner.a(udp.o) (AppName)
/Users/dciliske/nndk/lib/NetBurner.a(taskmon.o)
                              /Users/dciliske/nndk/lib/NetBurner.a(init.o) (_Z17EnableTaskMonitorv)
/Users/dciliske/nndk/lib/NetBurner.a(autoupdate.o)
                              /Users/dciliske/nndk/lib/NetBurner.a(init.o) (EnableAutoUpdate)
/Users/dciliske/nndk/lib/NetBurner.a(nbsiprintf.o)
                              /Users/dciliske/nndk/lib/NetBurner.a(utils.o) (sniprintf)
/Users/dciliske/nndk/lib/NetBurner.a(new_ops.o)
                              /Users/dciliske/nndk/lib/NetBurner.a(autoip.o) (_Znwm)
/Users/dciliske/nndk/lib/MOD5441X.a(localio.o)
                              /Users/dciliske/nndk/lib/NetBurner.a(fileio.o) (LocalInByte)
/Users/dciliske/nndk/lib/MOD5441X.a(serial.o)
                              /Users/dciliske/nndk/lib/NetBurner.a(fileio.o) (SerialClose)
/Users/dciliske/nndk/lib/MOD5441X.a(ethernet.o)
[...]
Memory Configuration

Name             Origin             Length             Attributes
ram              0x0000000040000400 0x0000000003fffcff xrw
SRAM             0x0000000080000400 0x000000000000fbf0 xrw
*default*        0x0000000000000000 0xffffffffffffffff

Linker script and memory map

LOAD /Applications/NetBurner/gcc-m68k/bin/../lib/gcc/m68k-elf/4.2.1/../../../../m68k-elf/lib/m5206e/nb-crt0.o
LOAD /Applications/NetBurner/gcc-m68k/bin/../lib/gcc/m68k-elf/4.2.1/m5206e/crtbegin.o
LOAD /Users/dciliske/nndk/MOD5441X/lib/sys.ld
                0x0000000040000000                ovector_base = 0x40000000
                0x0000000080000000                vector_base = 0x80000000
                0x0000000080000400                SRAM_START_ADDR = 0x80000400
                0x0000000080010000                SRAM_END_ADDR = 0x80010000
                0x00000000c0000000                gConfigRec = 0xc0000000
                0x00000000c0020000                UserParamBase = 0xc0020000
                0x00000000c0040000                FlashAppBase = 0xc0040000
                0x00000000ec008000                sim1 = 0xec008000
                0x00000000fc004000                sim2 = 0xfc004000
                0x00000000fc0d4008                DBETHER_EMIR_REG = 0xfc0d4008
LOAD ./main.o
LOAD ./stepper.o
START GROUP
LOAD /Users/dciliske/nndk/lib/MOD5441X.a
LOAD /Users/dciliske/nndk/lib/NetBurner.a
LOAD /Users/dciliske/nndk/lib/FatFile.a
END GROUP
LOAD /Applications/NetBurner/gcc-m68k/bin/../lib/gcc/m68k-elf/4.2.1/../../../../m68k-elf/lib/m5206e/libstdc++.a
LOAD /Applications/NetBurner/gcc-m68k/bin/../lib/gcc/m68k-elf/4.2.1/../../../../m68k-elf/lib/m5206e/libm.a
LOAD /Applications/NetBurner/gcc-m68k/bin/../lib/gcc/m68k-elf/4.2.1/m5206e/libgcc.a
LOAD /Applications/NetBurner/gcc-m68k/bin/../lib/gcc/m68k-elf/4.2.1/../../../../m68k-elf/lib/m5206e/libc.a
LOAD /Applications/NetBurner/gcc-m68k/bin/../lib/gcc/m68k-elf/4.2.1/m5206e/libgcc.a
LOAD /Applications/NetBurner/gcc-m68k/bin/../lib/gcc/m68k-elf/4.2.1/m5206e/crtend.o
START GROUP
LOAD /Applications/NetBurner/gcc-m68k/bin/../lib/gcc/m68k-elf/4.2.1/../../../../m68k-elf/lib/m5206e/libc.a
LOAD /Applications/NetBurner/gcc-m68k/bin/../lib/gcc/m68k-elf/4.2.1/m5206e/libgcc.a
LOAD /Applications/NetBurner/gcc-m68k/bin/../lib/gcc/m68k-elf/4.2.1/../../../../m68k-elf/lib/m5206e/libm.a
END GROUP
                0x0000000000000000                __DYNAMIC = 0x0
                0x0000000044000000                PROVIDE (__stack, 0x44000000)
                0x0000000000000000                PROVIDE (hardware_init_hook, 0x0)
                0x0000000000000000                PROVIDE (_hardware_init_hook, 0x0)
                0x0000000000000000                PROVIDE (software_init_hook, 0x0)
                0x0000000000000000                PROVIDE (_software_init_hook, 0x0)

.SRAM_SECT      0x0000000080000400     0xce70
                0x0000000080000400                SRAM_START = .
 *(SYS_VAR_SECT)
 SYS_VAR_SECT   0x0000000080000400      0x5c0 /Users/dciliske/nndk/lib/NetBurner.a(ucos.o)
                0x000000008000052c                TimeTick
                0x000000008000051c                OSLockNesting
                0x0000000080000526                OSRunning
                0x0000000080000724                taskpc
                0x0000000080000508                OSTCBList
                0x00000000800008b8                OSMapTbl
                0x0000000080000528                Secs
                0x0000000080000514                OSTCBFreeList
                0x0000000080000524                OSISRLevel
                0x0000000080000530                tasklisttask
                0x0000000080000510                OSTCBHighRdy
                0x0000000080000520                OSRdyGrp
                0x00000000800008c0                OSUnMapTbl
                0x0000000080000594                tasklisttim
                0x0000000080000500                OSRdyTbl
                0x0000000080000518                OSIntNesting
                0x000000008000050c                OSTCBCur
                0x0000000080000400                OSTCBPrioTbl
                0x00000000800008b4                tasklistn
 SYS_VAR_SECT   0x00000000800009c0      0x24c /Users/dciliske/nndk/lib/NetBurner.a(ucosmain.o)
                0x00000000800009c0                OSTcbStructSize
                0x00000000800009d8                critical_count
                0x00000000800009dc                OSTCBTbl
 SYS_VAR_SECT   0x0000000080000c0c       0x1c /Users/dciliske/nndk/lib/NetBurner.a(fileio.o)
                0x0000000080000c18                pExtraFdFunc
                0x0000000080000c1c                fd_map
 SYS_VAR_SECT   0x0000000080000c28       0x20 /Users/dciliske/nndk/lib/NetBurner.a(iosys.o)
                0x0000000080000c28                read_file_sets
                0x0000000080000c38                error_file_sets
                0x0000000080000c30                write_file_sets
                0x0000000080000c48                SYS_VAR_SECT_END = .
                0x0000000080000c50                . = ALIGN (0x10)
 *fill*         0x0000000080000c48        0x8 00
 *(IDLE_STK_SECT)
                0x0000000080000c50                IDLE_STK_SECT_END = .
                0x0000000080000c50                . = ALIGN (0x10)
 *(MAIN_STK_SECT)
 MAIN_STK_SECT  0x0000000080000c50     0x4000 /Users/dciliske/nndk/lib/NetBurner.a(main.o)
                0x0000000080000c50                MainStk
                0x0000000080004c50                MAIN_STK_SECT_END = .
                0x0000000080004c50                . = ALIGN (0x4)
 *(ETHER_VAR_SECT)
 ETHER_VAR_SECT
                0x0000000080004c50      0x252 /Users/dciliske/nndk/lib/MOD5441X.a(ethernet.o)
                0x0000000080004e90                FecFifo
                0x0000000080004c50                enet0
                0x0000000080004d70                enet1
                0x0000000080004ea2                ETHER_VAR_SECT_END = .
                0x0000000080004eb0                . = ALIGN (0x10)
 *fill*         0x0000000080004ea2        0xe 00
 *(ETHER_STK_SECT)
 ETHER_STK_SECT
                0x0000000080004eb0     0x2000 /Users/dciliske/nndk/lib/MOD5441X.a(ethernet.o)
                0x0000000080004eb0                EtherSendStk
                0x0000000080006eb0                ETHER_STK_SECT_END = .
                0x0000000080006eb0                . = ALIGN (0x4)
 *(IP_VAR_SECT)
 IP_VAR_SECT    0x0000000080006eb0      0x2fe /Users/dciliske/nndk/lib/NetBurner.a(ip.o)
                0x0000000080006ece                pDHCPServerTick
                0x0000000080006eb2                bTTL_Default
                0x00000000800071a6                next_arp_time
                0x0000000080006eb4                ipRxFifo
                0x0000000080006eea                multi_home_if_record
                0x0000000080006ec6                IcmpFifo
                0x0000000080006ee6                nAdditional_Homes
                0x0000000080006eb0                wGlobalPktId
                0x0000000080006eda                pPromisciousPacketFunc
                0x0000000080006ee2                pFragFunc
                0x0000000080006ede                pMultiCastFunc
                0x00000000800071aa                delay
                0x0000000080006ed6                pAutoIPTick
                0x0000000080006ed2                pMultiTick
                0x0000000080006eca                pDHCPTick
                0x0000000080006f12                multi_if_block
 IP_VAR_SECT    0x00000000800071ae       0x78 /Users/dciliske/nndk/lib/NetBurner.a(udp.o)
                0x0000000080007222                UdpNetbiosNameServicePtr
                0x000000008000721a                pDHCPServerProcessFunction
                0x00000000800071ae                udp_fifos
                0x0000000080007216                pDHCPProcessFunction
                0x000000008000721e                pTaskPacketFunc
                0x0000000080007212                UDP_fifos_used
                0x0000000080007226                IP_VAR_SECT_END = .
                0x0000000080007230                . = ALIGN (0x10)
 *fill*         0x0000000080007226        0xa 00
 *(IP_STK_SECT)
 IP_STK_SECT    0x0000000080007230     0x3000 /Users/dciliske/nndk/lib/NetBurner.a(ip.o)
                0x0000000080007230                IPStk
                0x000000008000a230                IP_STK_SECT_END = .
                0x000000008000a230                . = ALIGN (0x4)
 *(TCP_VAR_SECT)
 TCP_VAR_SECT   0x000000008000a230       0x1e /Users/dciliske/nndk/lib/NetBurner.a(tcp.o)
                0x000000008000a240                TCP_TimerSemaphore
                0x000000008000a230                TCP_critical_section
                0x000000008000a24e                TCP_VAR_SECT_END = .
                0x000000008000a250                . = ALIGN (0x10)
 *fill*         0x000000008000a24e        0x2 00
 *(TCP_STK_SECT)
 TCP_STK_SECT   0x000000008000a250     0x3000 /Users/dciliske/nndk/lib/NetBurner.a(tcp.o)
                0x000000008000a250                TCPStk
                0x000000008000d250                TCP_STK_SECT_END = .
                0x000000008000d250                . = ALIGN (0x10)
 *(HTTP_STK_SECT)
                0x000000008000d250                HTTP_STK_SECT_END = .
                0x000000008000d250                . = ALIGN (0x10)
 *(FTP_STK_SECT)
                0x000000008000d250                FTP_STK_SECT_END = .
                0x000000008000d250                . = ALIGN (0x10)
 *(WIFI_STK_SECT)
                0x000000008000d250                WIFI_STK_SECT_END = .
                0x000000008000d250                . = ALIGN (0x10)
 *(PPP_STK_SECT)
                0x000000008000d250                PPP_STK_SECT_END = .
                0x000000008000d250                . = ALIGN (0x10)
 *(COMMAND_STK_SECT)
                0x000000008000d250                COMMAND_STK_SECT_END = .
                0x000000008000d250                . = ALIGN (0x4)
 *(USER_VAR_SECT)
                0x000000008000d250                USER_VAR_SECT_END = .
                0x000000008000d250                . = ALIGN (0x10)
 *(USER_STK_SECT)
                0x000000008000d250                USER_STK_SECT_END = .
                0x000000008000d250                BUFFERS_SECT_START = .
                0x000000008000d250                . = ALIGN (0x10)
 *(BUFFERS_VAR_SECT)
 BUFFERS_VAR_SECT
                0x000000008000d250       0x1c /Users/dciliske/nndk/lib/NetBurner.a(buffers.o)
                0x000000008000d250                FAST_BUFFER_POOL_SIZE
                0x000000008000d25e                free_fast_list
                0x000000008000d268                free_list_is_initialized
                0x000000008000d254                free_list
                0x000000008000d270                . = ALIGN (0x10)
 *fill*         0x000000008000d26c        0x4 00
                0x000000008000d270                BUFFERS_VAR_SECT_END = .
                0x000000008000d270                . = ALIGN (0x10)
                0x000000008000d270                SRAM_END = .

.text           0x0000000040000400    0x27310
 *(.text)
 .text          0x0000000040000400       0xaa /Applications/NetBurner/gcc-m68k/bin/../lib/gcc/m68k-elf/4.2.1/../../../../m68k-elf/lib/m5206e/nb-crt0.o
                0x0000000040000400                start
 *fill*         0x00000000400004aa        0x2 00
 .text          0x00000000400004ac       0x9c /Applications/NetBurner/gcc-m68k/bin/../lib/gcc/m68k-elf/4.2.1/m5206e/crtbegin.o
 .text          0x0000000040000548      0x1f6 ./main.o
                0x0000000040000548                UserMain
 *fill*         0x000000004000073e        0x2 00
 .text          0x0000000040000740      0x6f8 ./stepper.o
                0x0000000040000794                _Z17fake_StepPit2_ISRv
                0x00000000400007e8                _Z16ConfigureStepperP13StepperConfigi
                0x0000000040000d4c                real_StepPit2_ISR
                0x0000000040000914                _Z11StepperDonei
                0x000000004000095c                real_StepPit1_ISR
                0x0000000040000740                _Z17fake_StepPit1_ISRv
                0x0000000040000a48                _Z21ConfigureStepperTimerii
                0x0000000040000bc0                _Z11MoveStepperimiiP6os_sem
                0x0000000040000798                StepPit2_ISR
                0x0000000040000828                _Z14ChangeStepRateii
                0x0000000040000744                StepPit1_ISR
                0x00000000400008a0                _Z11StopStepperi
                0x0000000040000b28                _Z12StartStepperiii
 .text          0x0000000040000e38      0x430 /Users/dciliske/nndk/lib/MOD5441X.a(bsp.o)
                0x0000000040001080                GetUserParameters
                0x0000000040000fdc                _sbrk_r
                0x0000000040001120                HardwareSetup
                0x0000000040000f2c                DisableCache
                0x0000000040001034                spaceleft
                0x0000000040000e4c                Tick5441X
                0x0000000040001104                ForceReboot
                0x000000004000106c                BspGetTickFraction
                0x0000000040000e48                xTick
                0x0000000040001028                atexit
                0x0000000040001090                SaveUserParameters
                0x0000000040000fa4                EnableCache
                0x0000000040000e38                CatchNullWrites
                0x0000000040000e64                SetIntc
 .text          0x0000000040001268      0x26a /Users/dciliske/nndk/lib/MOD5441X.a(flash.o)
                0x00000000400012e0                FlashProgram
                0x0000000040001268                FlashErase
 *fill*         0x00000000400014d2        0x2 00
 .text          0x00000000400014d4     0x1d06 /Users/dciliske/nndk/lib/MOD5441X.a(pins.o)
                0x00000000400014d4                _ZN5PinIO3setEh
                0x0000000040002a68                _ZN5PinIO8functionEi
                0x0000000040001fcc                _ZN5PinIO5driveEv
                0x0000000040003178                CReadPin
                0x00000000400023f8                _ZN5PinIO4readEv
                0x000000004000319c                CGPInPin
 *fill*         0x00000000400031da        0x6 00
 .text          0x00000000400031e0      0x44a /Users/dciliske/nndk/lib/NetBurner.a(ucosmcfa.o)
                0x00000000400032c0                OSDebugTraceHalt
                0x00000000400031e0                OSStartHighRdy
                0x00000000400032d0                TrapOutByte
                0x0000000040003300                memcpy
                0x0000000040003300                fmemcpy
                0x0000000040003200                OSCtxSw
                0x00000000400032f0                TrapCharAvail
                0x0000000040003230                OSIntCtxSw
                0x00000000400032e0                TrapInByte
                0x0000000040003260                OSTickISR
                0x00000000400033d0                memcpysum
                0x00000000400032a0                OSSetupVBR
                0x0000000040003600                GetSR_IntLevel
                0x0000000040003560                memset
                0x0000000040003560                fmemset
                0x0000000040003610                SetSR_IntLevel
 *fill*         0x000000004000362a        0x2 00
 .text          0x000000004000362c        0x8 /Users/dciliske/nndk/lib/NetBurner.a(software_init.o)
                0x000000004000362c                software_init_hook
 .text          0x0000000040003634     0x2162 /Users/dciliske/nndk/lib/NetBurner.a(ucos.o)
                0x0000000040005168                OSCritEnterNoWait
                0x00000000400055e4                ShowTaskList
                0x00000000400037f8                UCOSWAITS_HERE
                0x0000000040004e14                OSFifoPostFirst
                0x00000000400051dc                OSCritLeave
                0x00000000400036b8                OSLogTaskPos
                0x0000000040004f74                getpid
                0x0000000040003a04                OSLock
                0x00000000400048e4                OSQPostFirst
                0x00000000400052f4                OSTaskID
                0x00000000400046d0                OSQPendNoWait
                0x000000004000530c                OSSetName
                0x0000000040005334                OSIntExit
                0x0000000040003efc                OSSemPendNoWait
                0x0000000040003bd8                OSTaskDelete
                0x0000000040003a58                OSUnlock
                0x0000000040004f8c                OSCritInit
                0x000000004000474c                OSQPost
                0x0000000040004fc8                OSCritEnter
                0x0000000040004ad0                OSFifoPend
                0x0000000040003d50                OSSemPend
                0x00000000400040c8                OSMboxInit
                0x0000000040004304                OSMboxPost
                0x0000000040004a84                OSFifoInit
                0x00000000400044e8                OSQPend
                0x000000004000375c                OSSched
                0x0000000040003830                OSTimeDly
                0x0000000040003f3c                OSSemPost
                0x0000000040003ac4                OSChangePrio
                0x00000000400039d4                OSTCBGetFree
                0x0000000040003808                OSIntEnterWAS
                0x00000000400042bc                OSMboxPendNoWait
                0x0000000040004cb4                OSFifoPost
                0x0000000040003cf0                OSSemInit
                0x00000000400053f0                OSStart
                0x0000000040003634                OSLogTask
                0x00000000400038e8                OSTimeTick
                0x0000000040004474                OSQInit
                0x0000000040005320                OSTaskName
                0x0000000040004c64                OSFifoPendNoWait
                0x000000004000411c                OSMboxPend
                0x000000004000546c                OSInit
                0x00000000400038c8                OSChangeTaskDly
 *fill*         0x0000000040005796        0x2 00
 .text          0x0000000040005798      0x180 /Users/dciliske/nndk/lib/NetBurner.a(debugtrap.o)
                0x00000000400058c0                SetAddressReadRangeTrap
                0x0000000040005880                SetAddressReadTrap
                0x0000000040005798                WDEBUG
                0x0000000040005828                SetAddressWriteRangeTrap
                0x00000000400057e8                SetAddressWrittenTrap
 .text          0x0000000040005918      0x5c0 /Users/dciliske/nndk/lib/NetBurner.a(ucosmain.o)
                0x0000000040005dfc                __malloc_unlock
                0x0000000040005d20                UCosBegin
                0x0000000040005918                OSDumpTCBStacks
                0x0000000040005cb0                OSDumpTasks
                0x0000000040005e1c                balloc_lock
                0x0000000040005e5c                UCosSetup
                0x0000000040005de0                balloc_unlock
                0x00000000400059fc                DumpTCBState
                0x0000000040005e3c                __malloc_lock
 .text          0x0000000040005ed8      0x5f8 /Users/dciliske/nndk/lib/NetBurner.a(fileio.o)
                0x0000000040006068                ioctl
                0x0000000040005ed8                isatty
                0x0000000040005fc0                CurrentStdioFD
                0x0000000040006038                lseek
                0x0000000040005f10                ReplaceStdio
                0x00000000400060d4                write
                0x0000000040005ef4                fstat
                0x0000000040006204                rawwrite
                0x0000000040006410                stdioinbyte
                0x0000000040006288                read
                0x0000000040005ff0                outbyte
                0x0000000040006050                open
                0x0000000040006008                charavail
                0x0000000040005fe4                fcntl
                0x0000000040006488                close
 .text          0x00000000400064d0       0x78 /Users/dciliske/nndk/lib/NetBurner.a(main.o)
                0x0000000040006508                main
                0x00000000400064d0                __do_global_ctors
 .text          0x0000000040006548     0x545e /Users/dciliske/nndk/lib/NetBurner.a(tcp.o)
                0x0000000040007c30                _Z10SendTcpRstP5IPPKT
                0x0000000040006b84                _Z11GetTcpStatei
                0x0000000040007ee0                _Z7InitTCPv
                0x00000000400089c4                _Socket_Private_read
                0x0000000040006b38                _ZN15ShortSocketListC2Ev
                0x0000000040006be4                _Z20SetOutOfOrderbuffersih
                0x00000000400067b8                _Z19GetSocketRemotePorti
                0x0000000040007398                _ZN13socket_struct18MyAdvertisedWindowEv
                0x0000000040007234                _Z18SetSocketTxBuffersii
                0x00000000400068cc                _Z13setsockoptionii
                0x00000000400076e4                _Z7TcpSendP13socket_structmP11pool_bufferth
                0x000000004000ab10                _Z12TCPTimerTaskPv
                0x000000004000b30c                _Z11process_tcpP11pool_bufferP5IPPKTt
                0x0000000040009020                _ZN13socket_struct10ProcessRSTEv
                0x000000004000b8dc                _Z17NoBlockconnectviamttm
                0x0000000040006c28                _Z16TcpGetLastRxTimei
                0x000000004000913c                abortsocket
                0x0000000040009520                _ZN13socket_struct18ProcessDataSegmentEP6TCPPKTtPhRP11pool_buffer
                0x000000004000b734                _Z10connectviamttmm
                0x00000000400084f8                _ZNK14HashSocketList12RemoveSocketEP13socket_struct
                0x0000000040009bb8                _Socket_Private_write
                0x0000000040006904                _Z13getsockoptioni
                0x000000004000a200                _ZN13socket_struct10ProcessAckEP6TCPPKT
                0x00000000400089e0                _ZN13socket_struct8SaveDataEPhth
                0x00000000400081e8                _Z14GetTcpRtxCounti
                0x00000000400066ac                _Z10fixoverlapmmRmS_
                0x0000000040008cc0                _ZN13socket_struct8SetTimerEm
                0x000000004000b8b4                _Z7connectmttm
                0x0000000040006990                _ZN14HashSocketListC1Ev
                0x000000004000873c                _Z12GetTcpSocketP6TCPPKTm
                0x000000004000b92c                _Z14NoBlockConnectmttm
                0x0000000040006eb4                _Z23TcpGetRxBufferSpaceUsedi
                0x0000000040009800                _ZN13socket_struct9DoRawSendEv
                0x0000000040006ef4                _Z15ShowFdTcpSocketi
                0x00000000400071b8                _ZN13socket_struct12ClearPendingEi
                0x000000004000825c                _ZNK15ShortSocketList10findsocketEttm
                0x000000004000b82c                _Z7connectmttmm
                0x0000000040008174                _Z16TcpSendKeepAlivei
                0x0000000040006728                _Z14getsocketerrori
                0x0000000040006978                _Z14EnableTcpDebugt
                0x000000004000aa1c                _ZN13socket_struct12ProcessTimerEv
                0x00000000400096dc                _ZN13socket_struct19SetUpNextRetransmitEv
                0x0000000040006988                _ZN14HashSocketListC2Ev
                0x0000000040006e74                _Z24TcpGetTxBufferAvailSpacei
                0x00000000400087f4                SockReadWithTimeout
                0x0000000040007e74                _Z18GetFreeSocketCountv
                0x000000004000a4ac                _ZN13socket_struct10ProcessFINEP6TCPPKTt
                0x0000000040007410                _Z19FixHeaderAndSendTcpP11pool_bufferP5IPPKTP13socket_struct
                0x0000000040006934                _Z19setsocketackbuffersih
                0x00000000400068ac                _ZN13socket_struct22CleanUpDeletedListenerEv
                0x0000000040006668                _Z16FindListenSockettm
                0x000000004000751c                _Z11TcpSendwSumP13socket_structmP11pool_bufferthm
                0x0000000040008d40                _ZN13socket_struct9DoCleanupEv
                0x0000000040008ad0                _ZN13socket_struct14TestOutofOrderEv
                0x0000000040006c98                _Z20TcpGetLastRxIntervali
                0x0000000040006548                _Z11GetFirstSeqv
                0x00000000400080e0                _Z10FREESOCKETP13socket_struct
                0x0000000040008f18                _ZN15ShortSocketList9AddSocketEP13socket_struct
                0x000000004000a0e4                _ZN13socket_struct12DoRetransmitEh
                0x0000000040006b48                _ZN15ShortSocketList4InitEv
                0x0000000040008300                _ZN15ShortSocketList11processTickEv
                0x000000004000b424                _ZN13socket_struct11CoreConnectEmttm
                0x000000004000a620                _Socket_Private_close
                0x000000004000a760                _Z6acceptiPmPtt
                0x0000000040006b40                _ZN15ShortSocketListC1Ev
                0x0000000040007274                _Z18SetSocketRxBuffersii
                0x000000004000935c                _Z6listenmth
                0x0000000040006998                _ZNK14HashSocketList4InitEv
                0x00000000400069b0                _ZN15ShortSocketList12GetFreeShortEv
                0x0000000040006788                _Z19GetSocketRemoteAddri
                0x0000000040008664                _ZNK14HashSocketList10findsocketEttm
                0x0000000040006e08                _Z18WaitForSocketFlushim
                0x0000000040006980                _Z13DumpTcpPacketP5IPPKT
                0x0000000040009464                _Z23RemoveFromUserCloseListP13socket_struct
                0x000000004000658c                _Z11ValidateTCPP5IPPKTt
                0x00000000400083b0                _ZNK15ShortSocketList7processEP11pool_bufferP6TCPPKTm
                0x0000000040006578                _ZN13socket_struct8SetStateEi
                0x00000000400072b4                _ZN13socket_struct14processoptionsEP11pool_bufferP6TCPPKTP5IPPKT
                0x0000000040009de0                _ZN13socket_struct7DoCloseEi
                0x0000000040009270                _Z13GetFreeSocketv
                0x00000000400067e8                _Z18GetSocketLocalPorti
                0x00000000400085b0                _ZNK14HashSocketList9AddSocketEP13socket_struct
                0x0000000040006af8                _ZNK15ShortSocketList9FreeShortEP11ShortSocket
                0x0000000040006818                _ZN13socket_struct7CalcRTOEm
                0x0000000040007bd8                _ZN13socket_struct10OpenWindowEv
                0x0000000040007d44                _Z13SendTcpSynRstP5IPPKT
                0x0000000040006db8                _Z15TcpAllDataAckedi
                0x0000000040009b38                _Z13clrsockoptionii
                0x0000000040006c5c                _Z17TcpGetSocketStatei
                0x0000000040006970                _Z12DumpTcpDebugv
                0x0000000040006758                _Z18GetSocketLocalAddri
                0x000000004000ac44                _ZN13socket_struct7processEP11pool_bufferP6TCPPKT
                0x0000000040006bb8                RegisterTCPReadNotify
                0x0000000040007774                _ZN13socket_struct9SendStateEtP11pool_buffer
 *fill*         0x000000004000b9a6        0x2 00
 .text          0x000000004000b9a8      0x69e /Users/dciliske/nndk/lib/NetBurner.a(iosys.o)
                0x000000004000bde4                SetDataAvail
                0x000000004000bc84                writeall
                0x000000004000bce4                _Z15RawCheckSelectsv
                0x000000004000bd90                SetHaveError
                0x000000004000be20                _Z12RemoveSelectP13PendingSelect
                0x000000004000bda8                SetWriteAvail
                0x000000004000bb74                ZeroWaitSelect
                0x000000004000bea0                _Z9AddSelectP13PendingSelect
                0x000000004000bac8                FD_ISSET
                0x000000004000ba70                ClrDataAvail
                0x000000004000bef8                select
                0x000000004000ba58                ClrWriteAvail
                0x000000004000bd5c                _Z12CheckSelectsv
                0x000000004000bc28                writestring
                0x000000004000bb38                _Z9countbitsP6fd_set
                0x000000004000b9a8                _Z10FD_OVERLAPP6fd_setS0_
                0x000000004000bbf8                dataavail
                0x000000004000b9e4                FD_ZERO
                0x000000004000ba88                FD_SET
                0x000000004000ba40                ClrHaveError
                0x000000004000bb14                _Z11countdwbitsm
                0x000000004000bf98                ReadWithTimeout
                0x000000004000b9fc                FD_CLR
 *fill*         0x000000004000c046        0x2 00
 .text          0x000000004000c048      0x4b2 /Users/dciliske/nndk/lib/NetBurner.a(netinterface.o)
                0x000000004000c42c                _Z17InitializeNetworkPFvP11pool_bufferP6EFRAMEtEPFvS0_S2_E
                0x000000004000c100                _Z11InterfaceIPi
                0x000000004000c1f4                _Z9GetEframeP11pool_buffer
                0x000000004000c3cc                _Z12SaveIfConfigP12ConfigRecordi
                0x000000004000c2c0                _Z26RegisterMultiHomeInterfaceP15_InterfaceBlock
                0x000000004000c048                _Z17GetFirstInterfacev
                0x000000004000c3fc                _Z11GetIfConfigi
                0x000000004000c1b0                _Z12InterfaceMACi
                0x000000004000c0ac                _Z17GetInterFaceBlocki
                0x000000004000c12c                _Z12InterfaceDNSi
                0x000000004000c158                _Z13InterfaceMASKi
                0x000000004000c068                _Z16GetnextInterfacei
                0x000000004000c498                _Z14TransmitBufferP11pool_bufferi
                0x000000004000c260                _Z16DisableMulticast6MACADRi
                0x000000004000c328                _Z17RegisterInterfaceP15_InterfaceBlock
                0x000000004000c208                _Z15EnableMulticast6MACADRi
                0x000000004000c398                _Z15Removeinterfacei
                0x000000004000c2b8                _Z12StopNetworksv
                0x000000004000c0d8                _Z18GetInterfaceNumberP15_InterfaceBlock
                0x000000004000c184                _Z13InterfaceGatei
 *fill*         0x000000004000c4fa        0x2 00
 .text          0x000000004000c4fc     0x131e /Users/dciliske/nndk/lib/NetBurner.a(smarttrap.o)
                0x000000004000c530                _Z16EnableSmartTrapsv
                0x000000004000c610                _Z9WalkStackP6os_tcbmm
                0x000000004000caf0                smart_trap_asm
                0x000000004000c910                _Z17Local_OutTCBStateP6os_tcbmm
                0x000000004000c4fc                _Z8SafeReadm
                0x000000004000c54c                _Z12Local_OutHexmi
                0x000000004000cae8                _Z17Smart_Trap_Holderv
                0x000000004000c5e0                _Z15Local_OutStringPKc
                0x000000004000c68c                _Z18Local_ShowTaskNamePV6os_tcb
 *fill*         0x000000004000d81a        0x2 00
 .text          0x000000004000d81c       0x52 /Users/dciliske/nndk/lib/NetBurner.a(device.o)
                0x000000004000d83c                DeviceInitializeSem
                0x000000004000d81c                _Z16DeviceGetQspiSemv
                0x000000004000d82c                _Z15DeviceGetI2cSemv
 *fill*         0x000000004000d86e        0x2 00
 .text          0x000000004000d870       0xb6 /Users/dciliske/nndk/lib/NetBurner.a(release_tag.o)
                0x000000004000d870                GetReleaseTag
 *fill*         0x000000004000d926        0x2 00
 .text          0x000000004000d928        0x0 /Users/dciliske/nndk/lib/NetBurner.a(release_tagdata.o)
 .text          0x000000004000d928       0x9a /Users/dciliske/nndk/lib/NetBurner.a(init.o)
                0x000000004000d928                _Z4initv
 *fill*         0x000000004000d9c2        0x2 00
 .text          0x000000004000d9c4     0x1948 /Users/dciliske/nndk/lib/NetBurner.a(nbiprintf.o)
                0x000000004000df14                _Z8prespaceiiiPFbPvPKciES_Ri
                0x000000004000da48                _Z13decimallenully
                0x000000004000e014                _Z26NormalGetNextParamFunctionPv
                0x000000004000d9c4                _Z10decimallenm
                0x000000004000e028                _Z15CoreLongLongDecyPFbPvPKciES_R7pfstate
                0x000000004000f2f0                _Z8putcharsPvPKci
                0x000000004000dc48                _Z6octlenm
                0x000000004000dcdc                _Z6binlenm
                0x000000004000f2c0                _Z19NB_internal_iprintfPFbPvPKciES_Pm
                0x000000004000e3a4                _Z23NB_internal_iprintf_indPFbPvPKciES_PFmS_ES_
                0x000000004000f2dc                iprintf
                0x000000004000dfc4                _Z8leadzeroiiiPFbPvPKciES_Ri
                0x000000004000dc04                _Z9hexlenully
                0x000000004000df6c                _Z9postspaceiiiPFbPvPKciES_Ri
                0x000000004000e220                _Z7CoreDecmPFbPvPKciES_R7pfstate
                0x000000004000db98                _Z6hexlenm
                0x000000004000debc                _Z10Put20CharsPvPFbS_PKciEiS1_
 .text          0x000000004000f30c      0x334 /Users/dciliske/nndk/lib/NetBurner.a(ucosmcfc.o)
                0x000000004000f608                OSTaskCreate
                0x000000004000f634                TopOfStackKillfunction
                0x000000004000f3d4                OSTaskCreatewName
                0x000000004000f30c                OSTCBInit
                0x000000004000f638                KillFunctionLink
 .text          0x000000004000f640      0x6a0 /Users/dciliske/nndk/lib/NetBurner.a(system.o)
                0x000000004000f9d8                UpdateConfigRecord_Num
                0x000000004000f694                RawGetConfig
                0x000000004000f640                isvalidcr
                0x000000004000fb9c                SetupDialog
                0x000000004000f750                ReadLine
                0x000000004000fb88                UpdateConfigRecord
                0x000000004000f6c0                GetValidConfig
                0x000000004000f924                IpQuestion
                0x000000004000f6e8                ShowChange
 .text          0x000000004000fce0      0xd08 /Users/dciliske/nndk/lib/NetBurner.a(utils.o)
                0x0000000040010750                fShowMac
                0x000000004000ff54                _Z9FancyDumpPhi
                0x0000000040010884                ShowCounters
                0x000000004000fd80                ValidIPv4
                0x000000004000fe9c                convertHexAsciiToBinary
                0x0000000040010114                ShowData
                0x00000000400107ac                snShowIP
                0x000000004000fce0                kill
                0x00000000400108ec                fShowCounters
                0x0000000040010710                fShowIP
                0x000000004000fcf0                _fini
                0x0000000040010080                ShowIP
                0x000000004000fcfc                AsciiToIp
                0x0000000040010964                sShowCounters
                0x0000000040010850                _Z14DiagMenuPickerih
                0x00000000400100bc                ShowMac
                0x000000004000fe04                convertBinaryToHexAscii
                0x000000004000ff3c                __builtin_delete
                0x000000004000fce8                _exit
                0x00000000400107f0                snShowMac
 .text          0x00000000400109e8     0x1aaa /Users/dciliske/nndk/lib/NetBurner.a(ip.o)
                0x0000000040010e38                _Z9FixUpICMPP5IPPKThhPht
                0x0000000040010ba8                _Z11IsMultiCastm
                0x00000000400117d8                _Z16FixHeaderAndSendP11pool_bufferP5IPPKT
                0x000000004001114c                _Z10DoIPPacketP11pool_bufferP6EFRAMEt
                0x0000000040010aa4                GetSum20
                0x0000000040011ad4                PingViaInterface
                0x00000000400110ec                _Z9SaveErrorP11pool_buffer
                0x000000004001145c                _Z12process_icmpP11pool_bufferP5IPPKTt
                0x0000000040010ce4                IpProcessEthernetPacket
                0x0000000040011310                _Z28FixHeaderAndSendViaInterfaceP11pool_bufferP5IPPKTi
                0x0000000040011d50                _Z12ShowIPBufferP11pool_buffer
                0x0000000040011938                _Z13SendICMPErrorP11pool_bufferhh
                0x0000000040010f50                _Z15InitializeStackmmmm
                0x0000000040010bf8                _Z7GetDataP5IPPKT
                0x0000000040011074                InitializeCStack
                0x0000000040011be4                Ping
                0x00000000400109e8                GetSum
                0x0000000040011080                _Z21GetMultiHomeInterfacemi
                0x0000000040011130                IsMyIp
                0x0000000040010ef4                _Z11IsBroadCastmi
                0x0000000040010ea0                KillStack
                0x0000000040010c24                _Z15PrepareIPOutputP11pool_buffermt
                0x0000000040010bc8                _Z15GetMultiAddressm
                0x0000000040011a0c                SendPing
                0x0000000040010adc                GetSumHdr
                0x0000000040010eac                _Z7IsLocalmi
                0x0000000040011c18                _Z19GetLocalIPInterfacem
                0x0000000040011c70                _Z12AddInterfacemmmi
                0x0000000040011578                _Z6IPTaskPv
 *fill*         0x0000000040012492        0x2 00
 .text          0x0000000040012494      0xeec /Users/dciliske/nndk/lib/NetBurner.a(buffers.o)
                0x0000000040012578                FreeBufferList
                0x0000000040012984                _ZN19fifo_buffer_storage4FullEv
                0x00000000400129cc                _ZN19fifo_buffer_storage7GetTailEv
                0x0000000040012a84                ShowBuffer
                0x0000000040012d68                _ZN19fifo_buffer_storage5ResetEh
                0x00000000400125a8                InitBuffers
                0x00000000400126d4                _ZN11buffer_list12InsertBeforeEP11pool_bufferS1_
                0x00000000400128ac                GetBuffer
                0x0000000040012a64                _ZN19fifo_buffer_storageC2Ehh
                0x000000004001296c                _ZN19fifo_buffer_storage5EmptyEv
                0x00000000400131c4                _ZN19fifo_buffer_storage12ReadDatawSumEPhiRm
                0x0000000040012958                _ZN19fifo_buffer_storage9SpaceUsedEv
                0x0000000040012494                _Z11ShowBuffersv
                0x00000000400124c0                _ZN11buffer_list10InsertHeadEP11pool_buffer
                0x0000000040012bb0                GetFreeCount
                0x00000000400124a4                IncUsageCount
                0x0000000040012a44                _ZN19fifo_buffer_storageC1Ehh
                0x0000000040012670                _ZN11buffer_list10InsertTailEP11pool_buffer
                0x0000000040012e28                _ZN19fifo_buffer_storageD2Ev
                0x0000000040012f18                _ZN19fifo_buffer_storage13SetMaxBuffersEh
                0x0000000040012c28                _ZN19fifo_buffer_storage8ReadDataEPhi
                0x00000000400129dc                _ZN19fifo_buffer_storage4InitEhh
                0x000000004001249c                _Z11DumpBuffersv
                0x0000000040012844                _ZN11buffer_list10RemoveHeadEv
                0x00000000400127bc                _ZN11buffer_list6RemoveEP11pool_buffer
                0x00000000400128f8                _ZN11buffer_list10RemoveTailEv
                0x0000000040012e3c                _ZN19fifo_buffer_storage14LongSpaceAvailEv
                0x0000000040012fa8                _ZN19fifo_buffer_storage9WriteDataEPhi
                0x0000000040012530                FreeBuffer
                0x0000000040012748                _ZN11buffer_list11InsertAfterEP11pool_bufferS1_
                0x0000000040012ef4                _ZN19fifo_buffer_storage10SpaceAvailEv
                0x0000000040012e14                _ZN19fifo_buffer_storageD1Ev
 .text          0x0000000040013380     0x1922 /Users/dciliske/nndk/lib/NetBurner.a(arp.o)
                0x00000000400140b4                _Z10FindAddArpm
                0x00000000400134dc                _Z17sendGratuitousArpi
                0x00000000400133a8                _Z8MacEqual6MACADRS_
                0x00000000400136e4                _Z13InitializeArpv
                0x000000004001378c                _Z7FindArpm
                0x00000000400139e8                _Z7SendArpP9ArpRecordi
                0x0000000040013698                _Z12GetInterfacem
                0x0000000040014998                _Z11AddCheckArpP6MACADRmi
                0x0000000040013408                _Z6SetMacP9ArpRecord6MACADRi
                0x0000000040013ef0                _Z15DeleteArpFromIpm
                0x0000000040013890                _Z15GetArpMacFromIpmR6MACADR
                0x00000000400144c0                _Z11RouteOutViaP6EFRAMEmP11pool_bufferi
                0x0000000040013944                _Z18GetProperInterfacem
                0x0000000040014004                _Z10FreeOneArpv
                0x0000000040014a24                _Z10processArpP11pool_bufferP6EFRAME
                0x00000000400134a0                _Z8NeedsArpi
                0x0000000040013b18                _Z10GetNextArpP9ArpRecord
                0x00000000400135ac                _Z10RawSendArpP9ArpRecordmi
                0x0000000040013f10                _Z6AgeArpv
                0x00000000400146e0                _Z8RouteOutP6EFRAMEmP11pool_buffer
                0x0000000040013be0                _Z7ShowArpv
                0x0000000040013d20                _Z9DeleteArpP9ArpRecord
                0x0000000040013b88                _Z11GetFirstArpv
                0x0000000040013a54                GetSrcIp
                0x0000000040014350                _Z24IsMyAddressUsedArpDetectti
                0x00000000400133a0                _Z7Cleanupv
                0x0000000040013380                _Z6IsNullP9ArpRecord
                0x0000000040013c74                _Z8fShowArpP7__sFILE
                0x00000000400138e8                _Z10AddPendingP6MACADRmi
 *fill*         0x0000000040014ca2        0x2 00
 .text          0x0000000040014ca4     0x149c /Users/dciliske/nndk/lib/NetBurner.a(udp.o)
                0x000000004001556c                _ZN9UDPPacket4SendEmh
                0x0000000040014dec                _ZN9UDPPacket18SetDestinationPortEt
                0x0000000040014eb0                _ZN9UDPPacket11GetPacketIdEv
                0x0000000040014efc                _ZN9UDPPacket16GetSourceAddressEv
                0x0000000040015d80                _ZN9UDPPacketC2Ev
                0x00000000400152a8                _ZN9UDPPacket11AddDataByteEh
                0x0000000040015684                _ZN9UDPPacket11SendAndKeepEmh
                0x0000000040014f20                _Z15RegisterUDPFifotP7os_fifo
                0x00000000400152f0                _ZN9UDPPacket7AddDataEPKc
                0x0000000040014d18                _ZN9UDPPacketC2EP11pool_buffer
                0x00000000400153b0                _ZN9UDPPacket16SendViaInterfaceEmih
                0x0000000040014e98                _ZN9UDPPacket11GetIpPacketEv
                0x00000000400154d8                _ZN9UDPPacket7SendViaEmmh
                0x00000000400156f4                _ZN9UDPPacketD2Ev
                0x0000000040014ca4                _Z13GetUdpFifoRect
                0x0000000040014e28                _ZN9UDPPacket13GetDataBufferEv
                0x0000000040014fe8                _Z25RegisterUDPFifoWithNotifytP7os_fifoPFvS0_tE
                0x0000000040014d64                _ZN9UDPPacketC1EP11pool_buffer
                0x0000000040014e5c                _ZNK9UDPPacket11GetDataSizeEv
                0x0000000040015760                _Z15ProcessIDPacketR9UDPPacketi
                0x00000000400152cc                _ZN9UDPPacket11AddDataWordEt
                0x0000000040015dc4                _Z11process_udpP11pool_bufferP5IPPKTt
                0x0000000040015320                _ZN9UDPPacket8ValidateEv
                0x0000000040014e08                _ZNK9UDPPacket18GetDestinationPortEv
                0x00000000400151fc                _ZN9UDPPacket7AddDataEPKht
                0x00000000400150b0                _Z17UnregisterUDPFifot
                0x0000000040016080                _ZN9UDPPacketC1EP7os_fifom
                0x0000000040014e3c                _ZN9UDPPacket11SetDataSizeEt
                0x0000000040015178                _Z15FixIDDataPacketR9UDPPacketP15_InterfaceBlock
                0x0000000040014e84                _ZN9UDPPacket9ResetDataEv
                0x00000000400156cc                _ZN9UDPPacketD1Ev
                0x00000000400160e0                _ZN9UDPPacketC2EP7os_fifom
                0x0000000040015518                _ZN9UDPPacket14SendAndKeepViaEmmh
                0x0000000040014db0                _ZN9UDPPacket13SetSourcePortEt
                0x0000000040014dcc                _ZNK9UDPPacket13GetSourcePortEv
                0x00000000400151d4                _Z15FixIDDataPacketR9UDPPacketi
                0x000000004001571c                _ZN9UDPPacketC1Ev
                0x0000000040014ed8                _ZN9UDPPacket21GetDestinationAddressEv
 .text          0x0000000040016140      0x71c /Users/dciliske/nndk/lib/NetBurner.a(autoip.o)
                0x000000004001637c                _ZN12AutoIPClientC1Ei
                0x000000004001625c                _ZN12AutoIPClient4stopEv
                0x00000000400166a8                _ZN12AutoIPClient8arpCheckEv
                0x00000000400161cc                _ZN12AutoIPClient11getNextTickEv
                0x0000000040016504                _ZN12AutoIPClient8announceEv
                0x0000000040016180                _ZN12AutoIPClient16addressCollisionEv
                0x00000000400161bc                _ZN12AutoIPClient8getStateEv
                0x00000000400165e0                _ZN12AutoIPClient8startArpEv
                0x0000000040016804                _ZN12AutoIPClient14staticTimeTickEv
                0x0000000040016140                _ZN12AutoIPClient5startEv
                0x00000000400163f8                _ZN12AutoIPClientC2Ei
                0x00000000400161dc                _ZN12AutoIPClient9tickDelayEi
                0x0000000040016204                _ZN12AutoIPClient9negotiateEv
                0x0000000040016548                _ZN12AutoIPClient6setRNGEv
                0x0000000040016318                _ZN12AutoIPClientD2Ev
                0x0000000040016794                _ZN12AutoIPClient8timeTickEv
                0x0000000040016294                _ZN12AutoIPClient7restartEv
                0x0000000040016474                _Z18AddAutoIPInterfacei
                0x00000000400162b4                _ZN12AutoIPClientD1Ev
                0x00000000400165a4                _ZN12AutoIPClient17generateNewIPAddrEv
 .text          0x000000004001685c     0x1f9c /Users/dciliske/nndk/lib/NetBurner.a(dhcpc.o)
                0x0000000040016ad0                _Z13CompareChaddrPhS_
                0x0000000040017150                _ZN10DhcpObjectC1Ei
                0x0000000040018364                _ZN10DhcpObject11RestartDHCPEv
                0x0000000040017008                _ZN10DhcpObject9StopBOOTPEv
                0x0000000040016ff4                _ZN10DhcpObject14StopProcessingEv
                0x0000000040016994                _ZN11DHCPMessage10ResetBytesEv
                0x00000000400169fc                _ZN11DHCPMessage12SetRandomXidEv
                0x000000004001706c                _ZN10DhcpObjectD1Ev
                0x00000000400187b8                _ZN10DhcpObject15staticDHCPTimerEv
                0x0000000040016ab4                _ZN11DHCPMessage13GetOptionDataEh
                0x000000004001868c                _ZN10DhcpObject9RenewDHCPEv
                0x0000000040017750                _ZN11DHCPMessage13SendServerMsgEmi
                0x00000000400172f8                _ZN11DHCPMessage15MsgForInterfaceEi
                0x0000000040017c74                _ZN10DhcpObject8StopDHCPEv
                0x0000000040017ff0                _Z29All_GetDHCPAddressIfNecessaryb
                0x0000000040017ecc                _ZN10DhcpObject16ReTransmitPacketEm
                0x00000000400170dc                _ZN10DhcpObject19UpdateIPRuntimeVarsEh
                0x0000000040017fc0                _ZN10DhcpObject9StartDHCPEv
                0x00000000400170c8                _Z22SetDHCPDiscoverSecondsm
                0x0000000040018618                _ZN10DhcpObject16staticDHCPPacketEP11pool_buffer
                0x0000000040016b60                _Z14AddDhcpOptionsR11DHCPMessageRi
                0x0000000040017ccc                _ZN10DhcpObject18CreateDhcpRenewMsgER11DHCPMessage
                0x000000004001692c                _ZN11DHCPMessage11CreateReplyEmm
                0x0000000040016b0c                _Z12ValidDhcpMsgPh
                0x0000000040017224                _ZN10DhcpObjectC2Ei
                0x0000000040017010                _ZN10DhcpObjectD2Ev
                0x0000000040016cb8                _ZN10DhcpObject10DhcpConfigER11DHCPMessage
                0x0000000040017b80                _ZN10DhcpObject20CreateDhcpReleaseMsgER11DHCPMessage
                0x0000000040016fc8                _ZN10DhcpObject25GetRemainingDhcpLeaseTimeEv
                0x0000000040016a38                _ZN11DHCPMessage13GetOptionDataEhRi
                0x00000000400182cc                _Z25GetDHCPAddressIfNecessaryib
                0x0000000040017330                _ZN11DHCPMessageC1EPh
                0x0000000040018390                _Z13__restartDHCPP10DhcpObject
                0x00000000400186b8                _ZN10DhcpObject9DHCPTimerEv
                0x000000004001685c                _ZN11DHCPMessageC2Ev
                0x00000000400181a8                _Z14GetDHCPAddressi
                0x0000000040017358                _ZN11DHCPMessageC2EPh
                0x0000000040016f9c                _ZN10DhcpObject12GetDHCPStateEv
                0x0000000040016c18                _ZN10DhcpObject11BootpConfigER11DHCPMessage
                0x0000000040017f94                _ZN10DhcpObject10StartBOOTPEv
                0x0000000040017838                _Z21CreateDhcpDiscoverMsgR11DHCPMessagei
                0x00000000400177c4                _ZN11DHCPMessage7SendMsgEmi
                0x000000004001695c                _ZN11DHCPMessage12ClearOptionsEv
                0x0000000040016fac                _ZN10DhcpObject14ValidDhcpLeaseEv
                0x0000000040018398                _ZN10DhcpObject10DHCPPacketEP11pool_buffer
                0x0000000040017a2c                _ZN10DhcpObject14CreateBootpMsgER11DHCPMessage
                0x0000000040017380                _Z20CreateDhcpRequestMsgR11DHCPMessageS0_i
                0x00000000400168c4                _ZN11DHCPMessageC1Ev
                0x0000000040018660                _ZN10DhcpObject10RebindDHCPEv
 .text          0x00000000400187f8        0x0 /Users/dciliske/nndk/lib/NetBurner.a(defappname.o)
 .text          0x00000000400187f8      0x5f8 /Users/dciliske/nndk/lib/NetBurner.a(taskmon.o)
                0x0000000040018d30                _Z17ProcessTaskPacketR9UDPPacketi
                0x00000000400187f8                _Z17EnableTaskMonitorv
                0x000000004001880c                _Z18BufferDumpTCBStateP6os_tcb
 .text          0x0000000040018df0      0x538 /Users/dciliske/nndk/lib/NetBurner.a(autoupdate.o)
                0x0000000040019278                _Z23ProcessAutoUpdatePacketR9UDPPacket
                0x0000000040018fac                _Z6DoDataR9UDPPacket
                0x0000000040018df0                EnableAutoUpdate
                0x0000000040018e04                _Z8DoRebootv
                0x0000000040018e34                _Z9DoExecuteR9UDPPacketi
                0x000000004001909c                _Z7DoStartR9UDPPacket
 .text          0x0000000040019328       0xea /Users/dciliske/nndk/lib/NetBurner.a(nbsiprintf.o)
                0x0000000040019328                sniprintf
                0x0000000040019384                _Z11putstrcharsPvPKci
                0x000000004001935c                siprintf
 *fill*         0x0000000040019412        0x2 00
 .text          0x0000000040019414       0x26 /Users/dciliske/nndk/lib/NetBurner.a(new_ops.o)
                0x0000000040019414                _Znwm
 *fill*         0x000000004001943a        0x2 00
 .text          0x000000004001943c       0xbc /Users/dciliske/nndk/lib/MOD5441X.a(localio.o)
                0x000000004001943c                GetUartRecord
                0x0000000040019480                GetDefUart
                0x0000000040019494                LocalInByte
                0x00000000400194b0                LocalOutByte
                0x00000000400194e4                LocalCharAvail
 .text          0x00000000400194f8     0x2202 /Users/dciliske/nndk/lib/MOD5441X.a(serial.o)
                0x0000000040019524                _Z6WakeTxi
                0x00000000400194f8                _Z11FdSerialMapi
                0x000000004001a840                SerialClose
                0x0000000040019b14                _Z14fake_SER_7_ISRv
                0x000000004001b5fc                real_SER_5_ISR
                0x000000004001a7cc                SendBreak
                0x000000004001b004                OpenSerial
                0x000000004001a304                GetUartErrorReg
                0x0000000040019888                _Z14fake_SER_0_ISRv
                0x0000000040019b6c                SER_8_ISR
                0x0000000040019930                real_SER_1_ISR
                0x000000004001b63c                real_SER_4_ISR
                0x000000004001a54c                _Z15fShowSerialDataP7__sFILE
                0x000000004001b53c                real_SER_8_ISR
                0x0000000040019a6c                _Z14fake_SER_5_ISRv
                0x0000000040019ac4                SER_6_ISR
                0x0000000040019970                _Z14fake_SER_2_ISRv
                0x000000004001a47c                SerialSendComplete
                0x0000000040019c10                SerialEnableTxFlow
                0x0000000040019c58                SerialEnableRxFlow
                0x000000004001b57c                real_SER_7_ISR
                0x00000000400195b8                _Z8DoSerIsri
                0x000000004001a068                Serial485HalfDupMode
                0x000000004001b67c                real_SER_3_ISR
                0x0000000040019bc0                SER_9_ISR
                0x00000000400199c8                SER_3_ISR
                0x0000000040019bbc                _Z14fake_SER_9_ISRv
                0x0000000040019a70                SER_5_ISR
                0x000000004001b4c0                real_SER_0_ISR
                0x0000000040019e94                SerialEnableHwRxFlow
                0x000000004001ab20                serread
                0x000000004001ae40                _Z11BasePutCharih
                0x000000004001ab3c                _Z11BaseGetChari
                0x000000004001b6bc                real_SER_2_ISR
                0x0000000040019a1c                SER_4_ISR
                0x00000000400198e0                SER_1_ISR
                0x000000004001a934                serreadwto
                0x000000004001af64                _Z14InitializeMapsv
                0x000000004001988c                SER_0_ISR
                0x000000004001ad44                serwriteaddress
                0x0000000040019b18                SER_7_ISR
                0x000000004001b4fc                real_SER_9_ISR
                0x000000004001abfc                serwrite
                0x000000004001a4fc                _Z20SerialExpandRxBufferii
                0x000000004001a910                serexternalclose
                0x0000000040019ac0                _Z14fake_SER_6_ISRv
                0x0000000040019974                SER_2_ISR
                0x0000000040019a18                _Z14fake_SER_4_ISRv
                0x0000000040019b68                _Z14fake_SER_8_ISRv
                0x00000000400198dc                _Z14fake_SER_1_ISRv
                0x00000000400199c4                _Z14fake_SER_3_ISRv
                0x000000004001b5bc                real_SER_6_ISR
                0x0000000040019ca4                SerialEnableHwTxFlow
 *fill*         0x000000004001b6fa        0x2 00
 .text          0x000000004001b6fc     0x255e /Users/dciliske/nndk/lib/MOD5441X.a(ethernet.o)
                0x000000004001c9f0                _Z20AddEthernetInterfacev
                0x000000004001ba10                _Z9StopEnet0v
                0x000000004001d034                _ZN12EthernetVars17EthTransmitBufferEP11pool_buffer
                0x000000004001bb6c                _Z9EtherLinkv
                0x000000004001d3b8                real_txenetisr0
                0x000000004001d8e4                real_txenetisr1
                0x000000004001d1f0                _ZN12EthernetVars9TxIsrProcERVmmm
                0x000000004001b7fc                txenetisr1
                0x000000004001baec                _Z13EtherSpeed100v
                0x000000004001c6e4                _ZN12EthernetVars18InitializeEthernetEiiR6MACADR
                0x000000004001b9bc                _ZN12EthernetVars8StopEnetEv
                0x000000004001bbac                _Z10EtherLink0v
                0x000000004001d1d8                _Z18EthTransmitBuffer0P11pool_buffer
                0x000000004001d664                _ZN12EthernetVars15ProcessRxBufferEP11pool_buffer
                0x000000004001d420                _ZN12EthernetVars9RxIsrProcERVmmm
                0x000000004001d94c                real_rxenetisr1
                0x000000004001b8d8                _ZN12EthernetVars6GetMIIEh
                0x000000004001c164                _ZN12EthernetVars9ResetEnetEv
                0x000000004001b700                rxenetisr0
                0x000000004001b990                _ZN12EthernetVars6SetMIIEht
                0x000000004001b754                txenetisr0
                0x000000004001b8fc                _ZN12EthernetVars6SetMIIEhht
                0x000000004001bc5c                _ZN12EthernetVars14ResetEnetPart2Ev
                0x000000004001ccf4                _Z9EnablePHYv
                0x000000004001cc38                _ZN12EthernetVars9EnablePHYEv
                0x000000004001cbc0                _ZN12EthernetVars20ManualEthernetConfigEhhh
                0x000000004001ba24                _ZN12EthernetVars10DisablePHYEv
                0x000000004001bc10                _Z13EthMultifunc06MACADRh
                0x000000004001d87c                real_rxenetisr0
                0x000000004001b84c                _ZN12EthernetVars6GetMIIEhh
                0x000000004001b750                _Z15fake_txenetisr0v
                0x000000004001cd08                _ZN12EthernetVars19ProcessDuplexStatusEt
                0x000000004001bad8                _Z10DisablePHYv
                0x000000004001cb14                _ZN12EthernetVars13WarmEnetResetEv
                0x000000004001d9b4                _Z17Ether_ProcessTaskPv
                0x000000004001bb2c                _Z11EtherDuplexv
                0x000000004001b7f8                _Z15fake_txenetisr1v
                0x000000004001b7a4                _Z15fake_rxenetisr1v
                0x000000004001b6fc                _Z15fake_rxenetisr0v
                0x000000004001b7a8                rxenetisr1
 *fill*         0x000000004001dc5a        0x2 00
 .text          0x000000004001dc5c      0xc80 /Users/dciliske/nndk/lib/MOD5441X.a(etherprint.o)
                0x000000004001e04c                _ZN12EthernetVars14ShowLinkStatusEv
                0x000000004001e8c8                _Z5denetv
                0x000000004001dc98                _Z16ShowESWRegistersv
                0x000000004001e120                _ZN12EthernetVars7ShowMIIEhhPKct
                0x000000004001e444                _ZN12EthernetVars16ShowFECRegistersEv
                0x000000004001e190                _ZN12EthernetVars13ShowPhyterMIIEv
                0x000000004001dc70                _ZN12EthernetVars13EtherSpeed100Ev
                0x000000004001dc5c                _ZN12EthernetVars9EtherLinkEv
                0x000000004001dc84                _ZN12EthernetVars11EtherDuplexEv
                0x000000004001e8b4                _Z5dEnetv
                0x000000004001e870                DoDumpEnet
                0x000000004001dfc0                _Z10showbinarytt
 .text          0x000000004001e8dc      0x2c8 /Users/dciliske/nndk/lib/MOD5441X.a(emulticast.o)
                0x000000004001e91c                _ZN12EthernetVars18EthEnableMulticastE6MACADR
                0x000000004001e8dc                _Z15GetMultiCastCRC6MACADR
                0x000000004001ea58                _ZN12EthernetVars19EthDisableMulticastE6MACADR
 .text          0x000000004001eba4      0x2aa /Users/dciliske/nndk/lib/MOD5441X.a(ether2nd.o)
                0x000000004001ee08                _Z10EtherLink1v
                0x000000004001ee38                _Z9StopEnet1v
                0x000000004001ede4                _Z18EthTransmitBuffer1P11pool_buffer
                0x000000004001eba4                _Z14Add2ndEthernetv
                0x000000004001ed98                _Z13EthMultifunc16MACADRh
 *fill*         0x000000004001ee4e        0x2 00
 .text          0x000000004001ee50      0x6d4 /Users/dciliske/nndk/lib/MOD5441X.a(etherswitch.o)
                0x000000004001f1b4                eswlrnisr
                0x000000004001f1b0                _Z14fake_eswlrnisrv
                0x000000004001ee80                _Z11SetMacEntrymmm
                0x000000004001f108                _Z17fake_rxeswitchisrv
                0x000000004001ef3c                _Z14UpdateMacTableblPhjj
                0x000000004001f47c                real_txeswitchisr
                0x000000004001eeec                _Z9crc8_calcPh
                0x000000004001eeac                _Z13ClearMacTablev
                0x000000004001f10c                rxeswitchisr
                0x000000004001f204                real_eswlrnisr
                0x000000004001f15c                _Z17fake_txeswitchisrv
                0x000000004001f284                _Z15EtherSwitchInitv
                0x000000004001f160                txeswitchisr
                0x000000004001ee50                _Z11GetMacEntrymPmS_
                0x000000004001f4d0                real_rxeswitchisr
 .text          0x000000004001f524        0x0 /Users/dciliske/nndk/lib/MOD5441X.a(weak_autoenet_var.o)
 .text          0x000000004001f524      0x2b0 /Users/dciliske/nndk/lib/NetBurner.a(extraio.o)
                0x000000004001f554                _Z11ExpandWriteiPKci
                0x000000004001f764                GetExtraInterface
                0x000000004001f5f0                GetExtraFDwIntf
                0x000000004001f584                _Z11ExpandClosei
                0x000000004001f5b4                _Z10InitExtrasv
                0x000000004001f69c                GetExtraFD
                0x000000004001f524                _Z10ExpandReadiPci
                0x000000004001f798                GetFreeExtraFDCount
                0x000000004001f6b4                FreeExtraFd
                0x000000004001f6f8                GetExtraData
                0x000000004001f72c                GetExtraExtraData
 .text          0x000000004001f7d4      0x1f2 /Users/dciliske/nndk/lib/NetBurner.a(netrx.o)
                0x000000004001f7d4                _Z7NetDoRXP11pool_bufferti
 *fill*         0x000000004001f9c6        0x2 00
 .text          0x000000004001f9c8      0x172 /Users/dciliske/nndk/lib/NetBurner.a(multiconfig.o)
                0x000000004001f9c8                _Z16SetupIFConfigRecR15_InterfaceBlock
 *fill*         0x000000004001fb3a        0x2 00
 .text          0x000000004001fb3c      0xba0 /Applications/NetBurner/gcc-m68k/bin/../lib/gcc/m68k-elf/4.2.1/m5206e/libgcc.a(_double.o)
                0x000000004002063a                __cmpdf2
                0x000000004001fb9c                __adddf3
                0x0000000040020504                __negdf2
                0x0000000040020214                __divdf3
                0x0000000040020562                __cmpdf2_internal
                0x0000000040020038                __muldf3
                0x000000004001fb96                __subdf3
 .text          0x00000000400206dc       0x74 /Applications/NetBurner/gcc-m68k/bin/../lib/gcc/m68k-elf/4.2.1/m5206e/libgcc.a(_floatex.o)
                0x00000000400206e8                $_exception_handler
                0x00000000400206dc                __clear_sticky_bit
 .text          0x0000000040020750       0x7a /Applications/NetBurner/gcc-m68k/bin/../lib/gcc/m68k-elf/4.2.1/m5206e/libgcc.a(_fixunsdfsi.o)
                0x0000000040020750                __fixunsdfsi
 *fill*         0x00000000400207ca        0x2 00
 .text          0x00000000400207cc      0x4f6 /Applications/NetBurner/gcc-m68k/bin/../lib/gcc/m68k-elf/4.2.1/m5206e/libgcc.a(_udivdi3.o)
                0x00000000400207cc                __udivdi3
 *fill*         0x0000000040020cc2        0x2 00
 .text          0x0000000040020cc4      0x4f8 /Applications/NetBurner/gcc-m68k/bin/../lib/gcc/m68k-elf/4.2.1/m5206e/libgcc.a(_umoddi3.o)
                0x0000000040020cc4                __umoddi3
 .text          0x00000000400211bc      0x49c /Applications/NetBurner/gcc-m68k/bin/../lib/gcc/m68k-elf/4.2.1/m5206e/libgcc.a(fpgnulib.o)
                0x000000004002163e                __fixsfsi
                0x0000000040021324                __floatsidf
                0x00000000400213fa                __extendsfdf2
                0x00000000400212b2                __floatunsidf
                0x00000000400215be                __fixdfsi
                0x00000000400213e0                __floatsisf
                0x0000000040021496                __truncdfsf2
                0x00000000400211bc                __unordsf2
                0x00000000400213c6                __floatunsisf
                0x000000004002121e                __unorddf2
 .text          0x0000000040021658       0x22 /Applications/NetBurner/gcc-m68k/bin/../lib/gcc/m68k-elf/4.2.1/m5206e/libgcc.a(_gedf2.o)
                0x0000000040021658                __gedf2
 *fill*         0x000000004002167a        0x2 00
 .text          0x000000004002167c        0x0 /Applications/NetBurner/gcc-m68k/bin/../lib/gcc/m68k-elf/4.2.1/m5206e/libgcc.a(_clz.o)
 .text          0x000000004002167c       0x1e /Applications/NetBurner/gcc-m68k/bin/../lib/gcc/m68k-elf/4.2.1/../../../../m68k-elf/lib/m5206e/libc.a(lib_a-cxa_atexit.o)
                0x000000004002167c                __cxa_atexit
 *fill*         0x000000004002169a        0x2 00
 .text          0x000000004002169c        0xe /Applications/NetBurner/gcc-m68k/bin/../lib/gcc/m68k-elf/4.2.1/../../../../m68k-elf/lib/m5206e/libc.a(lib_a-errno.o)
                0x000000004002169c                __errno
 *fill*         0x00000000400216aa        0x2 00
 .text          0x00000000400216ac       0x24 /Applications/NetBurner/gcc-m68k/bin/../lib/gcc/m68k-elf/4.2.1/../../../../m68k-elf/lib/m5206e/libc.a(lib_a-fiprintf.o)
                0x00000000400216ac                fiprintf
 .text          0x00000000400216d0        0x0 /Applications/NetBurner/gcc-m68k/bin/../lib/gcc/m68k-elf/4.2.1/../../../../m68k-elf/lib/m5206e/libc.a(lib_a-impure.o)
 .text          0x00000000400216d0       0x32 /Applications/NetBurner/gcc-m68k/bin/../lib/gcc/m68k-elf/4.2.1/../../../../m68k-elf/lib/m5206e/libc.a(lib_a-malloc.o)
                0x00000000400216ea                malloc
                0x00000000400216d0                free
 *fill*         0x0000000040021702        0x2 00
 .text          0x0000000040021704      0x78c /Applications/NetBurner/gcc-m68k/bin/../lib/gcc/m68k-elf/4.2.1/../../../../m68k-elf/lib/m5206e/libc.a(lib_a-mallocr.o)
                0x0000000040021704                _malloc_r
 .text          0x0000000040021e90       0x8a /Applications/NetBurner/gcc-m68k/bin/../lib/gcc/m68k-elf/4.2.1/../../../../m68k-elf/lib/m5206e/libc.a(lib_a-puts.o)
                0x0000000040021e90                _puts_r
                0x0000000040021f04                puts
 *fill*         0x0000000040021f1a        0x2 00
 .text          0x0000000040021f1c       0x6c /Applications/NetBurner/gcc-m68k/bin/../lib/gcc/m68k-elf/4.2.1/../../../../m68k-elf/lib/m5206e/libc.a(lib_a-rand.o)
                0x0000000040021f34                rand
                0x0000000040021f1c                srand
 .text          0x0000000040021f88       0x4e /Applications/NetBurner/gcc-m68k/bin/../lib/gcc/m68k-elf/4.2.1/../../../../m68k-elf/lib/m5206e/libc.a(lib_a-rget.o)
                0x0000000040021fc2                __srget
                0x0000000040021f88                __srget_r
 *fill*         0x0000000040021fd6        0x2 00
 .text          0x0000000040021fd8      0x1ee /Applications/NetBurner/gcc-m68k/bin/../lib/gcc/m68k-elf/4.2.1/../../../../m68k-elf/lib/m5206e/libc.a(lib_a-setvbuf.o)
                0x0000000040021fd8                setvbuf
 *fill*         0x00000000400221c6        0x2 00
 .text          0x00000000400221c8       0x1a /Applications/NetBurner/gcc-m68k/bin/../lib/gcc/m68k-elf/4.2.1/../../../../m68k-elf/lib/m5206e/libc.a(lib_a-strlen.o)
                0x00000000400221c8                strlen
 *fill*         0x00000000400221e2        0x2 00
 .text          0x00000000400221e4     0x1010 /Applications/NetBurner/gcc-m68k/bin/../lib/gcc/m68k-elf/4.2.1/../../../../m68k-elf/lib/m5206e/libc.a(lib_a-vfiprintf.o)
                0x00000000400231d6                vfiprintf
                0x0000000040022228                _vfiprintf_r
 .text          0x00000000400231f4      0x124 /Applications/NetBurner/gcc-m68k/bin/../lib/gcc/m68k-elf/4.2.1/../../../../m68k-elf/lib/m5206e/libc.a(lib_a-wbuf.o)
                0x00000000400231f4                __swbuf_r
                0x00000000400232fe                __swbuf
 .text          0x0000000040023318       0x7c /Applications/NetBurner/gcc-m68k/bin/../lib/gcc/m68k-elf/4.2.1/../../../../m68k-elf/lib/m5206e/libc.a(lib_a-wcrtomb.o)
                0x0000000040023318                _wcrtomb_r
                0x0000000040023378                wcrtomb
 .text          0x0000000040023394      0x130 /Applications/NetBurner/gcc-m68k/bin/../lib/gcc/m68k-elf/4.2.1/../../../../m68k-elf/lib/m5206e/libc.a(lib_a-wcsrtombs.o)
                0x0000000040023394                _wcsrtombs_r
                0x00000000400234a2                wcsrtombs
 .text          0x00000000400234c4      0x452 /Applications/NetBurner/gcc-m68k/bin/../lib/gcc/m68k-elf/4.2.1/../../../../m68k-elf/lib/m5206e/libc.a(lib_a-wctomb_r.o)
                0x00000000400234c4                _wctomb_r
 *fill*         0x0000000040023916        0x2 00
 .text          0x0000000040023918      0x130 /Applications/NetBurner/gcc-m68k/bin/../lib/gcc/m68k-elf/4.2.1/../../../../m68k-elf/lib/m5206e/libc.a(lib_a-wsetup.o)
                0x0000000040023918                __swsetup
 .text          0x0000000040023a48       0xe8 /Applications/NetBurner/gcc-m68k/bin/../lib/gcc/m68k-elf/4.2.1/../../../../m68k-elf/lib/m5206e/libc.a(lib_a-__atexit.o)
                0x0000000040023a48                __register_exitproc
 .text          0x0000000040023b30      0x198 /Applications/NetBurner/gcc-m68k/bin/../lib/gcc/m68k-elf/4.2.1/../../../../m68k-elf/lib/m5206e/libc.a(lib_a-fflush.o)
                0x0000000040023b30                fflush
 .text          0x0000000040023cc8      0x25e /Applications/NetBurner/gcc-m68k/bin/../lib/gcc/m68k-elf/4.2.1/../../../../m68k-elf/lib/m5206e/libc.a(lib_a-findfp.o)
                0x0000000040023d22                __sinit
                0x0000000040023dda                __sfmoreglue
                0x0000000040023dc8                _cleanup
                0x0000000040023dae                _cleanup_r
                0x0000000040023e48                __sfp
 *fill*         0x0000000040023f26        0x2 00
 .text          0x0000000040023f28      0x422 /Applications/NetBurner/gcc-m68k/bin/../lib/gcc/m68k-elf/4.2.1/../../../../m68k-elf/lib/m5206e/libc.a(lib_a-freer.o)
                0x0000000040024018                _free_r
                0x0000000040023f28                _malloc_trim_r
 *fill*         0x000000004002434a        0x2 00
 .text          0x000000004002434c      0x394 /Applications/NetBurner/gcc-m68k/bin/../lib/gcc/m68k-elf/4.2.1/../../../../m68k-elf/lib/m5206e/libc.a(lib_a-fvwrite.o)
                0x000000004002434c                __sfvwrite_r
 .text          0x00000000400246e0       0xe4 /Applications/NetBurner/gcc-m68k/bin/../lib/gcc/m68k-elf/4.2.1/../../../../m68k-elf/lib/m5206e/libc.a(lib_a-fwalk.o)
                0x00000000400246e0                _fwalk
                0x0000000040024750                _fwalk_reent
 .text          0x00000000400247c4       0xa6 /Applications/NetBurner/gcc-m68k/bin/../lib/gcc/m68k-elf/4.2.1/../../../../m68k-elf/lib/m5206e/libc.a(lib_a-locale.o)
                0x00000000400247f2                _setlocale_r
                0x00000000400247c4                __locale_charset
                0x00000000400247d2                _localeconv_r
                0x0000000040024852                setlocale
                0x00000000400247e0                localeconv
 *fill*         0x000000004002486a        0x2 00
 .text          0x000000004002486c      0x178 /Applications/NetBurner/gcc-m68k/bin/../lib/gcc/m68k-elf/4.2.1/../../../../m68k-elf/lib/m5206e/libc.a(lib_a-makebuf.o)
                0x000000004002486c                __smakebuf
 .text          0x00000000400249e4       0xd2 /Applications/NetBurner/gcc-m68k/bin/../lib/gcc/m68k-elf/4.2.1/../../../../m68k-elf/lib/m5206e/libc.a(lib_a-memchr.o)
                0x00000000400249e4                memchr
 *fill*         0x0000000040024ab6        0x2 00
 .text          0x0000000040024ab8       0xb6 /Applications/NetBurner/gcc-m68k/bin/../lib/gcc/m68k-elf/4.2.1/../../../../m68k-elf/lib/m5206e/libc.a(lib_a-memmove.o)
                0x0000000040024ab8                memmove
 *fill*         0x0000000040024b6e        0x2 00
 .text          0x0000000040024b70      0x4da /Applications/NetBurner/gcc-m68k/bin/../lib/gcc/m68k-elf/4.2.1/../../../../m68k-elf/lib/m5206e/libc.a(lib_a-reallocr.o)
                0x0000000040024b70                _realloc_r
 *fill*         0x000000004002504a        0x2 00
 .text          0x000000004002504c      0x21c /Applications/NetBurner/gcc-m68k/bin/../lib/gcc/m68k-elf/4.2.1/../../../../m68k-elf/lib/m5206e/libc.a(lib_a-refill.o)
                0x0000000040025070                __srefill_r
 .text          0x0000000040025268      0x162 /Applications/NetBurner/gcc-m68k/bin/../lib/gcc/m68k-elf/4.2.1/../../../../m68k-elf/lib/m5206e/libc.a(lib_a-stdio.o)
                0x0000000040025286                __sseek
                0x0000000040025378                __sread
                0x0000000040025268                __sclose
                0x00000000400252e8                __swrite
 *fill*         0x00000000400253ca        0x2 00
 .text          0x00000000400253cc       0x70 /Applications/NetBurner/gcc-m68k/bin/../lib/gcc/m68k-elf/4.2.1/../../../../m68k-elf/lib/m5206e/libc.a(lib_a-strcmp.o)
                0x00000000400253cc                strcmp
 .text          0x000000004002543c       0x3e /Applications/NetBurner/gcc-m68k/bin/../lib/gcc/m68k-elf/4.2.1/../../../../m68k-elf/lib/m5206e/libc.a(lib_a-writer.o)
                0x000000004002543c                _write_r
 *fill*         0x000000004002547a        0x2 00
 .text          0x000000004002547c       0x32 /Applications/NetBurner/gcc-m68k/bin/../lib/gcc/m68k-elf/4.2.1/../../../../m68k-elf/lib/m5206e/libc.a(lib_a-closer.o)
                0x000000004002547c                _close_r
 *fill*         0x00000000400254ae        0x2 00
 .text          0x00000000400254b0       0xfe /Applications/NetBurner/gcc-m68k/bin/../lib/gcc/m68k-elf/4.2.1/../../../../m68k-elf/lib/m5206e/libc.a(lib_a-fclose.o)
                0x00000000400254b0                _fclose_r
                0x0000000040025598                fclose
 *fill*         0x00000000400255ae        0x2 00
 .text          0x00000000400255b0       0x36 /Applications/NetBurner/gcc-m68k/bin/../lib/gcc/m68k-elf/4.2.1/../../../../m68k-elf/lib/m5206e/libc.a(lib_a-fstatr.o)
                0x00000000400255b0                _fstat_r
 *fill*         0x00000000400255e6        0x2 00
 .text          0x00000000400255e8       0x3e /Applications/NetBurner/gcc-m68k/bin/../lib/gcc/m68k-elf/4.2.1/../../../../m68k-elf/lib/m5206e/libc.a(lib_a-lseekr.o)
                0x00000000400255e8                _lseek_r
 *fill*         0x0000000040025626        0x2 00
 .text          0x0000000040025628       0x3e /Applications/NetBurner/gcc-m68k/bin/../lib/gcc/m68k-elf/4.2.1/../../../../m68k-elf/lib/m5206e/libc.a(lib_a-readr.o)
                0x0000000040025628                _read_r
 *fill*         0x0000000040025666        0x2 00
 .text          0x0000000040025668       0x72 /Applications/NetBurner/gcc-m68k/bin/../lib/gcc/m68k-elf/4.2.1/m5206e/libgcc.a(_muldi3.o)
                0x0000000040025668                __muldi3
 *fill*         0x00000000400256da        0x2 00
 .text          0x00000000400256dc       0x32 /Applications/NetBurner/gcc-m68k/bin/../lib/gcc/m68k-elf/4.2.1/m5206e/crtend.o
                0x0000000040025710                . = ALIGN (0x10)
 *fill*         0x000000004002570e        0x2 00
 *(.text.*)
                0x0000000040025710                . = ALIGN (0x10)
 *(.eh_frame)
 .eh_frame      0x0000000040025710        0x0 /Applications/NetBurner/gcc-m68k/bin/../lib/gcc/m68k-elf/4.2.1/m5206e/crtbegin.o
 .eh_frame      0x0000000040025710       0x40 /Applications/NetBurner/gcc-m68k/bin/../lib/gcc/m68k-elf/4.2.1/m5206e/libgcc.a(_udivdi3.o)
 .eh_frame      0x0000000040025750       0x2c /Applications/NetBurner/gcc-m68k/bin/../lib/gcc/m68k-elf/4.2.1/m5206e/libgcc.a(_umoddi3.o)
                                         0x40 (size before relaxing)
 .eh_frame      0x000000004002577c        0x4 /Applications/NetBurner/gcc-m68k/bin/../lib/gcc/m68k-elf/4.2.1/m5206e/crtend.o
                0x0000000040025780                . = ALIGN (0x10)
 *fill*         0x0000000040025780        0x0 00
 *(.gnu.linkonce.t.*)
                0x0000000040025780                . = ALIGN (0x4)
                0x0000000040025780                __CTOR_LIST__ = .
 *(.ctors)
 .ctors         0x0000000040025780        0x4 /Applications/NetBurner/gcc-m68k/bin/../lib/gcc/m68k-elf/4.2.1/m5206e/crtbegin.o
 .ctors         0x0000000040025784        0x4 ./main.o
 .ctors         0x0000000040025788        0x4 /Users/dciliske/nndk/lib/NetBurner.a(tcp.o)
 .ctors         0x000000004002578c        0x4 /Users/dciliske/nndk/lib/NetBurner.a(ip.o)
 .ctors         0x0000000040025790        0x4 /Users/dciliske/nndk/lib/NetBurner.a(buffers.o)
 .ctors         0x0000000040025794        0x4 /Users/dciliske/nndk/lib/MOD5441X.a(serial.o)
 .ctors         0x0000000040025798        0x4 /Applications/NetBurner/gcc-m68k/bin/../lib/gcc/m68k-elf/4.2.1/m5206e/crtend.o
                0x000000004002579c                __CTOR_END__ = .
                0x000000004002579c        0x4 LONG 0x0
                0x00000000400257a0                __CTOR_END__ = .
                0x00000000400257a0                __DTOR_LIST__ = .
                0x00000000400257a0                ___DTOR_LIST__ = .
                0x00000000400257a0        0x4 LONG 0x2 (((__DTOR_END__ - __DTOR_LIST__) / 0x4) - 0x2)
 *(.dtors)
 .dtors         0x00000000400257a4        0x4 /Applications/NetBurner/gcc-m68k/bin/../lib/gcc/m68k-elf/4.2.1/m5206e/crtbegin.o
 .dtors         0x00000000400257a8        0x4 /Applications/NetBurner/gcc-m68k/bin/../lib/gcc/m68k-elf/4.2.1/m5206e/crtend.o
                0x00000000400257ac        0x4 LONG 0x0
                0x00000000400257b0                __DTOR_END__ = .
 *(.rodata)
 .rodata        0x00000000400257b0        0xf ./main.o
 .rodata        0x00000000400257bf      0x108 /Users/dciliske/nndk/lib/NetBurner.a(ucos.o)
                0x00000000400257c7                FAKE_OSUnMapTbl
                0x00000000400257bf                FAKE_OSMapTbl
 .rodata        0x00000000400258c7        0xd /Users/dciliske/nndk/lib/NetBurner.a(tcp.o)
 .rodata        0x00000000400258d4       0x26 /Users/dciliske/nndk/lib/NetBurner.a(release_tagdata.o)
                0x00000000400258d8                rtag_array
                0x00000000400258d4                rtag_len
 .rodata        0x00000000400258fa       0xb8 /Users/dciliske/nndk/lib/NetBurner.a(utils.o)
 *fill*         0x00000000400259b2        0xe 00
 .rodata        0x00000000400259c0        0x4 /Users/dciliske/nndk/lib/NetBurner.a(buffers.o)
 .rodata        0x00000000400259c4        0x2 /Users/dciliske/nndk/lib/NetBurner.a(udp.o)
 .rodata        0x00000000400259c6       0x50 /Users/dciliske/nndk/lib/MOD5441X.a(serial.o)
 .rodata        0x0000000040025a16      0x400 /Users/dciliske/nndk/lib/MOD5441X.a(emulticast.o)
 .rodata        0x0000000040025e16        0x1 /Users/dciliske/nndk/lib/MOD5441X.a(weak_autoenet_var.o)
                0x0000000040025e16                bAutomatic2ndEther
 .rodata        0x0000000040025e17      0x100 /Applications/NetBurner/gcc-m68k/bin/../lib/gcc/m68k-elf/4.2.1/m5206e/libgcc.a(_clz.o)
                0x0000000040025e17                __clz_tab
 *fill*         0x0000000040025f17        0x1 00
 .rodata        0x0000000040025f18        0x4 /Applications/NetBurner/gcc-m68k/bin/../lib/gcc/m68k-elf/4.2.1/../../../../m68k-elf/lib/m5206e/libc.a(lib_a-impure.o)
                0x0000000040025f18                _global_impure_ptr
 .rodata        0x0000000040025f1c       0x20 /Applications/NetBurner/gcc-m68k/bin/../lib/gcc/m68k-elf/4.2.1/../../../../m68k-elf/lib/m5206e/libc.a(lib_a-vfiprintf.o)
 .rodata        0x0000000040025f3c       0x34 /Applications/NetBurner/gcc-m68k/bin/../lib/gcc/m68k-elf/4.2.1/../../../../m68k-elf/lib/m5206e/libc.a(lib_a-locale.o)
 *(.rodata.*)
 .rodata.str1.1
                0x0000000040025f70       0x30 ./main.o
 .rodata.str1.1
                0x0000000040025fa0        0x9 ./stepper.o
 .rodata.str1.1
                0x0000000040025fa9        0x9 /Users/dciliske/nndk/lib/MOD5441X.a(bsp.o)
 .rodata.str1.1
                0x0000000040025fb2       0xed /Users/dciliske/nndk/lib/NetBurner.a(ucos.o)
 .rodata.str1.1
                0x000000004002609f      0x167 /Users/dciliske/nndk/lib/NetBurner.a(ucosmain.o)
                                        0x169 (size before relaxing)
 .rodata.str1.1
                0x0000000040026206        0x3 /Users/dciliske/nndk/lib/NetBurner.a(fileio.o)
                                          0x6 (size before relaxing)
 .rodata.str1.1
                0x0000000040026209        0x5 /Users/dciliske/nndk/lib/NetBurner.a(main.o)
 .rodata.str1.1
                0x000000004002620e      0x38f /Users/dciliske/nndk/lib/NetBurner.a(tcp.o)
                                        0x392 (size before relaxing)
 .rodata.str1.1
                0x000000004002659d      0x529 /Users/dciliske/nndk/lib/NetBurner.a(smarttrap.o)
                                        0x540 (size before relaxing)
 .rodata.str1.1
                0x0000000040026ac6       0x37 /Users/dciliske/nndk/lib/NetBurner.a(nbiprintf.o)
                                         0x41 (size before relaxing)
 .rodata.str1.1
                0x0000000040026afd       0xc9 /Users/dciliske/nndk/lib/NetBurner.a(system.o)
                                         0xcd (size before relaxing)
 .rodata.str1.1
                0x0000000040026bc6      0x177 /Users/dciliske/nndk/lib/NetBurner.a(utils.o)
                                        0x17b (size before relaxing)
 .rodata.str1.1
                0x0000000040026d3d      0x212 /Users/dciliske/nndk/lib/NetBurner.a(ip.o)
                                        0x217 (size before relaxing)
 .rodata.str1.1
                0x0000000040026f4f       0x68 /Users/dciliske/nndk/lib/NetBurner.a(buffers.o)
                                         0x70 (size before relaxing)
 .rodata.str1.1
                0x0000000040026fb7       0x50 /Users/dciliske/nndk/lib/NetBurner.a(arp.o)
 .rodata.str1.1
                0x0000000040027007       0x18 /Users/dciliske/nndk/lib/NetBurner.a(udp.o)
 .rodata.str1.1
                0x000000004002701f       0x16 /Users/dciliske/nndk/lib/NetBurner.a(dhcpc.o)
                                         0x21 (size before relaxing)
 .rodata.str1.1
                0x0000000040027035        0x8 /Users/dciliske/nndk/lib/NetBurner.a(defappname.o)
 .rodata.str1.1
                0x000000004002703d       0x84 /Users/dciliske/nndk/lib/NetBurner.a(taskmon.o)
                                         0xb9 (size before relaxing)
 .rodata.str1.1
                0x00000000400270c1      0x15a /Users/dciliske/nndk/lib/MOD5441X.a(serial.o)
 .rodata.str1.1
                0x000000004002721b        0xe /Users/dciliske/nndk/lib/MOD5441X.a(ethernet.o)
 .rodata.str1.1
                0x0000000040027229      0x44e /Users/dciliske/nndk/lib/MOD5441X.a(etherprint.o)
                                        0x497 (size before relaxing)
 .rodata.str1.1
                0x0000000040027677        0xa /Users/dciliske/nndk/lib/MOD5441X.a(ether2nd.o)
 .rodata.str1.1
                0x0000000040027681        0x2 /Applications/NetBurner/gcc-m68k/bin/../lib/gcc/m68k-elf/4.2.1/../../../../m68k-elf/lib/m5206e/libc.a(lib_a-impure.o)
 .rodata.str1.1
                0x0000000000000000        0x2 /Applications/NetBurner/gcc-m68k/bin/../lib/gcc/m68k-elf/4.2.1/../../../../m68k-elf/lib/m5206e/libc.a(lib_a-puts.o)
 .rodata.str1.1
                0x0000000040027683       0x3c /Applications/NetBurner/gcc-m68k/bin/../lib/gcc/m68k-elf/4.2.1/../../../../m68k-elf/lib/m5206e/libc.a(lib_a-vfiprintf.o)
                                         0x43 (size before relaxing)
 .rodata.str1.1
                0x00000000400276bf       0x1d /Applications/NetBurner/gcc-m68k/bin/../lib/gcc/m68k-elf/4.2.1/../../../../m68k-elf/lib/m5206e/libc.a(lib_a-wctomb_r.o)
 .rodata.str1.1
                0x00000000400276dc        0xb /Applications/NetBurner/gcc-m68k/bin/../lib/gcc/m68k-elf/4.2.1/../../../../m68k-elf/lib/m5206e/libc.a(lib_a-locale.o)
                                         0x10 (size before relaxing)
 *(.gnu.linkonce.*)
 *(.gcc_except_table)
                0x00000000400276e8                . = ALIGN (0x4)
 *fill*         0x00000000400276e7        0x1 00
                0x00000000400276e8                __INIT_SECTION__ = .
                0x00000000400276e8        0x4 LONG 0x4e560000
 *(.init)
 .init          0x00000000400276ec        0x6 /Applications/NetBurner/gcc-m68k/bin/../lib/gcc/m68k-elf/4.2.1/m5206e/crtbegin.o
 .init          0x00000000400276f2        0x6 /Applications/NetBurner/gcc-m68k/bin/../lib/gcc/m68k-elf/4.2.1/m5206e/crtend.o
                0x00000000400276f8        0x2 SHORT 0x4e5e
                0x00000000400276fa        0x2 SHORT 0x4e75
                0x00000000400276fc                . = ALIGN (0x4)
                0x00000000400276fc                __FINI_SECTION__ = .
                0x00000000400276fc        0x4 LONG 0x4e560000
 *(.fini)
 .fini          0x0000000040027700        0x6 /Applications/NetBurner/gcc-m68k/bin/../lib/gcc/m68k-elf/4.2.1/m5206e/crtbegin.o
                0x0000000040027706        0x2 SHORT 0x4e5e
                0x0000000040027708        0x2 SHORT 0x4e75
 *(.lit)
                0x0000000040027710                . = ALIGN (0x10)
 *fill*         0x000000004002770a        0x6 00
                0x0000000040027710                _etext = .
                0x0000000040027710                etext = .

.data           0x0000000040027710      0x874
                0x0000000040027710                copy_start = .
 *(.shdata)
 *(.data)
 .data          0x0000000040027710        0x4 /Applications/NetBurner/gcc-m68k/bin/../lib/gcc/m68k-elf/4.2.1/../../../../m68k-elf/lib/m5206e/nb-crt0.o
 .data          0x0000000040027714        0x8 /Applications/NetBurner/gcc-m68k/bin/../lib/gcc/m68k-elf/4.2.1/m5206e/crtbegin.o
                0x0000000040027714                __dso_handle
 .data          0x000000004002771c       0x16 ./main.o
                0x000000004002771c                stepper
 *fill*         0x0000000040027732        0x2 00
 .data          0x0000000040027734        0x0 ./stepper.o
 .data          0x0000000040027734        0x4 /Users/dciliske/nndk/lib/MOD5441X.a(bsp.o)
                0x0000000040027734                PlatformName
 .data          0x0000000040027738        0x0 /Users/dciliske/nndk/lib/MOD5441X.a(flash.o)
 .data          0x0000000040027738        0x0 /Users/dciliske/nndk/lib/MOD5441X.a(pins.o)
 .data          0x0000000040027738        0x0 /Users/dciliske/nndk/lib/NetBurner.a(ucosmcfa.o)
 .data          0x0000000040027738        0x0 /Users/dciliske/nndk/lib/NetBurner.a(software_init.o)
 .data          0x0000000040027738        0x0 /Users/dciliske/nndk/lib/NetBurner.a(ucos.o)
 .data          0x0000000040027738        0x0 /Users/dciliske/nndk/lib/NetBurner.a(debugtrap.o)
 .data          0x0000000040027738        0x0 /Users/dciliske/nndk/lib/NetBurner.a(ucosmain.o)
 .data          0x0000000040027738        0x0 /Users/dciliske/nndk/lib/NetBurner.a(fileio.o)
 .data          0x0000000040027738        0x0 /Users/dciliske/nndk/lib/NetBurner.a(main.o)
 .data          0x0000000040027738        0x0 /Users/dciliske/nndk/lib/NetBurner.a(tcp.o)
 .data          0x0000000040027738        0x0 /Users/dciliske/nndk/lib/NetBurner.a(iosys.o)
 .data          0x0000000040027738        0x0 /Users/dciliske/nndk/lib/NetBurner.a(netinterface.o)
 .data          0x0000000040027738        0x0 /Users/dciliske/nndk/lib/NetBurner.a(smarttrap.o)
 .data          0x0000000040027738        0x0 /Users/dciliske/nndk/lib/NetBurner.a(device.o)
 .data          0x0000000040027738        0x0 /Users/dciliske/nndk/lib/NetBurner.a(release_tag.o)
 .data          0x0000000040027738        0x0 /Users/dciliske/nndk/lib/NetBurner.a(release_tagdata.o)
 .data          0x0000000040027738        0x0 /Users/dciliske/nndk/lib/NetBurner.a(init.o)
 .data          0x0000000040027738        0x8 /Users/dciliske/nndk/lib/NetBurner.a(nbiprintf.o)
                0x000000004002773c                k_zeros
                0x0000000040027738                k_spaces
 .data          0x0000000040027740        0x0 /Users/dciliske/nndk/lib/NetBurner.a(ucosmcfc.o)
 .data          0x0000000040027740        0x0 /Users/dciliske/nndk/lib/NetBurner.a(system.o)
 .data          0x0000000040027740        0x0 /Users/dciliske/nndk/lib/NetBurner.a(utils.o)
 .data          0x0000000040027740        0x0 /Users/dciliske/nndk/lib/NetBurner.a(ip.o)
 .data          0x0000000040027740        0x0 /Users/dciliske/nndk/lib/NetBurner.a(buffers.o)
 .data          0x0000000040027740        0x0 /Users/dciliske/nndk/lib/NetBurner.a(arp.o)
 .data          0x0000000040027740        0x0 /Users/dciliske/nndk/lib/NetBurner.a(udp.o)
 .data          0x0000000040027740        0x0 /Users/dciliske/nndk/lib/NetBurner.a(autoip.o)
 .data          0x0000000040027740        0x0 /Users/dciliske/nndk/lib/NetBurner.a(dhcpc.o)
 .data          0x0000000040027740        0x4 /Users/dciliske/nndk/lib/NetBurner.a(defappname.o)
                0x0000000040027740                AppName
 .data          0x0000000040027744        0x0 /Users/dciliske/nndk/lib/NetBurner.a(taskmon.o)
 .data          0x0000000040027744        0x0 /Users/dciliske/nndk/lib/NetBurner.a(autoupdate.o)
 .data          0x0000000040027744        0x0 /Users/dciliske/nndk/lib/NetBurner.a(nbsiprintf.o)
 .data          0x0000000040027744        0x0 /Users/dciliske/nndk/lib/NetBurner.a(new_ops.o)
 .data          0x0000000040027744        0x0 /Users/dciliske/nndk/lib/MOD5441X.a(localio.o)
 .data          0x0000000040027744        0x0 /Users/dciliske/nndk/lib/MOD5441X.a(serial.o)
 .data          0x0000000040027744        0x2 /Users/dciliske/nndk/lib/MOD5441X.a(ethernet.o)
                0x0000000040027744                wait
 *fill*         0x0000000040027746        0x2 00
 .data          0x0000000040027748        0x0 /Users/dciliske/nndk/lib/MOD5441X.a(etherprint.o)
 .data          0x0000000040027748        0x0 /Users/dciliske/nndk/lib/MOD5441X.a(emulticast.o)